02:37:59 **** Build of configuration Debug for project Matrix_7_Segment ****
make -j24 all 
arm-none-eabi-gcc "../Drivers/STM32F4xx_HAL_Driver/Src/stm32f4xx_hal.c" -mcpu=cortex-m4 -std=gnu11 -g3 -DDEBUG -DUSE_HAL_DRIVER -DSTM32F407xx -c -I../Core/Inc -I../Drivers/STM32F4xx_HAL_Driver/Inc -I../Drivers/STM32F4xx_HAL_Driver/Inc/Legacy -I../Drivers/CMSIS/Device/ST/STM32F4xx/Include -I../Drivers/CMSIS/Include -O0 -ffunction-sections -fdata-sections -Wall -fstack-usage -fcyclomatic-complexity -MMD -MP -MF"Drivers/STM32F4xx_HAL_Driver/Src/stm32f4xx_hal.d" -MT"Drivers/STM32F4xx_HAL_Driver/Src/stm32f4xx_hal.o" --specs=nano.specs -mfpu=fpv4-sp-d16 -mfloat-abi=hard -mthumb -o "Drivers/STM32F4xx_HAL_Driver/Src/stm32f4xx_hal.o"
arm-none-eabi-gcc "../Drivers/STM32F4xx_HAL_Driver/Src/stm32f4xx_hal_cortex.c" -mcpu=cortex-m4 -std=gnu11 -g3 -DDEBUG -DUSE_HAL_DRIVER -DSTM32F407xx -c -I../Core/Inc -I../Drivers/STM32F4xx_HAL_Driver/Inc -I../Drivers/STM32F4xx_HAL_Driver/Inc/Legacy -I../Drivers/CMSIS/Device/ST/STM32F4xx/Include -I../Drivers/CMSIS/Include -O0 -ffunction-sections -fdata-sections -Wall -fstack-usage -fcyclomatic-complexity -MMD -MP -MF"Drivers/STM32F4xx_HAL_Driver/Src/stm32f4xx_hal_cortex.d" -MT"Drivers/STM32F4xx_HAL_Driver/Src/stm32f4xx_hal_cortex.o" --specs=nano.specs -mfpu=fpv4-sp-d16 -mfloat-abi=hard -mthumb -o "Drivers/STM32F4xx_HAL_Driver/Src/stm32f4xx_hal_cortex.o"
arm-none-eabi-gcc "../Drivers/STM32F4xx_HAL_Driver/Src/stm32f4xx_hal_dma.c" -mcpu=cortex-m4 -std=gnu11 -g3 -DDEBUG -DUSE_HAL_DRIVER -DSTM32F407xx -c -I../Core/Inc -I../Drivers/STM32F4xx_HAL_Driver/Inc -I../Drivers/STM32F4xx_HAL_Driver/Inc/Legacy -I../Drivers/CMSIS/Device/ST/STM32F4xx/Include -I../Drivers/CMSIS/Include -O0 -ffunction-sections -fdata-sections -Wall -fstack-usage -fcyclomatic-complexity -MMD -MP -MF"Drivers/STM32F4xx_HAL_Driver/Src/stm32f4xx_hal_dma.d" -MT"Drivers/STM32F4xx_HAL_Driver/Src/stm32f4xx_hal_dma.o" --specs=nano.specs -mfpu=fpv4-sp-d16 -mfloat-abi=hard -mthumb -o "Drivers/STM32F4xx_HAL_Driver/Src/stm32f4xx_hal_dma.o"
arm-none-eabi-gcc "../Drivers/STM32F4xx_HAL_Driver/Src/stm32f4xx_hal_dma_ex.c" -mcpu=cortex-m4 -std=gnu11 -g3 -DDEBUG -DUSE_HAL_DRIVER -DSTM32F407xx -c -I../Core/Inc -I../Drivers/STM32F4xx_HAL_Driver/Inc -I../Drivers/STM32F4xx_HAL_Driver/Inc/Legacy -I../Drivers/CMSIS/Device/ST/STM32F4xx/Include -I../Drivers/CMSIS/Include -O0 -ffunction-sections -fdata-sections -Wall -fstack-usage -fcyclomatic-complexity -MMD -MP -MF"Drivers/STM32F4xx_HAL_Driver/Src/stm32f4xx_hal_dma_ex.d" -MT"Drivers/STM32F4xx_HAL_Driver/Src/stm32f4xx_hal_dma_ex.o" --specs=nano.specs -mfpu=fpv4-sp-d16 -mfloat-abi=hard -mthumb -o "Drivers/STM32F4xx_HAL_Driver/Src/stm32f4xx_hal_dma_ex.o"
arm-none-eabi-gcc "../Drivers/STM32F4xx_HAL_Driver/Src/stm32f4xx_hal_exti.c" -mcpu=cortex-m4 -std=gnu11 -g3 -DDEBUG -DUSE_HAL_DRIVER -DSTM32F407xx -c -I../Core/Inc -I../Drivers/STM32F4xx_HAL_Driver/Inc -I../Drivers/STM32F4xx_HAL_Driver/Inc/Legacy -I../Drivers/CMSIS/Device/ST/STM32F4xx/Include -I../Drivers/CMSIS/Include -O0 -ffunction-sections -fdata-sections -Wall -fstack-usage -fcyclomatic-complexity -MMD -MP -MF"Drivers/STM32F4xx_HAL_Driver/Src/stm32f4xx_hal_exti.d" -MT"Drivers/STM32F4xx_HAL_Driver/Src/stm32f4xx_hal_exti.o" --specs=nano.specs -mfpu=fpv4-sp-d16 -mfloat-abi=hard -mthumb -o "Drivers/STM32F4xx_HAL_Driver/Src/stm32f4xx_hal_exti.o"
arm-none-eabi-gcc "../Drivers/STM32F4xx_HAL_Driver/Src/stm32f4xx_hal_flash.c" -mcpu=cortex-m4 -std=gnu11 -g3 -DDEBUG -DUSE_HAL_DRIVER -DSTM32F407xx -c -I../Core/Inc -I../Drivers/STM32F4xx_HAL_Driver/Inc -I../Drivers/STM32F4xx_HAL_Driver/Inc/Legacy -I../Drivers/CMSIS/Device/ST/STM32F4xx/Include -I../Drivers/CMSIS/Include -O0 -ffunction-sections -fdata-sections -Wall -fstack-usage -fcyclomatic-complexity -MMD -MP -MF"Drivers/STM32F4xx_HAL_Driver/Src/stm32f4xx_hal_flash.d" -MT"Drivers/STM32F4xx_HAL_Driver/Src/stm32f4xx_hal_flash.o" --specs=nano.specs -mfpu=fpv4-sp-d16 -mfloat-abi=hard -mthumb -o "Drivers/STM32F4xx_HAL_Driver/Src/stm32f4xx_hal_flash.o"
arm-none-eabi-gcc "../Drivers/STM32F4xx_HAL_Driver/Src/stm32f4xx_hal_flash_ex.c" -mcpu=cortex-m4 -std=gnu11 -g3 -DDEBUG -DUSE_HAL_DRIVER -DSTM32F407xx -c -I../Core/Inc -I../Drivers/STM32F4xx_HAL_Driver/Inc -I../Drivers/STM32F4xx_HAL_Driver/Inc/Legacy -I../Drivers/CMSIS/Device/ST/STM32F4xx/Include -I../Drivers/CMSIS/Include -O0 -ffunction-sections -fdata-sections -Wall -fstack-usage -fcyclomatic-complexity -MMD -MP -MF"Drivers/STM32F4xx_HAL_Driver/Src/stm32f4xx_hal_flash_ex.d" -MT"Drivers/STM32F4xx_HAL_Driver/Src/stm32f4xx_hal_flash_ex.o" --specs=nano.specs -mfpu=fpv4-sp-d16 -mfloat-abi=hard -mthumb -o "Drivers/STM32F4xx_HAL_Driver/Src/stm32f4xx_hal_flash_ex.o"
arm-none-eabi-gcc "../Drivers/STM32F4xx_HAL_Driver/Src/stm32f4xx_hal_flash_ramfunc.c" -mcpu=cortex-m4 -std=gnu11 -g3 -DDEBUG -DUSE_HAL_DRIVER -DSTM32F407xx -c -I../Core/Inc -I../Drivers/STM32F4xx_HAL_Driver/Inc -I../Drivers/STM32F4xx_HAL_Driver/Inc/Legacy -I../Drivers/CMSIS/Device/ST/STM32F4xx/Include -I../Drivers/CMSIS/Include -O0 -ffunction-sections -fdata-sections -Wall -fstack-usage -fcyclomatic-complexity -MMD -MP -MF"Drivers/STM32F4xx_HAL_Driver/Src/stm32f4xx_hal_flash_ramfunc.d" -MT"Drivers/STM32F4xx_HAL_Driver/Src/stm32f4xx_hal_flash_ramfunc.o" --specs=nano.specs -mfpu=fpv4-sp-d16 -mfloat-abi=hard -mthumb -o "Drivers/STM32F4xx_HAL_Driver/Src/stm32f4xx_hal_flash_ramfunc.o"
arm-none-eabi-gcc "../Drivers/STM32F4xx_HAL_Driver/Src/stm32f4xx_hal_gpio.c" -mcpu=cortex-m4 -std=gnu11 -g3 -DDEBUG -DUSE_HAL_DRIVER -DSTM32F407xx -c -I../Core/Inc -I../Drivers/STM32F4xx_HAL_Driver/Inc -I../Drivers/STM32F4xx_HAL_Driver/Inc/Legacy -I../Drivers/CMSIS/Device/ST/STM32F4xx/Include -I../Drivers/CMSIS/Include -O0 -ffunction-sections -fdata-sections -Wall -fstack-usage -fcyclomatic-complexity -MMD -MP -MF"Drivers/STM32F4xx_HAL_Driver/Src/stm32f4xx_hal_gpio.d" -MT"Drivers/STM32F4xx_HAL_Driver/Src/stm32f4xx_hal_gpio.o" --specs=nano.specs -mfpu=fpv4-sp-d16 -mfloat-abi=hard -mthumb -o "Drivers/STM32F4xx_HAL_Driver/Src/stm32f4xx_hal_gpio.o"
arm-none-eabi-gcc "../Drivers/STM32F4xx_HAL_Driver/Src/stm32f4xx_hal_pwr.c" -mcpu=cortex-m4 -std=gnu11 -g3 -DDEBUG -DUSE_HAL_DRIVER -DSTM32F407xx -c -I../Core/Inc -I../Drivers/STM32F4xx_HAL_Driver/Inc -I../Drivers/STM32F4xx_HAL_Driver/Inc/Legacy -I../Drivers/CMSIS/Device/ST/STM32F4xx/Include -I../Drivers/CMSIS/Include -O0 -ffunction-sections -fdata-sections -Wall -fstack-usage -fcyclomatic-complexity -MMD -MP -MF"Drivers/STM32F4xx_HAL_Driver/Src/stm32f4xx_hal_pwr.d" -MT"Drivers/STM32F4xx_HAL_Driver/Src/stm32f4xx_hal_pwr.o" --specs=nano.specs -mfpu=fpv4-sp-d16 -mfloat-abi=hard -mthumb -o "Drivers/STM32F4xx_HAL_Driver/Src/stm32f4xx_hal_pwr.o"
arm-none-eabi-gcc "../Drivers/STM32F4xx_HAL_Driver/Src/stm32f4xx_hal_pwr_ex.c" -mcpu=cortex-m4 -std=gnu11 -g3 -DDEBUG -DUSE_HAL_DRIVER -DSTM32F407xx -c -I../Core/Inc -I../Drivers/STM32F4xx_HAL_Driver/Inc -I../Drivers/STM32F4xx_HAL_Driver/Inc/Legacy -I../Drivers/CMSIS/Device/ST/STM32F4xx/Include -I../Drivers/CMSIS/Include -O0 -ffunction-sections -fdata-sections -Wall -fstack-usage -fcyclomatic-complexity -MMD -MP -MF"Drivers/STM32F4xx_HAL_Driver/Src/stm32f4xx_hal_pwr_ex.d" -MT"Drivers/STM32F4xx_HAL_Driver/Src/stm32f4xx_hal_pwr_ex.o" --specs=nano.specs -mfpu=fpv4-sp-d16 -mfloat-abi=hard -mthumb -o "Drivers/STM32F4xx_HAL_Driver/Src/stm32f4xx_hal_pwr_ex.o"
arm-none-eabi-gcc "../Drivers/STM32F4xx_HAL_Driver/Src/stm32f4xx_hal_rcc.c" -mcpu=cortex-m4 -std=gnu11 -g3 -DDEBUG -DUSE_HAL_DRIVER -DSTM32F407xx -c -I../Core/Inc -I../Drivers/STM32F4xx_HAL_Driver/Inc -I../Drivers/STM32F4xx_HAL_Driver/Inc/Legacy -I../Drivers/CMSIS/Device/ST/STM32F4xx/Include -I../Drivers/CMSIS/Include -O0 -ffunction-sections -fdata-sections -Wall -fstack-usage -fcyclomatic-complexity -MMD -MP -MF"Drivers/STM32F4xx_HAL_Driver/Src/stm32f4xx_hal_rcc.d" -MT"Drivers/STM32F4xx_HAL_Driver/Src/stm32f4xx_hal_rcc.o" --specs=nano.specs -mfpu=fpv4-sp-d16 -mfloat-abi=hard -mthumb -o "Drivers/STM32F4xx_HAL_Driver/Src/stm32f4xx_hal_rcc.o"
arm-none-eabi-gcc "../Drivers/STM32F4xx_HAL_Driver/Src/stm32f4xx_hal_rcc_ex.c" -mcpu=cortex-m4 -std=gnu11 -g3 -DDEBUG -DUSE_HAL_DRIVER -DSTM32F407xx -c -I../Core/Inc -I../Drivers/STM32F4xx_HAL_Driver/Inc -I../Drivers/STM32F4xx_HAL_Driver/Inc/Legacy -I../Drivers/CMSIS/Device/ST/STM32F4xx/Include -I../Drivers/CMSIS/Include -O0 -ffunction-sections -fdata-sections -Wall -fstack-usage -fcyclomatic-complexity -MMD -MP -MF"Drivers/STM32F4xx_HAL_Driver/Src/stm32f4xx_hal_rcc_ex.d" -MT"Drivers/STM32F4xx_HAL_Driver/Src/stm32f4xx_hal_rcc_ex.o" --specs=nano.specs -mfpu=fpv4-sp-d16 -mfloat-abi=hard -mthumb -o "Drivers/STM32F4xx_HAL_Driver/Src/stm32f4xx_hal_rcc_ex.o"
arm-none-eabi-gcc -mcpu=cortex-m4 -g3 -DDEBUG -c -x assembler-with-cpp -MMD -MP -MF"Core/Startup/startup_stm32f407vgtx.d" -MT"Core/Startup/startup_stm32f407vgtx.o" --specs=nano.specs -mfpu=fpv4-sp-d16 -mfloat-abi=hard -mthumb -o "Core/Startup/startup_stm32f407vgtx.o" "../Core/Startup/startup_stm32f407vgtx.s"
arm-none-eabi-gcc "../Core/Src/main.c" -mcpu=cortex-m4 -std=gnu11 -g3 -DDEBUG -DUSE_HAL_DRIVER -DSTM32F407xx -c -I../Core/Inc -I../Drivers/STM32F4xx_HAL_Driver/Inc -I../Drivers/STM32F4xx_HAL_Driver/Inc/Legacy -I../Drivers/CMSIS/Device/ST/STM32F4xx/Include -I../Drivers/CMSIS/Include -O0 -ffunction-sections -fdata-sections -Wall -fstack-usage -fcyclomatic-complexity -MMD -MP -MF"Core/Src/main.d" -MT"Core/Src/main.o" --specs=nano.specs -mfpu=fpv4-sp-d16 -mfloat-abi=hard -mthumb -o "Core/Src/main.o"
arm-none-eabi-gcc "../Core/Src/stm32f4xx_hal_msp.c" -mcpu=cortex-m4 -std=gnu11 -g3 -DDEBUG -DUSE_HAL_DRIVER -DSTM32F407xx -c -I../Core/Inc -I../Drivers/STM32F4xx_HAL_Driver/Inc -I../Drivers/STM32F4xx_HAL_Driver/Inc/Legacy -I../Drivers/CMSIS/Device/ST/STM32F4xx/Include -I../Drivers/CMSIS/Include -O0 -ffunction-sections -fdata-sections -Wall -fstack-usage -fcyclomatic-complexity -MMD -MP -MF"Core/Src/stm32f4xx_hal_msp.d" -MT"Core/Src/stm32f4xx_hal_msp.o" --specs=nano.specs -mfpu=fpv4-sp-d16 -mfloat-abi=hard -mthumb -o "Core/Src/stm32f4xx_hal_msp.o"
arm-none-eabi-gcc "../Core/Src/stm32f4xx_it.c" -mcpu=cortex-m4 -std=gnu11 -g3 -DDEBUG -DUSE_HAL_DRIVER -DSTM32F407xx -c -I../Core/Inc -I../Drivers/STM32F4xx_HAL_Driver/Inc -I../Drivers/STM32F4xx_HAL_Driver/Inc/Legacy -I../Drivers/CMSIS/Device/ST/STM32F4xx/Include -I../Drivers/CMSIS/Include -O0 -ffunction-sections -fdata-sections -Wall -fstack-usage -fcyclomatic-complexity -MMD -MP -MF"Core/Src/stm32f4xx_it.d" -MT"Core/Src/stm32f4xx_it.o" --specs=nano.specs -mfpu=fpv4-sp-d16 -mfloat-abi=hard -mthumb -o "Core/Src/stm32f4xx_it.o"
arm-none-eabi-gcc "../Core/Src/syscalls.c" -mcpu=cortex-m4 -std=gnu11 -g3 -DDEBUG -DUSE_HAL_DRIVER -DSTM32F407xx -c -I../Core/Inc -I../Drivers/STM32F4xx_HAL_Driver/Inc -I../Drivers/STM32F4xx_HAL_Driver/Inc/Legacy -I../Drivers/CMSIS/Device/ST/STM32F4xx/Include -I../Drivers/CMSIS/Include -O0 -ffunction-sections -fdata-sections -Wall -fstack-usage -fcyclomatic-complexity -MMD -MP -MF"Core/Src/syscalls.d" -MT"Core/Src/syscalls.o" --specs=nano.specs -mfpu=fpv4-sp-d16 -mfloat-abi=hard -mthumb -o "Core/Src/syscalls.o"
arm-none-eabi-gcc "../Core/Src/sysmem.c" -mcpu=cortex-m4 -std=gnu11 -g3 -DDEBUG -DUSE_HAL_DRIVER -DSTM32F407xx -c -I../Core/Inc -I../Drivers/STM32F4xx_HAL_Driver/Inc -I../Drivers/STM32F4xx_HAL_Driver/Inc/Legacy -I../Drivers/CMSIS/Device/ST/STM32F4xx/Include -I../Drivers/CMSIS/Include -O0 -ffunction-sections -fdata-sections -Wall -fstack-usage -fcyclomatic-complexity -MMD -MP -MF"Core/Src/sysmem.d" -MT"Core/Src/sysmem.o" --specs=nano.specs -mfpu=fpv4-sp-d16 -mfloat-abi=hard -mthumb -o "Core/Src/sysmem.o"
arm-none-eabi-gcc "../Core/Src/system_stm32f4xx.c" -mcpu=cortex-m4 -std=gnu11 -g3 -DDEBUG -DUSE_HAL_DRIVER -DSTM32F407xx -c -I../Core/Inc -I../Drivers/STM32F4xx_HAL_Driver/Inc -I../Drivers/STM32F4xx_HAL_Driver/Inc/Legacy -I../Drivers/CMSIS/Device/ST/STM32F4xx/Include -I../Drivers/CMSIS/Include -O0 -ffunction-sections -fdata-sections -Wall -fstack-usage -fcyclomatic-complexity -MMD -MP -MF"Core/Src/system_stm32f4xx.d" -MT"Core/Src/system_stm32f4xx.o" --specs=nano.specs -mfpu=fpv4-sp-d16 -mfloat-abi=hard -mthumb -o "Core/Src/system_stm32f4xx.o"
arm-none-eabi-gcc -o "Matrix_7_Segment.elf" @"objects.list"   -mcpu=cortex-m4 -T"D:\Project\STM32_PROJECT\Matrix_7_Segment\Matrix_7_Segment\STM32F407VGTX_FLASH.ld" --specs=nosys.specs -Wl,-Map="Matrix_7_Segment.map" -Wl,--gc-sections -static --specs=nano.specs -mfpu=fpv4-sp-d16 -mfloat-abi=hard -mthumb -Wl,--start-group -lc -lm -Wl,--end-group
Finished building target: Matrix_7_Segment.elf
 
arm-none-eabi-size  Matrix_7_Segment.elf 
arm-none-eabi-objdump -h -S Matrix_7_Segment.elf  > "Matrix_7_Segment.list"
   text	   data	    bss	    dec	    hex	filename
   6028	     12	   1572	   7612	   1dbc	Matrix_7_Segment.elf
Finished building: default.size.stdout
 
Finished building: Matrix_7_Segment.list
 
02:38:44 **** Incremental Build of configuration Debug for project Matrix_7_Segment ****
make -j24 all 
arm-none-eabi-gcc -o "Matrix_7_Segment.elf" @"objects.list"   -mcpu=cortex-m4 -T"D:\Project\STM32_PROJECT\Matrix_7_Segment\Matrix_7_Segment\STM32F407VGTX_FLASH.ld" --specs=nosys.specs -Wl,-Map="Matrix_7_Segment.map" -Wl,--gc-sections -static --specs=nano.specs -mfpu=fpv4-sp-d16 -mfloat-abi=hard -mthumb -Wl,--start-group -lc -lm -Wl,--end-group
Finished building target: Matrix_7_Segment.elf
 
arm-none-eabi-size  Matrix_7_Segment.elf 
arm-none-eabi-objdump -h -S Matrix_7_Segment.elf  > "Matrix_7_Segment.list"
   text	   data	    bss	    dec	    hex	filename
   6028	     12	   1572	   7612	   1dbc	Matrix_7_Segment.elf
arm-none-eabi-objcopy  -O ihex Matrix_7_Segment.elf  "Matrix_7_Segment.hex"
Finished building: default.size.stdout
arm-none-eabi-objcopy  -O binary Matrix_7_Segment.elf  "Matrix_7_Segment.bin"
 
Finished building: Matrix_7_Segment.hex
Finished building: Matrix_7_Segment.bin
 
Finished building: Matrix_7_Segment.list
 
 
02:43:43 **** Incremental Build of configuration Debug for project Matrix_7_Segment ****
make -j24 all 
arm-none-eabi-gcc "../Core/Src/main.c" -mcpu=cortex-m4 -std=gnu11 -g3 -DDEBUG -DUSE_HAL_DRIVER -DSTM32F407xx -c -I../Core/Inc -I../Drivers/STM32F4xx_HAL_Driver/Inc -I../Drivers/STM32F4xx_HAL_Driver/Inc/Legacy -I../Drivers/CMSIS/Device/ST/STM32F4xx/Include -I../Drivers/CMSIS/Include -O0 -ffunction-sections -fdata-sections -Wall -fstack-usage -fcyclomatic-complexity -MMD -MP -MF"Core/Src/main.d" -MT"Core/Src/main.o" --specs=nano.specs -mfpu=fpv4-sp-d16 -mfloat-abi=hard -mthumb -o "Core/Src/main.o"
arm-none-eabi-gcc -o "Matrix_7_Segment.elf" @"objects.list"   -mcpu=cortex-m4 -T"D:\Project\STM32_PROJECT\Matrix_7_Segment\Matrix_7_Segment\STM32F407VGTX_FLASH.ld" --specs=nosys.specs -Wl,-Map="Matrix_7_Segment.map" -Wl,--gc-sections -static --specs=nano.specs -mfpu=fpv4-sp-d16 -mfloat-abi=hard -mthumb -Wl,--start-group -lc -lm -Wl,--end-group
Finished building target: Matrix_7_Segment.elf
 
arm-none-eabi-size  Matrix_7_Segment.elf 
arm-none-eabi-objdump -h -S Matrix_7_Segment.elf  > "Matrix_7_Segment.list"
   text	   data	    bss	    dec	    hex	filename
   5936	     12	   1572	   7520	   1d60	Matrix_7_Segment.elf
arm-none-eabi-objcopy  -O ihex Matrix_7_Segment.elf  "Matrix_7_Segment.hex"
Finished building: default.size.stdout
arm-none-eabi-objcopy  -O binary Matrix_7_Segment.elf  "Matrix_7_Segment.bin"
 
Finished building: Matrix_7_Segment.hex
Finished building: Matrix_7_Segment.bin
 
Finished building: Matrix_7_Segment.list
 
 
03:09:30 **** Incremental Build of configuration Debug for project Matrix_7_Segment ****
make -j24 all 
arm-none-eabi-gcc "../Core/Src/main.c" -mcpu=cortex-m4 -std=gnu11 -g3 -DDEBUG -DUSE_HAL_DRIVER -DSTM32F407xx -c -I../Core/Inc -I../Drivers/STM32F4xx_HAL_Driver/Inc -I../Drivers/STM32F4xx_HAL_Driver/Inc/Legacy -I../Drivers/CMSIS/Device/ST/STM32F4xx/Include -I../Drivers/CMSIS/Include -O0 -ffunction-sections -fdata-sections -Wall -fstack-usage -fcyclomatic-complexity -MMD -MP -MF"Core/Src/main.d" -MT"Core/Src/main.o" --specs=nano.specs -mfpu=fpv4-sp-d16 -mfloat-abi=hard -mthumb -o "Core/Src/main.o"
arm-none-eabi-gcc -o "Matrix_7_Segment.elf" @"objects.list"   -mcpu=cortex-m4 -T"D:\Project\STM32_PROJECT\Matrix_7_Segment\Matrix_7_Segment\STM32F407VGTX_FLASH.ld" --specs=nosys.specs -Wl,-Map="Matrix_7_Segment.map" -Wl,--gc-sections -static --specs=nano.specs -mfpu=fpv4-sp-d16 -mfloat-abi=hard -mthumb -Wl,--start-group -lc -lm -Wl,--end-group
Finished building target: Matrix_7_Segment.elf
 
arm-none-eabi-size  Matrix_7_Segment.elf 
arm-none-eabi-objdump -h -S Matrix_7_Segment.elf  > "Matrix_7_Segment.list"
arm-none-eabi-objcopy  -O ihex Matrix_7_Segment.elf  "Matrix_7_Segment.hex"
   text	   data	    bss	    dec	    hex	filename
   6268	     12	   1572	   7852	   1eac	Matrix_7_Segment.elf
arm-none-eabi-objcopy  -O binary Matrix_7_Segment.elf  "Matrix_7_Segment.bin"
Finished building: default.size.stdout
 
Finished building: Matrix_7_Segment.hex
Finished building: Matrix_7_Segment.bin
 
 
Finished building: Matrix_7_Segment.list
 
03:12:12 **** Incremental Build of configuration Debug for project Matrix_7_Segment ****
make -j24 all 
arm-none-eabi-gcc "../Core/Src/main.c" -mcpu=cortex-m4 -std=gnu11 -g3 -DDEBUG -DUSE_HAL_DRIVER -DSTM32F407xx -c -I../Core/Inc -I../Drivers/STM32F4xx_HAL_Driver/Inc -I../Drivers/STM32F4xx_HAL_Driver/Inc/Legacy -I../Drivers/CMSIS/Device/ST/STM32F4xx/Include -I../Drivers/CMSIS/Include -O0 -ffunction-sections -fdata-sections -Wall -fstack-usage -fcyclomatic-complexity -MMD -MP -MF"Core/Src/main.d" -MT"Core/Src/main.o" --specs=nano.specs -mfpu=fpv4-sp-d16 -mfloat-abi=hard -mthumb -o "Core/Src/main.o"
arm-none-eabi-gcc -o "Matrix_7_Segment.elf" @"objects.list"   -mcpu=cortex-m4 -T"D:\Project\STM32_PROJECT\Matrix_7_Segment\Matrix_7_Segment\STM32F407VGTX_FLASH.ld" --specs=nosys.specs -Wl,-Map="Matrix_7_Segment.map" -Wl,--gc-sections -static --specs=nano.specs -mfpu=fpv4-sp-d16 -mfloat-abi=hard -mthumb -Wl,--start-group -lc -lm -Wl,--end-group
Finished building target: Matrix_7_Segment.elf
 
arm-none-eabi-size  Matrix_7_Segment.elf 
arm-none-eabi-objdump -h -S Matrix_7_Segment.elf  > "Matrix_7_Segment.list"
   text	   data	    bss	    dec	    hex	filename
   6316	     12	   1572	   7900	   1edc	Matrix_7_Segment.elf
arm-none-eabi-objcopy  -O ihex Matrix_7_Segment.elf  "Matrix_7_Segment.hex"
arm-none-eabi-objcopy  -O binary Matrix_7_Segment.elf  "Matrix_7_Segment.bin"
Finished building: default.size.stdout
 
Finished building: Matrix_7_Segment.hex
Finished building: Matrix_7_Segment.bin
 
Finished building: Matrix_7_Segment.list
 
 
03:13:42 **** Incremental Build of configuration Debug for project Matrix_7_Segment ****
make -j24 all 
arm-none-eabi-gcc "../Core/Src/main.c" -mcpu=cortex-m4 -std=gnu11 -g3 -DDEBUG -DUSE_HAL_DRIVER -DSTM32F407xx -c -I../Core/Inc -I../Drivers/STM32F4xx_HAL_Driver/Inc -I../Drivers/STM32F4xx_HAL_Driver/Inc/Legacy -I../Drivers/CMSIS/Device/ST/STM32F4xx/Include -I../Drivers/CMSIS/Include -O0 -ffunction-sections -fdata-sections -Wall -fstack-usage -fcyclomatic-complexity -MMD -MP -MF"Core/Src/main.d" -MT"Core/Src/main.o" --specs=nano.specs -mfpu=fpv4-sp-d16 -mfloat-abi=hard -mthumb -o "Core/Src/main.o"
arm-none-eabi-gcc -o "Matrix_7_Segment.elf" @"objects.list"   -mcpu=cortex-m4 -T"D:\Project\STM32_PROJECT\Matrix_7_Segment\Matrix_7_Segment\STM32F407VGTX_FLASH.ld" --specs=nosys.specs -Wl,-Map="Matrix_7_Segment.map" -Wl,--gc-sections -static --specs=nano.specs -mfpu=fpv4-sp-d16 -mfloat-abi=hard -mthumb -Wl,--start-group -lc -lm -Wl,--end-group
Finished building target: Matrix_7_Segment.elf
 
arm-none-eabi-size  Matrix_7_Segment.elf 
arm-none-eabi-objdump -h -S Matrix_7_Segment.elf  > "Matrix_7_Segment.list"
   text	   data	    bss	    dec	    hex	filename
   6276	     12	   1572	   7860	   1eb4	Matrix_7_Segment.elf
arm-none-eabi-objcopy  -O ihex Matrix_7_Segment.elf  "Matrix_7_Segment.hex"
Finished building: default.size.stdout
arm-none-eabi-objcopy  -O binary Matrix_7_Segment.elf  "Matrix_7_Segment.bin"
 
Finished building: Matrix_7_Segment.hex
Finished building: Matrix_7_Segment.bin
Finished building: Matrix_7_Segment.list
 
 
 
03:23:01 **** Incremental Build of configuration Debug for project Matrix_7_Segment ****
make -j24 all 
arm-none-eabi-gcc "../Core/Src/main.c" -mcpu=cortex-m4 -std=gnu11 -g3 -DDEBUG -DUSE_HAL_DRIVER -DSTM32F407xx -c -I../Core/Inc -I../Drivers/STM32F4xx_HAL_Driver/Inc -I../Drivers/STM32F4xx_HAL_Driver/Inc/Legacy -I../Drivers/CMSIS/Device/ST/STM32F4xx/Include -I../Drivers/CMSIS/Include -O0 -ffunction-sections -fdata-sections -Wall -fstack-usage -fcyclomatic-complexity -MMD -MP -MF"Core/Src/main.d" -MT"Core/Src/main.o" --specs=nano.specs -mfpu=fpv4-sp-d16 -mfloat-abi=hard -mthumb -o "Core/Src/main.o"
In file included from ../Core/Inc/stm32f4xx_hal_conf.h:279,
                 from ../Drivers/STM32F4xx_HAL_Driver/Inc/stm32f4xx_hal.h:29,
                 from ../Core/Inc/main.h:30,
                 from ../Core/Src/main.c:20:
../Core/Src/main.c: In function 'main':
../Drivers/STM32F4xx_HAL_Driver/Inc/stm32f4xx_hal_gpio.h:93:36: warning: passing argument 1 of 'HAL_GPIO_ReadPin' makes pointer from integer without a cast [-Wint-conversion]
   93 | #define GPIO_PIN_8                 ((uint16_t)0x0100)  /* Pin 8 selected    */
      |                                    ^~~~~~~~~~~~~~~~~~
      |                                    |
      |                                    short unsigned int
../Core/Src/main.c:149:33: note: in expansion of macro 'GPIO_PIN_8'
  149 |           if ((HAL_GPIO_ReadPin(GPIO_PIN_8) == GPIO_PIN_RESET) && (HAL_GPIO_ReadPin(GPIO_PIN_12) == GPIO_PIN_RESET)){  // PD8 is LOW
      |                                 ^~~~~~~~~~
../Drivers/STM32F4xx_HAL_Driver/Inc/stm32f4xx_hal_gpio.h:234:46: note: expected 'GPIO_TypeDef *' but argument is of type 'short unsigned int'
  234 | GPIO_PinState HAL_GPIO_ReadPin(GPIO_TypeDef* GPIOx, uint16_t GPIO_Pin);
      |                                ~~~~~~~~~~~~~~^~~~~
../Core/Src/main.c:149:16: error: too few arguments to function 'HAL_GPIO_ReadPin'
  149 |           if ((HAL_GPIO_ReadPin(GPIO_PIN_8) == GPIO_PIN_RESET) && (HAL_GPIO_ReadPin(GPIO_PIN_12) == GPIO_PIN_RESET)){  // PD8 is LOW
      |                ^~~~~~~~~~~~~~~~
../Drivers/STM32F4xx_HAL_Driver/Inc/stm32f4xx_hal_gpio.h:234:15: note: declared here
  234 | GPIO_PinState HAL_GPIO_ReadPin(GPIO_TypeDef* GPIOx, uint16_t GPIO_Pin);
      |               ^~~~~~~~~~~~~~~~
../Drivers/STM32F4xx_HAL_Driver/Inc/stm32f4xx_hal_gpio.h:97:36: warning: passing argument 1 of 'HAL_GPIO_ReadPin' makes pointer from integer without a cast [-Wint-conversion]
   97 | #define GPIO_PIN_12                ((uint16_t)0x1000)  /* Pin 12 selected   */
      |                                    ^~~~~~~~~~~~~~~~~~
      |                                    |
      |                                    short unsigned int
../Core/Src/main.c:149:85: note: in expansion of macro 'GPIO_PIN_12'
  149 |           if ((HAL_GPIO_ReadPin(GPIO_PIN_8) == GPIO_PIN_RESET) && (HAL_GPIO_ReadPin(GPIO_PIN_12) == GPIO_PIN_RESET)){  // PD8 is LOW
      |                                                                                     ^~~~~~~~~~~
../Drivers/STM32F4xx_HAL_Driver/Inc/stm32f4xx_hal_gpio.h:234:46: note: expected 'GPIO_TypeDef *' but argument is of type 'short unsigned int'
  234 | GPIO_PinState HAL_GPIO_ReadPin(GPIO_TypeDef* GPIOx, uint16_t GPIO_Pin);
      |                                ~~~~~~~~~~~~~~^~~~~
../Core/Src/main.c:149:68: error: too few arguments to function 'HAL_GPIO_ReadPin'
  149 |           if ((HAL_GPIO_ReadPin(GPIO_PIN_8) == GPIO_PIN_RESET) && (HAL_GPIO_ReadPin(GPIO_PIN_12) == GPIO_PIN_RESET)){  // PD8 is LOW
      |                                                                    ^~~~~~~~~~~~~~~~
../Drivers/STM32F4xx_HAL_Driver/Inc/stm32f4xx_hal_gpio.h:234:15: note: declared here
  234 | GPIO_PinState HAL_GPIO_ReadPin(GPIO_TypeDef* GPIOx, uint16_t GPIO_Pin);
      |               ^~~~~~~~~~~~~~~~
make: *** [Core/Src/subdir.mk:34: Core/Src/main.o] Error 1
"make -j24 all" terminated with exit code 2. Build might be incomplete.
03:23:41 **** Incremental Build of configuration Debug for project Matrix_7_Segment ****
make -j24 all 
arm-none-eabi-gcc "../Core/Src/main.c" -mcpu=cortex-m4 -std=gnu11 -g3 -DDEBUG -DUSE_HAL_DRIVER -DSTM32F407xx -c -I../Core/Inc -I../Drivers/STM32F4xx_HAL_Driver/Inc -I../Drivers/STM32F4xx_HAL_Driver/Inc/Legacy -I../Drivers/CMSIS/Device/ST/STM32F4xx/Include -I../Drivers/CMSIS/Include -O0 -ffunction-sections -fdata-sections -Wall -fstack-usage -fcyclomatic-complexity -MMD -MP -MF"Core/Src/main.d" -MT"Core/Src/main.o" --specs=nano.specs -mfpu=fpv4-sp-d16 -mfloat-abi=hard -mthumb -o "Core/Src/main.o"
arm-none-eabi-gcc -o "Matrix_7_Segment.elf" @"objects.list"   -mcpu=cortex-m4 -T"D:\Project\STM32_PROJECT\Matrix_7_Segment\Matrix_7_Segment\STM32F407VGTX_FLASH.ld" --specs=nosys.specs -Wl,-Map="Matrix_7_Segment.map" -Wl,--gc-sections -static --specs=nano.specs -mfpu=fpv4-sp-d16 -mfloat-abi=hard -mthumb -Wl,--start-group -lc -lm -Wl,--end-group
Finished building target: Matrix_7_Segment.elf
 
arm-none-eabi-size  Matrix_7_Segment.elf 
arm-none-eabi-objdump -h -S Matrix_7_Segment.elf  > "Matrix_7_Segment.list"
   text	   data	    bss	    dec	    hex	filename
   6412	     12	   1572	   7996	   1f3c	Matrix_7_Segment.elf
arm-none-eabi-objcopy  -O ihex Matrix_7_Segment.elf  "Matrix_7_Segment.hex"
arm-none-eabi-objcopy  -O binary Matrix_7_Segment.elf  "Matrix_7_Segment.bin"
Finished building: default.size.stdout
 
Finished building: Matrix_7_Segment.hex
Finished building: Matrix_7_Segment.bin
 
 
Finished building: Matrix_7_Segment.list
 
03:29:58 **** Incremental Build of configuration Debug for project Matrix_7_Segment ****
make -j24 all 
arm-none-eabi-gcc "../Core/Src/main.c" -mcpu=cortex-m4 -std=gnu11 -g3 -DDEBUG -DUSE_HAL_DRIVER -DSTM32F407xx -c -I../Core/Inc -I../Drivers/STM32F4xx_HAL_Driver/Inc -I../Drivers/STM32F4xx_HAL_Driver/Inc/Legacy -I../Drivers/CMSIS/Device/ST/STM32F4xx/Include -I../Drivers/CMSIS/Include -O0 -ffunction-sections -fdata-sections -Wall -fstack-usage -fcyclomatic-complexity -MMD -MP -MF"Core/Src/main.d" -MT"Core/Src/main.o" --specs=nano.specs -mfpu=fpv4-sp-d16 -mfloat-abi=hard -mthumb -o "Core/Src/main.o"
arm-none-eabi-gcc -o "Matrix_7_Segment.elf" @"objects.list"   -mcpu=cortex-m4 -T"D:\Project\STM32_PROJECT\Matrix_7_Segment\Matrix_7_Segment\STM32F407VGTX_FLASH.ld" --specs=nosys.specs -Wl,-Map="Matrix_7_Segment.map" -Wl,--gc-sections -static --specs=nano.specs -mfpu=fpv4-sp-d16 -mfloat-abi=hard -mthumb -Wl,--start-group -lc -lm -Wl,--end-group
Finished building target: Matrix_7_Segment.elf
 
arm-none-eabi-size  Matrix_7_Segment.elf 
arm-none-eabi-objdump -h -S Matrix_7_Segment.elf  > "Matrix_7_Segment.list"
   text	   data	    bss	    dec	    hex	filename
   6412	     12	   1572	   7996	   1f3c	Matrix_7_Segment.elf
arm-none-eabi-objcopy  -O ihex Matrix_7_Segment.elf  "Matrix_7_Segment.hex"
Finished building: default.size.stdout
arm-none-eabi-objcopy  -O binary Matrix_7_Segment.elf  "Matrix_7_Segment.bin"
 
Finished building: Matrix_7_Segment.hex
Finished building: Matrix_7_Segment.bin
Finished building: Matrix_7_Segment.list
 
 
 
03:35:47 **** Incremental Build of configuration Debug for project Matrix_7_Segment ****
make -j24 all 
arm-none-eabi-gcc "../Core/Src/main.c" -mcpu=cortex-m4 -std=gnu11 -g3 -DDEBUG -DUSE_HAL_DRIVER -DSTM32F407xx -c -I../Core/Inc -I../Drivers/STM32F4xx_HAL_Driver/Inc -I../Drivers/STM32F4xx_HAL_Driver/Inc/Legacy -I../Drivers/CMSIS/Device/ST/STM32F4xx/Include -I../Drivers/CMSIS/Include -O0 -ffunction-sections -fdata-sections -Wall -fstack-usage -fcyclomatic-complexity -MMD -MP -MF"Core/Src/main.d" -MT"Core/Src/main.o" --specs=nano.specs -mfpu=fpv4-sp-d16 -mfloat-abi=hard -mthumb -o "Core/Src/main.o"
../Core/Src/main.c: In function 'main':
../Core/Src/main.c:149:70: error: expected expression before '==' token
  149 |           if (HAL_GPIO_ReadPin(GPIOD, GPIO_PIN_8) == GPIO_PIN_RESET) == GPIO_PIN_RESET)) {
      |                                                                      ^~
../Core/Src/main.c:149:11: warning: this 'if' clause does not guard... [-Wmisleading-indentation]
  149 |           if (HAL_GPIO_ReadPin(GPIOD, GPIO_PIN_8) == GPIO_PIN_RESET) == GPIO_PIN_RESET)) {
      |           ^~
../Core/Src/main.c:149:87: note: ...this statement, but the latter is misleadingly indented as if it were guarded by the 'if'
  149 |           if (HAL_GPIO_ReadPin(GPIOD, GPIO_PIN_8) == GPIO_PIN_RESET) == GPIO_PIN_RESET)) {
      |                                                                                       ^
../Core/Src/main.c:149:87: error: expected statement before ')' token
../Core/Src/main.c:149:88: error: expected statement before ')' token
  149 |           if (HAL_GPIO_ReadPin(GPIOD, GPIO_PIN_8) == GPIO_PIN_RESET) == GPIO_PIN_RESET)) {
      |                                                                                        ^
make: *** [Core/Src/subdir.mk:34: Core/Src/main.o] Error 1
"make -j24 all" terminated with exit code 2. Build might be incomplete.
03:36:00 **** Incremental Build of configuration Debug for project Matrix_7_Segment ****
make -j24 all 
arm-none-eabi-gcc "../Core/Src/main.c" -mcpu=cortex-m4 -std=gnu11 -g3 -DDEBUG -DUSE_HAL_DRIVER -DSTM32F407xx -c -I../Core/Inc -I../Drivers/STM32F4xx_HAL_Driver/Inc -I../Drivers/STM32F4xx_HAL_Driver/Inc/Legacy -I../Drivers/CMSIS/Device/ST/STM32F4xx/Include -I../Drivers/CMSIS/Include -O0 -ffunction-sections -fdata-sections -Wall -fstack-usage -fcyclomatic-complexity -MMD -MP -MF"Core/Src/main.d" -MT"Core/Src/main.o" --specs=nano.specs -mfpu=fpv4-sp-d16 -mfloat-abi=hard -mthumb -o "Core/Src/main.o"
../Core/Src/main.c: In function 'main':
../Core/Src/main.c:149:70: error: expected expression before '==' token
  149 |           if (HAL_GPIO_ReadPin(GPIOD, GPIO_PIN_8) == GPIO_PIN_RESET) == GPIO_PIN_RESET) {
      |                                                                      ^~
../Core/Src/main.c:149:11: warning: this 'if' clause does not guard... [-Wmisleading-indentation]
  149 |           if (HAL_GPIO_ReadPin(GPIOD, GPIO_PIN_8) == GPIO_PIN_RESET) == GPIO_PIN_RESET) {
      |           ^~
../Core/Src/main.c:149:87: note: ...this statement, but the latter is misleadingly indented as if it were guarded by the 'if'
  149 |           if (HAL_GPIO_ReadPin(GPIOD, GPIO_PIN_8) == GPIO_PIN_RESET) == GPIO_PIN_RESET) {
      |                                                                                       ^
../Core/Src/main.c:149:87: error: expected statement before ')' token
make: *** [Core/Src/subdir.mk:34: Core/Src/main.o] Error 1
"make -j24 all" terminated with exit code 2. Build might be incomplete.
03:36:13 **** Incremental Build of configuration Debug for project Matrix_7_Segment ****
make -j24 all 
arm-none-eabi-gcc "../Core/Src/main.c" -mcpu=cortex-m4 -std=gnu11 -g3 -DDEBUG -DUSE_HAL_DRIVER -DSTM32F407xx -c -I../Core/Inc -I../Drivers/STM32F4xx_HAL_Driver/Inc -I../Drivers/STM32F4xx_HAL_Driver/Inc/Legacy -I../Drivers/CMSIS/Device/ST/STM32F4xx/Include -I../Drivers/CMSIS/Include -O0 -ffunction-sections -fdata-sections -Wall -fstack-usage -fcyclomatic-complexity -MMD -MP -MF"Core/Src/main.d" -MT"Core/Src/main.o" --specs=nano.specs -mfpu=fpv4-sp-d16 -mfloat-abi=hard -mthumb -o "Core/Src/main.o"
arm-none-eabi-gcc -o "Matrix_7_Segment.elf" @"objects.list"   -mcpu=cortex-m4 -T"D:\Project\STM32_PROJECT\Matrix_7_Segment\Matrix_7_Segment\STM32F407VGTX_FLASH.ld" --specs=nosys.specs -Wl,-Map="Matrix_7_Segment.map" -Wl,--gc-sections -static --specs=nano.specs -mfpu=fpv4-sp-d16 -mfloat-abi=hard -mthumb -Wl,--start-group -lc -lm -Wl,--end-group
Finished building target: Matrix_7_Segment.elf
 
arm-none-eabi-size  Matrix_7_Segment.elf 
arm-none-eabi-objdump -h -S Matrix_7_Segment.elf  > "Matrix_7_Segment.list"
   text	   data	    bss	    dec	    hex	filename
   6396	     12	   1572	   7980	   1f2c	Matrix_7_Segment.elf
arm-none-eabi-objcopy  -O ihex Matrix_7_Segment.elf  "Matrix_7_Segment.hex"
Finished building: default.size.stdout
arm-none-eabi-objcopy  -O binary Matrix_7_Segment.elf  "Matrix_7_Segment.bin"
 
Finished building: Matrix_7_Segment.hex
Finished building: Matrix_7_Segment.bin
Finished building: Matrix_7_Segment.list
 
 
 
03:39:10 **** Incremental Build of configuration Debug for project Matrix_7_Segment ****
make -j24 all 
arm-none-eabi-gcc "../Core/Src/main.c" -mcpu=cortex-m4 -std=gnu11 -g3 -DDEBUG -DUSE_HAL_DRIVER -DSTM32F407xx -c -I../Core/Inc -I../Drivers/STM32F4xx_HAL_Driver/Inc -I../Drivers/STM32F4xx_HAL_Driver/Inc/Legacy -I../Drivers/CMSIS/Device/ST/STM32F4xx/Include -I../Drivers/CMSIS/Include -O0 -ffunction-sections -fdata-sections -Wall -fstack-usage -fcyclomatic-complexity -MMD -MP -MF"Core/Src/main.d" -MT"Core/Src/main.o" --specs=nano.specs -mfpu=fpv4-sp-d16 -mfloat-abi=hard -mthumb -o "Core/Src/main.o"
arm-none-eabi-gcc -o "Matrix_7_Segment.elf" @"objects.list"   -mcpu=cortex-m4 -T"D:\Project\STM32_PROJECT\Matrix_7_Segment\Matrix_7_Segment\STM32F407VGTX_FLASH.ld" --specs=nosys.specs -Wl,-Map="Matrix_7_Segment.map" -Wl,--gc-sections -static --specs=nano.specs -mfpu=fpv4-sp-d16 -mfloat-abi=hard -mthumb -Wl,--start-group -lc -lm -Wl,--end-group
Finished building target: Matrix_7_Segment.elf
 
arm-none-eabi-size  Matrix_7_Segment.elf 
arm-none-eabi-objdump -h -S Matrix_7_Segment.elf  > "Matrix_7_Segment.list"
   text	   data	    bss	    dec	    hex	filename
   6396	     12	   1572	   7980	   1f2c	Matrix_7_Segment.elf
arm-none-eabi-objcopy  -O ihex Matrix_7_Segment.elf  "Matrix_7_Segment.hex"
Finished building: default.size.stdout
arm-none-eabi-objcopy  -O binary Matrix_7_Segment.elf  "Matrix_7_Segment.bin"
 
Finished building: Matrix_7_Segment.hex
 
Finished building: Matrix_7_Segment.list
Finished building: Matrix_7_Segment.bin
 
 
03:40:07 **** Incremental Build of configuration Debug for project Matrix_7_Segment ****
make -j24 all 
arm-none-eabi-gcc "../Core/Src/main.c" -mcpu=cortex-m4 -std=gnu11 -g3 -DDEBUG -DUSE_HAL_DRIVER -DSTM32F407xx -c -I../Core/Inc -I../Drivers/STM32F4xx_HAL_Driver/Inc -I../Drivers/STM32F4xx_HAL_Driver/Inc/Legacy -I../Drivers/CMSIS/Device/ST/STM32F4xx/Include -I../Drivers/CMSIS/Include -O0 -ffunction-sections -fdata-sections -Wall -fstack-usage -fcyclomatic-complexity -MMD -MP -MF"Core/Src/main.d" -MT"Core/Src/main.o" --specs=nano.specs -mfpu=fpv4-sp-d16 -mfloat-abi=hard -mthumb -o "Core/Src/main.o"
arm-none-eabi-gcc -o "Matrix_7_Segment.elf" @"objects.list"   -mcpu=cortex-m4 -T"D:\Project\STM32_PROJECT\Matrix_7_Segment\Matrix_7_Segment\STM32F407VGTX_FLASH.ld" --specs=nosys.specs -Wl,-Map="Matrix_7_Segment.map" -Wl,--gc-sections -static --specs=nano.specs -mfpu=fpv4-sp-d16 -mfloat-abi=hard -mthumb -Wl,--start-group -lc -lm -Wl,--end-group
Finished building target: Matrix_7_Segment.elf
 
arm-none-eabi-size  Matrix_7_Segment.elf 
arm-none-eabi-objdump -h -S Matrix_7_Segment.elf  > "Matrix_7_Segment.list"
   text	   data	    bss	    dec	    hex	filename
   6396	     12	   1572	   7980	   1f2c	Matrix_7_Segment.elf
arm-none-eabi-objcopy  -O ihex Matrix_7_Segment.elf  "Matrix_7_Segment.hex"
Finished building: default.size.stdout
arm-none-eabi-objcopy  -O binary Matrix_7_Segment.elf  "Matrix_7_Segment.bin"
 
Finished building: Matrix_7_Segment.hex
Finished building: Matrix_7_Segment.bin
Finished building: Matrix_7_Segment.list
 
 
 
03:41:30 **** Incremental Build of configuration Debug for project Matrix_7_Segment ****
make -j24 all 
arm-none-eabi-gcc "../Core/Src/main.c" -mcpu=cortex-m4 -std=gnu11 -g3 -DDEBUG -DUSE_HAL_DRIVER -DSTM32F407xx -c -I../Core/Inc -I../Drivers/STM32F4xx_HAL_Driver/Inc -I../Drivers/STM32F4xx_HAL_Driver/Inc/Legacy -I../Drivers/CMSIS/Device/ST/STM32F4xx/Include -I../Drivers/CMSIS/Include -O0 -ffunction-sections -fdata-sections -Wall -fstack-usage -fcyclomatic-complexity -MMD -MP -MF"Core/Src/main.d" -MT"Core/Src/main.o" --specs=nano.specs -mfpu=fpv4-sp-d16 -mfloat-abi=hard -mthumb -o "Core/Src/main.o"
arm-none-eabi-gcc -o "Matrix_7_Segment.elf" @"objects.list"   -mcpu=cortex-m4 -T"D:\Project\STM32_PROJECT\Matrix_7_Segment\Matrix_7_Segment\STM32F407VGTX_FLASH.ld" --specs=nosys.specs -Wl,-Map="Matrix_7_Segment.map" -Wl,--gc-sections -static --specs=nano.specs -mfpu=fpv4-sp-d16 -mfloat-abi=hard -mthumb -Wl,--start-group -lc -lm -Wl,--end-group
Finished building target: Matrix_7_Segment.elf
 
arm-none-eabi-size  Matrix_7_Segment.elf 
arm-none-eabi-objdump -h -S Matrix_7_Segment.elf  > "Matrix_7_Segment.list"
   text	   data	    bss	    dec	    hex	filename
   6396	     12	   1572	   7980	   1f2c	Matrix_7_Segment.elf
arm-none-eabi-objcopy  -O ihex Matrix_7_Segment.elf  "Matrix_7_Segment.hex"
arm-none-eabi-objcopy  -O binary Matrix_7_Segment.elf  "Matrix_7_Segment.bin"
Finished building: default.size.stdout
 
Finished building: Matrix_7_Segment.hex
Finished building: Matrix_7_Segment.bin
 
 
Finished building: Matrix_7_Segment.list
 
03:42:01 **** Incremental Build of configuration Debug for project Matrix_7_Segment ****
make -j24 all 
arm-none-eabi-gcc "../Core/Src/main.c" -mcpu=cortex-m4 -std=gnu11 -g3 -DDEBUG -DUSE_HAL_DRIVER -DSTM32F407xx -c -I../Core/Inc -I../Drivers/STM32F4xx_HAL_Driver/Inc -I../Drivers/STM32F4xx_HAL_Driver/Inc/Legacy -I../Drivers/CMSIS/Device/ST/STM32F4xx/Include -I../Drivers/CMSIS/Include -O0 -ffunction-sections -fdata-sections -Wall -fstack-usage -fcyclomatic-complexity -MMD -MP -MF"Core/Src/main.d" -MT"Core/Src/main.o" --specs=nano.specs -mfpu=fpv4-sp-d16 -mfloat-abi=hard -mthumb -o "Core/Src/main.o"
arm-none-eabi-gcc -o "Matrix_7_Segment.elf" @"objects.list"   -mcpu=cortex-m4 -T"D:\Project\STM32_PROJECT\Matrix_7_Segment\Matrix_7_Segment\STM32F407VGTX_FLASH.ld" --specs=nosys.specs -Wl,-Map="Matrix_7_Segment.map" -Wl,--gc-sections -static --specs=nano.specs -mfpu=fpv4-sp-d16 -mfloat-abi=hard -mthumb -Wl,--start-group -lc -lm -Wl,--end-group
Finished building target: Matrix_7_Segment.elf
 
arm-none-eabi-size  Matrix_7_Segment.elf 
arm-none-eabi-objdump -h -S Matrix_7_Segment.elf  > "Matrix_7_Segment.list"
   text	   data	    bss	    dec	    hex	filename
   6396	     12	   1572	   7980	   1f2c	Matrix_7_Segment.elf
arm-none-eabi-objcopy  -O ihex Matrix_7_Segment.elf  "Matrix_7_Segment.hex"
Finished building: default.size.stdout
arm-none-eabi-objcopy  -O binary Matrix_7_Segment.elf  "Matrix_7_Segment.bin"
 
Finished building: Matrix_7_Segment.hex
 
Finished building: Matrix_7_Segment.list
Finished building: Matrix_7_Segment.bin
 
 
03:51:22 **** Incremental Build of configuration Debug for project Matrix_7_Segment ****
make -j24 all 
arm-none-eabi-gcc "../Core/Src/main.c" -mcpu=cortex-m4 -std=gnu11 -g3 -DDEBUG -DUSE_HAL_DRIVER -DSTM32F407xx -c -I../Core/Inc -I../Drivers/STM32F4xx_HAL_Driver/Inc -I../Drivers/STM32F4xx_HAL_Driver/Inc/Legacy -I../Drivers/CMSIS/Device/ST/STM32F4xx/Include -I../Drivers/CMSIS/Include -O0 -ffunction-sections -fdata-sections -Wall -fstack-usage -fcyclomatic-complexity -MMD -MP -MF"Core/Src/main.d" -MT"Core/Src/main.o" --specs=nano.specs -mfpu=fpv4-sp-d16 -mfloat-abi=hard -mthumb -o "Core/Src/main.o"
arm-none-eabi-gcc -o "Matrix_7_Segment.elf" @"objects.list"   -mcpu=cortex-m4 -T"D:\Project\STM32_PROJECT\Matrix_7_Segment\Matrix_7_Segment\STM32F407VGTX_FLASH.ld" --specs=nosys.specs -Wl,-Map="Matrix_7_Segment.map" -Wl,--gc-sections -static --specs=nano.specs -mfpu=fpv4-sp-d16 -mfloat-abi=hard -mthumb -Wl,--start-group -lc -lm -Wl,--end-group
Finished building target: Matrix_7_Segment.elf
 
arm-none-eabi-size  Matrix_7_Segment.elf 
arm-none-eabi-objdump -h -S Matrix_7_Segment.elf  > "Matrix_7_Segment.list"
   text	   data	    bss	    dec	    hex	filename
   6412	     12	   1572	   7996	   1f3c	Matrix_7_Segment.elf
arm-none-eabi-objcopy  -O ihex Matrix_7_Segment.elf  "Matrix_7_Segment.hex"
arm-none-eabi-objcopy  -O binary Matrix_7_Segment.elf  "Matrix_7_Segment.bin"
Finished building: default.size.stdout
 
Finished building: Matrix_7_Segment.bin
Finished building: Matrix_7_Segment.hex
 
 
Finished building: Matrix_7_Segment.list
 
03:52:10 **** Incremental Build of configuration Debug for project Matrix_7_Segment ****
make -j24 all 
arm-none-eabi-gcc "../Core/Src/main.c" -mcpu=cortex-m4 -std=gnu11 -g3 -DDEBUG -DUSE_HAL_DRIVER -DSTM32F407xx -c -I../Core/Inc -I../Drivers/STM32F4xx_HAL_Driver/Inc -I../Drivers/STM32F4xx_HAL_Driver/Inc/Legacy -I../Drivers/CMSIS/Device/ST/STM32F4xx/Include -I../Drivers/CMSIS/Include -O0 -ffunction-sections -fdata-sections -Wall -fstack-usage -fcyclomatic-complexity -MMD -MP -MF"Core/Src/main.d" -MT"Core/Src/main.o" --specs=nano.specs -mfpu=fpv4-sp-d16 -mfloat-abi=hard -mthumb -o "Core/Src/main.o"
arm-none-eabi-gcc -o "Matrix_7_Segment.elf" @"objects.list"   -mcpu=cortex-m4 -T"D:\Project\STM32_PROJECT\Matrix_7_Segment\Matrix_7_Segment\STM32F407VGTX_FLASH.ld" --specs=nosys.specs -Wl,-Map="Matrix_7_Segment.map" -Wl,--gc-sections -static --specs=nano.specs -mfpu=fpv4-sp-d16 -mfloat-abi=hard -mthumb -Wl,--start-group -lc -lm -Wl,--end-group
Finished building target: Matrix_7_Segment.elf
 
arm-none-eabi-size  Matrix_7_Segment.elf 
arm-none-eabi-objdump -h -S Matrix_7_Segment.elf  > "Matrix_7_Segment.list"
   text	   data	    bss	    dec	    hex	filename
   6412	     12	   1572	   7996	   1f3c	Matrix_7_Segment.elf
arm-none-eabi-objcopy  -O ihex Matrix_7_Segment.elf  "Matrix_7_Segment.hex"
Finished building: default.size.stdout
arm-none-eabi-objcopy  -O binary Matrix_7_Segment.elf  "Matrix_7_Segment.bin"
 
Finished building: Matrix_7_Segment.hex
Finished building: Matrix_7_Segment.bin
 
 
Finished building: Matrix_7_Segment.list
 
04:12:52 **** Incremental Build of configuration Debug for project Matrix_7_Segment ****
make -j24 all 
arm-none-eabi-gcc "../Core/Src/main.c" -mcpu=cortex-m4 -std=gnu11 -g3 -DDEBUG -DUSE_HAL_DRIVER -DSTM32F407xx -c -I../Core/Inc -I../Drivers/STM32F4xx_HAL_Driver/Inc -I../Drivers/STM32F4xx_HAL_Driver/Inc/Legacy -I../Drivers/CMSIS/Device/ST/STM32F4xx/Include -I../Drivers/CMSIS/Include -O0 -ffunction-sections -fdata-sections -Wall -fstack-usage -fcyclomatic-complexity -MMD -MP -MF"Core/Src/main.d" -MT"Core/Src/main.o" --specs=nano.specs -mfpu=fpv4-sp-d16 -mfloat-abi=hard -mthumb -o "Core/Src/main.o"
../Core/Src/main.c: In function 'main':
../Core/Src/main.c:174:22: warning: implicit declaration of function 'Keypad_Scan' [-Wimplicit-function-declaration]
  174 |           char key = Keypad_Scan();
      |                      ^~~~~~~~~~~
arm-none-eabi-gcc -o "Matrix_7_Segment.elf" @"objects.list"   -mcpu=cortex-m4 -T"D:\Project\STM32_PROJECT\Matrix_7_Segment\Matrix_7_Segment\STM32F407VGTX_FLASH.ld" --specs=nosys.specs -Wl,-Map="Matrix_7_Segment.map" -Wl,--gc-sections -static --specs=nano.specs -mfpu=fpv4-sp-d16 -mfloat-abi=hard -mthumb -Wl,--start-group -lc -lm -Wl,--end-group
C:/ST/STM32CubeIDE_1.15.0/STM32CubeIDE/plugins/com.st.stm32cube.ide.mcu.externaltools.gnu-tools-for-stm32.12.3.rel1.win32_1.0.100.202403111256/tools/bin/../lib/gcc/arm-none-eabi/12.3.1/../../../../arm-none-eabi/bin/ld.exe: ./Core/Src/main.o: in function `main':
D:/Project/STM32_PROJECT/Matrix_7_Segment/Matrix_7_Segment/Debug/../Core/Src/main.c:174: undefined reference to `Keypad_Scan'
collect2.exe: error: ld returned 1 exit status
make: *** [makefile:70: Matrix_7_Segment.elf] Error 1
"make -j24 all" terminated with exit code 2. Build might be incomplete.
04:13:16 **** Incremental Build of configuration Debug for project Matrix_7_Segment ****
make -j24 all 
arm-none-eabi-gcc "../Core/Src/main.c" -mcpu=cortex-m4 -std=gnu11 -g3 -DDEBUG -DUSE_HAL_DRIVER -DSTM32F407xx -c -I../Core/Inc -I../Drivers/STM32F4xx_HAL_Driver/Inc -I../Drivers/STM32F4xx_HAL_Driver/Inc/Legacy -I../Drivers/CMSIS/Device/ST/STM32F4xx/Include -I../Drivers/CMSIS/Include -O0 -ffunction-sections -fdata-sections -Wall -fstack-usage -fcyclomatic-complexity -MMD -MP -MF"Core/Src/main.d" -MT"Core/Src/main.o" --specs=nano.specs -mfpu=fpv4-sp-d16 -mfloat-abi=hard -mthumb -o "Core/Src/main.o"
arm-none-eabi-gcc -o "Matrix_7_Segment.elf" @"objects.list"   -mcpu=cortex-m4 -T"D:\Project\STM32_PROJECT\Matrix_7_Segment\Matrix_7_Segment\STM32F407VGTX_FLASH.ld" --specs=nosys.specs -Wl,-Map="Matrix_7_Segment.map" -Wl,--gc-sections -static --specs=nano.specs -mfpu=fpv4-sp-d16 -mfloat-abi=hard -mthumb -Wl,--start-group -lc -lm -Wl,--end-group
Finished building target: Matrix_7_Segment.elf
 
arm-none-eabi-size  Matrix_7_Segment.elf 
arm-none-eabi-objdump -h -S Matrix_7_Segment.elf  > "Matrix_7_Segment.list"
   text	   data	    bss	    dec	    hex	filename
   6664	     12	   1572	   8248	   2038	Matrix_7_Segment.elf
arm-none-eabi-objcopy  -O ihex Matrix_7_Segment.elf  "Matrix_7_Segment.hex"
Finished building: default.size.stdout
arm-none-eabi-objcopy  -O binary Matrix_7_Segment.elf  "Matrix_7_Segment.bin"
 
Finished building: Matrix_7_Segment.hex
Finished building: Matrix_7_Segment.bin
 
 
Finished building: Matrix_7_Segment.list
 
04:20:25 **** Incremental Build of configuration Debug for project Matrix_7_Segment ****
make -j24 all 
arm-none-eabi-gcc "../Core/Src/main.c" -mcpu=cortex-m4 -std=gnu11 -g3 -DDEBUG -DUSE_HAL_DRIVER -DSTM32F407xx -c -I../Core/Inc -I../Drivers/STM32F4xx_HAL_Driver/Inc -I../Drivers/STM32F4xx_HAL_Driver/Inc/Legacy -I../Drivers/CMSIS/Device/ST/STM32F4xx/Include -I../Drivers/CMSIS/Include -O0 -ffunction-sections -fdata-sections -Wall -fstack-usage -fcyclomatic-complexity -MMD -MP -MF"Core/Src/main.d" -MT"Core/Src/main.o" --specs=nano.specs -mfpu=fpv4-sp-d16 -mfloat-abi=hard -mthumb -o "Core/Src/main.o"
arm-none-eabi-gcc -o "Matrix_7_Segment.elf" @"objects.list"   -mcpu=cortex-m4 -T"D:\Project\STM32_PROJECT\Matrix_7_Segment\Matrix_7_Segment\STM32F407VGTX_FLASH.ld" --specs=nosys.specs -Wl,-Map="Matrix_7_Segment.map" -Wl,--gc-sections -static --specs=nano.specs -mfpu=fpv4-sp-d16 -mfloat-abi=hard -mthumb -Wl,--start-group -lc -lm -Wl,--end-group
Finished building target: Matrix_7_Segment.elf
 
arm-none-eabi-size  Matrix_7_Segment.elf 
arm-none-eabi-objdump -h -S Matrix_7_Segment.elf  > "Matrix_7_Segment.list"
   text	   data	    bss	    dec	    hex	filename
   6672	     12	   1572	   8256	   2040	Matrix_7_Segment.elf
arm-none-eabi-objcopy  -O ihex Matrix_7_Segment.elf  "Matrix_7_Segment.hex"
arm-none-eabi-objcopy  -O binary Matrix_7_Segment.elf  "Matrix_7_Segment.bin"
Finished building: default.size.stdout
 
Finished building: Matrix_7_Segment.hex
Finished building: Matrix_7_Segment.bin
 
Finished building: Matrix_7_Segment.list
 
 
04:20:35 **** Incremental Build of configuration Debug for project Matrix_7_Segment ****
make -j24 all 
arm-none-eabi-size  Matrix_7_Segment.elf 
   text	   data	    bss	    dec	    hex	filename
   6672	     12	   1572	   8256	   2040	Matrix_7_Segment.elf
Finished building: default.size.stdout
 
04:22:25 **** Incremental Build of configuration Debug for project Matrix_7_Segment ****
make -j24 all 
arm-none-eabi-gcc "../Core/Src/main.c" -mcpu=cortex-m4 -std=gnu11 -g3 -DDEBUG -DUSE_HAL_DRIVER -DSTM32F407xx -c -I../Core/Inc -I../Drivers/STM32F4xx_HAL_Driver/Inc -I../Drivers/STM32F4xx_HAL_Driver/Inc/Legacy -I../Drivers/CMSIS/Device/ST/STM32F4xx/Include -I../Drivers/CMSIS/Include -O0 -ffunction-sections -fdata-sections -Wall -fstack-usage -fcyclomatic-complexity -MMD -MP -MF"Core/Src/main.d" -MT"Core/Src/main.o" --specs=nano.specs -mfpu=fpv4-sp-d16 -mfloat-abi=hard -mthumb -o "Core/Src/main.o"
arm-none-eabi-gcc -o "Matrix_7_Segment.elf" @"objects.list"   -mcpu=cortex-m4 -T"D:\Project\STM32_PROJECT\Matrix_7_Segment\Matrix_7_Segment\STM32F407VGTX_FLASH.ld" --specs=nosys.specs -Wl,-Map="Matrix_7_Segment.map" -Wl,--gc-sections -static --specs=nano.specs -mfpu=fpv4-sp-d16 -mfloat-abi=hard -mthumb -Wl,--start-group -lc -lm -Wl,--end-group
Finished building target: Matrix_7_Segment.elf
 
arm-none-eabi-size  Matrix_7_Segment.elf 
arm-none-eabi-objdump -h -S Matrix_7_Segment.elf  > "Matrix_7_Segment.list"
   text	   data	    bss	    dec	    hex	filename
   6684	     12	   1572	   8268	   204c	Matrix_7_Segment.elf
arm-none-eabi-objcopy  -O ihex Matrix_7_Segment.elf  "Matrix_7_Segment.hex"
Finished building: default.size.stdout
arm-none-eabi-objcopy  -O binary Matrix_7_Segment.elf  "Matrix_7_Segment.bin"
 
Finished building: Matrix_7_Segment.hex
Finished building: Matrix_7_Segment.bin
 
Finished building: Matrix_7_Segment.list
 
 
04:24:49 **** Incremental Build of configuration Debug for project Matrix_7_Segment ****
make -j24 all 
arm-none-eabi-gcc "../Core/Src/main.c" -mcpu=cortex-m4 -std=gnu11 -g3 -DDEBUG -DUSE_HAL_DRIVER -DSTM32F407xx -c -I../Core/Inc -I../Drivers/STM32F4xx_HAL_Driver/Inc -I../Drivers/STM32F4xx_HAL_Driver/Inc/Legacy -I../Drivers/CMSIS/Device/ST/STM32F4xx/Include -I../Drivers/CMSIS/Include -O0 -ffunction-sections -fdata-sections -Wall -fstack-usage -fcyclomatic-complexity -MMD -MP -MF"Core/Src/main.d" -MT"Core/Src/main.o" --specs=nano.specs -mfpu=fpv4-sp-d16 -mfloat-abi=hard -mthumb -o "Core/Src/main.o"
arm-none-eabi-gcc -o "Matrix_7_Segment.elf" @"objects.list"   -mcpu=cortex-m4 -T"D:\Project\STM32_PROJECT\Matrix_7_Segment\Matrix_7_Segment\STM32F407VGTX_FLASH.ld" --specs=nosys.specs -Wl,-Map="Matrix_7_Segment.map" -Wl,--gc-sections -static --specs=nano.specs -mfpu=fpv4-sp-d16 -mfloat-abi=hard -mthumb -Wl,--start-group -lc -lm -Wl,--end-group
Finished building target: Matrix_7_Segment.elf
 
arm-none-eabi-size  Matrix_7_Segment.elf 
arm-none-eabi-objdump -h -S Matrix_7_Segment.elf  > "Matrix_7_Segment.list"
   text	   data	    bss	    dec	    hex	filename
   6700	     12	   1572	   8284	   205c	Matrix_7_Segment.elf
arm-none-eabi-objcopy  -O ihex Matrix_7_Segment.elf  "Matrix_7_Segment.hex"
Finished building: default.size.stdout
arm-none-eabi-objcopy  -O binary Matrix_7_Segment.elf  "Matrix_7_Segment.bin"
 
Finished building: Matrix_7_Segment.hex
 
Finished building: Matrix_7_Segment.list
Finished building: Matrix_7_Segment.bin
 
 
04:31:33 **** Incremental Build of configuration Debug for project Matrix_7_Segment ****
make -j24 all 
arm-none-eabi-gcc "../Core/Src/main.c" -mcpu=cortex-m4 -std=gnu11 -g3 -DDEBUG -DUSE_HAL_DRIVER -DSTM32F407xx -c -I../Core/Inc -I../Drivers/STM32F4xx_HAL_Driver/Inc -I../Drivers/STM32F4xx_HAL_Driver/Inc/Legacy -I../Drivers/CMSIS/Device/ST/STM32F4xx/Include -I../Drivers/CMSIS/Include -O0 -ffunction-sections -fdata-sections -Wall -fstack-usage -fcyclomatic-complexity -MMD -MP -MF"Core/Src/main.d" -MT"Core/Src/main.o" --specs=nano.specs -mfpu=fpv4-sp-d16 -mfloat-abi=hard -mthumb -o "Core/Src/main.o"
arm-none-eabi-gcc -o "Matrix_7_Segment.elf" @"objects.list"   -mcpu=cortex-m4 -T"D:\Project\STM32_PROJECT\Matrix_7_Segment\Matrix_7_Segment\STM32F407VGTX_FLASH.ld" --specs=nosys.specs -Wl,-Map="Matrix_7_Segment.map" -Wl,--gc-sections -static --specs=nano.specs -mfpu=fpv4-sp-d16 -mfloat-abi=hard -mthumb -Wl,--start-group -lc -lm -Wl,--end-group
Finished building target: Matrix_7_Segment.elf
 
arm-none-eabi-size  Matrix_7_Segment.elf 
arm-none-eabi-objdump -h -S Matrix_7_Segment.elf  > "Matrix_7_Segment.list"
   text	   data	    bss	    dec	    hex	filename
   6700	     12	   1572	   8284	   205c	Matrix_7_Segment.elf
arm-none-eabi-objcopy  -O ihex Matrix_7_Segment.elf  "Matrix_7_Segment.hex"
Finished building: default.size.stdout
arm-none-eabi-objcopy  -O binary Matrix_7_Segment.elf  "Matrix_7_Segment.bin"
 
Finished building: Matrix_7_Segment.hex
Finished building: Matrix_7_Segment.bin
Finished building: Matrix_7_Segment.list
 
 
 
04:36:08 **** Incremental Build of configuration Debug for project Matrix_7_Segment ****
make -j24 all 
arm-none-eabi-gcc "../Core/Src/main.c" -mcpu=cortex-m4 -std=gnu11 -g3 -DDEBUG -DUSE_HAL_DRIVER -DSTM32F407xx -c -I../Core/Inc -I../Drivers/STM32F4xx_HAL_Driver/Inc -I../Drivers/STM32F4xx_HAL_Driver/Inc/Legacy -I../Drivers/CMSIS/Device/ST/STM32F4xx/Include -I../Drivers/CMSIS/Include -O0 -ffunction-sections -fdata-sections -Wall -fstack-usage -fcyclomatic-complexity -MMD -MP -MF"Core/Src/main.d" -MT"Core/Src/main.o" --specs=nano.specs -mfpu=fpv4-sp-d16 -mfloat-abi=hard -mthumb -o "Core/Src/main.o"
arm-none-eabi-gcc -o "Matrix_7_Segment.elf" @"objects.list"   -mcpu=cortex-m4 -T"D:\Project\STM32_PROJECT\Matrix_7_Segment\Matrix_7_Segment\STM32F407VGTX_FLASH.ld" --specs=nosys.specs -Wl,-Map="Matrix_7_Segment.map" -Wl,--gc-sections -static --specs=nano.specs -mfpu=fpv4-sp-d16 -mfloat-abi=hard -mthumb -Wl,--start-group -lc -lm -Wl,--end-group
Finished building target: Matrix_7_Segment.elf
 
arm-none-eabi-size  Matrix_7_Segment.elf 
arm-none-eabi-objdump -h -S Matrix_7_Segment.elf  > "Matrix_7_Segment.list"
   text	   data	    bss	    dec	    hex	filename
   6700	     12	   1572	   8284	   205c	Matrix_7_Segment.elf
arm-none-eabi-objcopy  -O ihex Matrix_7_Segment.elf  "Matrix_7_Segment.hex"
arm-none-eabi-objcopy  -O binary Matrix_7_Segment.elf  "Matrix_7_Segment.bin"
Finished building: default.size.stdout
 
Finished building: Matrix_7_Segment.bin
Finished building: Matrix_7_Segment.hex
 
 
Finished building: Matrix_7_Segment.list
 
04:36:41 **** Incremental Build of configuration Debug for project Matrix_7_Segment ****
make -j24 all 
arm-none-eabi-gcc "../Core/Src/main.c" -mcpu=cortex-m4 -std=gnu11 -g3 -DDEBUG -DUSE_HAL_DRIVER -DSTM32F407xx -c -I../Core/Inc -I../Drivers/STM32F4xx_HAL_Driver/Inc -I../Drivers/STM32F4xx_HAL_Driver/Inc/Legacy -I../Drivers/CMSIS/Device/ST/STM32F4xx/Include -I../Drivers/CMSIS/Include -O0 -ffunction-sections -fdata-sections -Wall -fstack-usage -fcyclomatic-complexity -MMD -MP -MF"Core/Src/main.d" -MT"Core/Src/main.o" --specs=nano.specs -mfpu=fpv4-sp-d16 -mfloat-abi=hard -mthumb -o "Core/Src/main.o"
../Core/Src/main.c: In function 'main':
../Core/Src/main.c:178:9: error: too few arguments to function 'HAL_GPIO_WritePin'
  178 |         HAL_GPIO_WritePin(GPIOC, GPIO_PIN_0 |  GPIO_PIN_RESET);
      |         ^~~~~~~~~~~~~~~~~
In file included from ../Core/Inc/stm32f4xx_hal_conf.h:279,
                 from ../Drivers/STM32F4xx_HAL_Driver/Inc/stm32f4xx_hal.h:29,
                 from ../Core/Inc/main.h:30,
                 from ../Core/Src/main.c:20:
../Drivers/STM32F4xx_HAL_Driver/Inc/stm32f4xx_hal_gpio.h:235:6: note: declared here
  235 | void HAL_GPIO_WritePin(GPIO_TypeDef* GPIOx, uint16_t GPIO_Pin, GPIO_PinState PinState);
      |      ^~~~~~~~~~~~~~~~~
make: *** [Core/Src/subdir.mk:34: Core/Src/main.o] Error 1
"make -j24 all" terminated with exit code 2. Build might be incomplete.
04:37:10 **** Incremental Build of configuration Debug for project Matrix_7_Segment ****
make -j24 all 
arm-none-eabi-gcc "../Core/Src/main.c" -mcpu=cortex-m4 -std=gnu11 -g3 -DDEBUG -DUSE_HAL_DRIVER -DSTM32F407xx -c -I../Core/Inc -I../Drivers/STM32F4xx_HAL_Driver/Inc -I../Drivers/STM32F4xx_HAL_Driver/Inc/Legacy -I../Drivers/CMSIS/Device/ST/STM32F4xx/Include -I../Drivers/CMSIS/Include -O0 -ffunction-sections -fdata-sections -Wall -fstack-usage -fcyclomatic-complexity -MMD -MP -MF"Core/Src/main.d" -MT"Core/Src/main.o" --specs=nano.specs -mfpu=fpv4-sp-d16 -mfloat-abi=hard -mthumb -o "Core/Src/main.o"
arm-none-eabi-gcc -o "Matrix_7_Segment.elf" @"objects.list"   -mcpu=cortex-m4 -T"D:\Project\STM32_PROJECT\Matrix_7_Segment\Matrix_7_Segment\STM32F407VGTX_FLASH.ld" --specs=nosys.specs -Wl,-Map="Matrix_7_Segment.map" -Wl,--gc-sections -static --specs=nano.specs -mfpu=fpv4-sp-d16 -mfloat-abi=hard -mthumb -Wl,--start-group -lc -lm -Wl,--end-group
Finished building target: Matrix_7_Segment.elf
 
arm-none-eabi-size  Matrix_7_Segment.elf 
arm-none-eabi-objdump -h -S Matrix_7_Segment.elf  > "Matrix_7_Segment.list"
   text	   data	    bss	    dec	    hex	filename
   6700	     12	   1572	   8284	   205c	Matrix_7_Segment.elf
arm-none-eabi-objcopy  -O ihex Matrix_7_Segment.elf  "Matrix_7_Segment.hex"
Finished building: default.size.stdout
arm-none-eabi-objcopy  -O binary Matrix_7_Segment.elf  "Matrix_7_Segment.bin"
 
Finished building: Matrix_7_Segment.hex
Finished building: Matrix_7_Segment.bin
 
Finished building: Matrix_7_Segment.list
 
 
04:38:05 **** Incremental Build of configuration Debug for project Matrix_7_Segment ****
make -j24 all 
arm-none-eabi-gcc "../Core/Src/main.c" -mcpu=cortex-m4 -std=gnu11 -g3 -DDEBUG -DUSE_HAL_DRIVER -DSTM32F407xx -c -I../Core/Inc -I../Drivers/STM32F4xx_HAL_Driver/Inc -I../Drivers/STM32F4xx_HAL_Driver/Inc/Legacy -I../Drivers/CMSIS/Device/ST/STM32F4xx/Include -I../Drivers/CMSIS/Include -O0 -ffunction-sections -fdata-sections -Wall -fstack-usage -fcyclomatic-complexity -MMD -MP -MF"Core/Src/main.d" -MT"Core/Src/main.o" --specs=nano.specs -mfpu=fpv4-sp-d16 -mfloat-abi=hard -mthumb -o "Core/Src/main.o"
arm-none-eabi-gcc -o "Matrix_7_Segment.elf" @"objects.list"   -mcpu=cortex-m4 -T"D:\Project\STM32_PROJECT\Matrix_7_Segment\Matrix_7_Segment\STM32F407VGTX_FLASH.ld" --specs=nosys.specs -Wl,-Map="Matrix_7_Segment.map" -Wl,--gc-sections -static --specs=nano.specs -mfpu=fpv4-sp-d16 -mfloat-abi=hard -mthumb -Wl,--start-group -lc -lm -Wl,--end-group
Finished building target: Matrix_7_Segment.elf
 
arm-none-eabi-size  Matrix_7_Segment.elf 
arm-none-eabi-objdump -h -S Matrix_7_Segment.elf  > "Matrix_7_Segment.list"
   text	   data	    bss	    dec	    hex	filename
   6700	     12	   1572	   8284	   205c	Matrix_7_Segment.elf
arm-none-eabi-objcopy  -O ihex Matrix_7_Segment.elf  "Matrix_7_Segment.hex"
Finished building: default.size.stdout
arm-none-eabi-objcopy  -O binary Matrix_7_Segment.elf  "Matrix_7_Segment.bin"
 
Finished building: Matrix_7_Segment.hex
Finished building: Matrix_7_Segment.bin
 
 
Finished building: Matrix_7_Segment.list
 
04:38:17 **** Incremental Build of configuration Debug for project Matrix_7_Segment ****
make -j24 all 
arm-none-eabi-size  Matrix_7_Segment.elf 
   text	   data	    bss	    dec	    hex	filename
   6700	     12	   1572	   8284	   205c	Matrix_7_Segment.elf
Finished building: default.size.stdout
 
