01:06:53 **** Incremental Build of configuration Debug for project LCD ****
make -j24 all 
arm-none-eabi-gcc "../Core/Src/main.c" -mcpu=cortex-m4 -std=gnu11 -g3 -DDEBUG -DUSE_HAL_DRIVER -DSTM32F407xx -c -I../Core/Inc -I../Drivers/STM32F4xx_HAL_Driver/Inc -I../Drivers/STM32F4xx_HAL_Driver/Inc/Legacy -I../Drivers/CMSIS/Device/ST/STM32F4xx/Include -I../Drivers/CMSIS/Include -O0 -ffunction-sections -fdata-sections -Wall -fstack-usage -fcyclomatic-complexity -MMD -MP -MF"Core/Src/main.d" -MT"Core/Src/main.o" --specs=nano.specs -mfpu=fpv4-sp-d16 -mfloat-abi=hard -mthumb -o "Core/Src/main.o"
arm-none-eabi-gcc -o "LCD.elf" @"objects.list"   -mcpu=cortex-m4 -T"D:\Project\STM32_PROJECT\LCD\LCD\STM32F407VGTX_FLASH.ld" --specs=nosys.specs -Wl,-Map="LCD.map" -Wl,--gc-sections -static --specs=nano.specs -mfpu=fpv4-sp-d16 -mfloat-abi=hard -mthumb -Wl,--start-group -lc -lm -Wl,--end-group
Finished building target: LCD.elf
 
arm-none-eabi-size  LCD.elf 
arm-none-eabi-objdump -h -S LCD.elf  > "LCD.list"
   text	   data	    bss	    dec	    hex	filename
   6184	     12	   1572	   7768	   1e58	LCD.elf
arm-none-eabi-objcopy  -O ihex LCD.elf  "LCD.hex"
Finished building: default.size.stdout
arm-none-eabi-objcopy  -O binary LCD.elf  "LCD.bin"
 
Finished building: LCD.hex
Finished building: LCD.bin
Finished building: LCD.list
 
 
 

01:06:53 Build Finished. 0 errors, 0 warnings. (took 503ms)

