21:50:02 **** Incremental Build of configuration Debug for project PWM ****
make -j24 all 
arm-none-eabi-gcc "../Core/Src/main.c" -mcpu=cortex-m4 -std=gnu11 -g3 -DDEBUG -DUSE_HAL_DRIVER -DSTM32F407xx -c -I../Core/Inc -I../Drivers/STM32F4xx_HAL_Driver/Inc -I../Drivers/STM32F4xx_HAL_Driver/Inc/Legacy -I../Drivers/CMSIS/Device/ST/STM32F4xx/Include -I../Drivers/CMSIS/Include -O0 -ffunction-sections -fdata-sections -Wall -fstack-usage -fcyclomatic-complexity -MMD -MP -MF"Core/Src/main.d" -MT"Core/Src/main.o" --specs=nano.specs -mfpu=fpv4-sp-d16 -mfloat-abi=hard -mthumb -o "Core/Src/main.o"
arm-none-eabi-gcc -o "PWM.elf" @"objects.list"   -mcpu=cortex-m4 -T"D:\Project\STM32_PROJECT\PWM\PWM\STM32F407VGTX_FLASH.ld" --specs=nosys.specs -Wl,-Map="PWM.map" -Wl,--gc-sections -static --specs=nano.specs -mfpu=fpv4-sp-d16 -mfloat-abi=hard -mthumb -Wl,--start-group -lc -lm -Wl,--end-group
Finished building target: PWM.elf
 
arm-none-eabi-size  PWM.elf 
arm-none-eabi-objdump -h -S PWM.elf  > "PWM.list"
   text	   data	    bss	    dec	    hex	filename
   9448	     16	   1640	  11104	   2b60	PWM.elf
arm-none-eabi-objcopy  -O ihex PWM.elf  "PWM.hex"
arm-none-eabi-objcopy  -O binary PWM.elf  "PWM.bin"
Finished building: default.size.stdout
 
Finished building: PWM.hex
Finished building: PWM.bin
 
 
Finished building: PWM.list
 

21:50:03 Build Finished. 0 errors, 0 warnings. (took 522ms)

