../Core/Src/main.c:64:6:LCD_Init	8	static
../Core/Src/main.c:76:6:LCD_Command	16	static
../Core/Src/main.c:84:6:LCD_Char	16	static
../Core/Src/main.c:92:6:LCD_String	16	static
../Core/Src/main.c:99:6:LCD_SetCursor	24	static
../Core/Src/main.c:105:6:LCD_Clear	8	static
../Core/Src/main.c:111:6:LCD_Send4Bits	16	static
../Core/Src/main.c:121:6:LCD_EnablePulse	8	static
../Core/Src/main.c:135:6:EXTI3_IRQHandler	8	static
../Core/Src/main.c:167:5:main	8	static
../Core/Src/main.c:240:6:SystemClock_Config	88	static
../Core/Src/main.c:282:13:MX_ADC1_Init	24	static
../Core/Src/main.c:334:13:MX_TIM3_Init	64	static
../Core/Src/main.c:393:13:MX_GPIO_Init	40	static
../Core/Src/main.c:439:6:Error_Handler	4	static,ignoring_inline_asm
