../Core/Src/main.c:75:6:LCD_Init	8	static
../Core/Src/main.c:87:6:LCD_Command	16	static
../Core/Src/main.c:95:6:LCD_Char	16	static
../Core/Src/main.c:103:6:LCD_String	16	static
../Core/Src/main.c:110:6:LCD_SetCursor	24	static
../Core/Src/main.c:116:6:LCD_Clear	8	static
../Core/Src/main.c:122:6:LCD_Send4Bits	16	static
../Core/Src/main.c:132:6:LCD_EnablePulse	8	static
../Core/Src/main.c:144:5:main	8	static
../Core/Src/main.c:202:6:SystemClock_Config	88	static
../Core/Src/main.c:244:13:MX_ADC1_Init	24	static
../Core/Src/main.c:296:13:MX_GPIO_Init	40	static
../Core/Src/main.c:331:6:Error_Handler	4	static,ignoring_inline_asm
