../Core/Src/main.c:73:6:LCD_Init	8	static
../Core/Src/main.c:85:6:LCD_Command	16	static
../Core/Src/main.c:93:6:LCD_Char	16	static
../Core/Src/main.c:101:6:LCD_String	16	static
../Core/Src/main.c:108:6:LCD_SetCursor	24	static
../Core/Src/main.c:114:6:LCD_Clear	8	static
../Core/Src/main.c:120:6:LCD_Send4Bits	16	static
../Core/Src/main.c:130:6:LCD_EnablePulse	8	static
../Core/Src/main.c:142:5:main	8	static
../Core/Src/main.c:200:6:SystemClock_Config	88	static
../Core/Src/main.c:242:13:MX_GPIO_Init	32	static
../Core/Src/main.c:282:6:Error_Handler	4	static,ignoring_inline_asm
