04:54:39 **** Build of configuration Debug for project Stepper_Motor ****
make -j24 all 
arm-none-eabi-gcc "../Drivers/STM32F4xx_HAL_Driver/Src/stm32f4xx_hal.c" -mcpu=cortex-m4 -std=gnu11 -g3 -DDEBUG -DUSE_HAL_DRIVER -DSTM32F407xx -c -I../Core/Inc -I../Drivers/STM32F4xx_HAL_Driver/Inc -I../Drivers/STM32F4xx_HAL_Driver/Inc/Legacy -I../Drivers/CMSIS/Device/ST/STM32F4xx/Include -I../Drivers/CMSIS/Include -O0 -ffunction-sections -fdata-sections -Wall -fstack-usage -fcyclomatic-complexity -MMD -MP -MF"Drivers/STM32F4xx_HAL_Driver/Src/stm32f4xx_hal.d" -MT"Drivers/STM32F4xx_HAL_Driver/Src/stm32f4xx_hal.o" --specs=nano.specs -mfpu=fpv4-sp-d16 -mfloat-abi=hard -mthumb -o "Drivers/STM32F4xx_HAL_Driver/Src/stm32f4xx_hal.o"
arm-none-eabi-gcc "../Drivers/STM32F4xx_HAL_Driver/Src/stm32f4xx_hal_cortex.c" -mcpu=cortex-m4 -std=gnu11 -g3 -DDEBUG -DUSE_HAL_DRIVER -DSTM32F407xx -c -I../Core/Inc -I../Drivers/STM32F4xx_HAL_Driver/Inc -I../Drivers/STM32F4xx_HAL_Driver/Inc/Legacy -I../Drivers/CMSIS/Device/ST/STM32F4xx/Include -I../Drivers/CMSIS/Include -O0 -ffunction-sections -fdata-sections -Wall -fstack-usage -fcyclomatic-complexity -MMD -MP -MF"Drivers/STM32F4xx_HAL_Driver/Src/stm32f4xx_hal_cortex.d" -MT"Drivers/STM32F4xx_HAL_Driver/Src/stm32f4xx_hal_cortex.o" --specs=nano.specs -mfpu=fpv4-sp-d16 -mfloat-abi=hard -mthumb -o "Drivers/STM32F4xx_HAL_Driver/Src/stm32f4xx_hal_cortex.o"
arm-none-eabi-gcc "../Drivers/STM32F4xx_HAL_Driver/Src/stm32f4xx_hal_dma.c" -mcpu=cortex-m4 -std=gnu11 -g3 -DDEBUG -DUSE_HAL_DRIVER -DSTM32F407xx -c -I../Core/Inc -I../Drivers/STM32F4xx_HAL_Driver/Inc -I../Drivers/STM32F4xx_HAL_Driver/Inc/Legacy -I../Drivers/CMSIS/Device/ST/STM32F4xx/Include -I../Drivers/CMSIS/Include -O0 -ffunction-sections -fdata-sections -Wall -fstack-usage -fcyclomatic-complexity -MMD -MP -MF"Drivers/STM32F4xx_HAL_Driver/Src/stm32f4xx_hal_dma.d" -MT"Drivers/STM32F4xx_HAL_Driver/Src/stm32f4xx_hal_dma.o" --specs=nano.specs -mfpu=fpv4-sp-d16 -mfloat-abi=hard -mthumb -o "Drivers/STM32F4xx_HAL_Driver/Src/stm32f4xx_hal_dma.o"
arm-none-eabi-gcc "../Drivers/STM32F4xx_HAL_Driver/Src/stm32f4xx_hal_dma_ex.c" -mcpu=cortex-m4 -std=gnu11 -g3 -DDEBUG -DUSE_HAL_DRIVER -DSTM32F407xx -c -I../Core/Inc -I../Drivers/STM32F4xx_HAL_Driver/Inc -I../Drivers/STM32F4xx_HAL_Driver/Inc/Legacy -I../Drivers/CMSIS/Device/ST/STM32F4xx/Include -I../Drivers/CMSIS/Include -O0 -ffunction-sections -fdata-sections -Wall -fstack-usage -fcyclomatic-complexity -MMD -MP -MF"Drivers/STM32F4xx_HAL_Driver/Src/stm32f4xx_hal_dma_ex.d" -MT"Drivers/STM32F4xx_HAL_Driver/Src/stm32f4xx_hal_dma_ex.o" --specs=nano.specs -mfpu=fpv4-sp-d16 -mfloat-abi=hard -mthumb -o "Drivers/STM32F4xx_HAL_Driver/Src/stm32f4xx_hal_dma_ex.o"
arm-none-eabi-gcc "../Drivers/STM32F4xx_HAL_Driver/Src/stm32f4xx_hal_exti.c" -mcpu=cortex-m4 -std=gnu11 -g3 -DDEBUG -DUSE_HAL_DRIVER -DSTM32F407xx -c -I../Core/Inc -I../Drivers/STM32F4xx_HAL_Driver/Inc -I../Drivers/STM32F4xx_HAL_Driver/Inc/Legacy -I../Drivers/CMSIS/Device/ST/STM32F4xx/Include -I../Drivers/CMSIS/Include -O0 -ffunction-sections -fdata-sections -Wall -fstack-usage -fcyclomatic-complexity -MMD -MP -MF"Drivers/STM32F4xx_HAL_Driver/Src/stm32f4xx_hal_exti.d" -MT"Drivers/STM32F4xx_HAL_Driver/Src/stm32f4xx_hal_exti.o" --specs=nano.specs -mfpu=fpv4-sp-d16 -mfloat-abi=hard -mthumb -o "Drivers/STM32F4xx_HAL_Driver/Src/stm32f4xx_hal_exti.o"
arm-none-eabi-gcc "../Drivers/STM32F4xx_HAL_Driver/Src/stm32f4xx_hal_flash.c" -mcpu=cortex-m4 -std=gnu11 -g3 -DDEBUG -DUSE_HAL_DRIVER -DSTM32F407xx -c -I../Core/Inc -I../Drivers/STM32F4xx_HAL_Driver/Inc -I../Drivers/STM32F4xx_HAL_Driver/Inc/Legacy -I../Drivers/CMSIS/Device/ST/STM32F4xx/Include -I../Drivers/CMSIS/Include -O0 -ffunction-sections -fdata-sections -Wall -fstack-usage -fcyclomatic-complexity -MMD -MP -MF"Drivers/STM32F4xx_HAL_Driver/Src/stm32f4xx_hal_flash.d" -MT"Drivers/STM32F4xx_HAL_Driver/Src/stm32f4xx_hal_flash.o" --specs=nano.specs -mfpu=fpv4-sp-d16 -mfloat-abi=hard -mthumb -o "Drivers/STM32F4xx_HAL_Driver/Src/stm32f4xx_hal_flash.o"
arm-none-eabi-gcc "../Drivers/STM32F4xx_HAL_Driver/Src/stm32f4xx_hal_flash_ex.c" -mcpu=cortex-m4 -std=gnu11 -g3 -DDEBUG -DUSE_HAL_DRIVER -DSTM32F407xx -c -I../Core/Inc -I../Drivers/STM32F4xx_HAL_Driver/Inc -I../Drivers/STM32F4xx_HAL_Driver/Inc/Legacy -I../Drivers/CMSIS/Device/ST/STM32F4xx/Include -I../Drivers/CMSIS/Include -O0 -ffunction-sections -fdata-sections -Wall -fstack-usage -fcyclomatic-complexity -MMD -MP -MF"Drivers/STM32F4xx_HAL_Driver/Src/stm32f4xx_hal_flash_ex.d" -MT"Drivers/STM32F4xx_HAL_Driver/Src/stm32f4xx_hal_flash_ex.o" --specs=nano.specs -mfpu=fpv4-sp-d16 -mfloat-abi=hard -mthumb -o "Drivers/STM32F4xx_HAL_Driver/Src/stm32f4xx_hal_flash_ex.o"
arm-none-eabi-gcc "../Drivers/STM32F4xx_HAL_Driver/Src/stm32f4xx_hal_flash_ramfunc.c" -mcpu=cortex-m4 -std=gnu11 -g3 -DDEBUG -DUSE_HAL_DRIVER -DSTM32F407xx -c -I../Core/Inc -I../Drivers/STM32F4xx_HAL_Driver/Inc -I../Drivers/STM32F4xx_HAL_Driver/Inc/Legacy -I../Drivers/CMSIS/Device/ST/STM32F4xx/Include -I../Drivers/CMSIS/Include -O0 -ffunction-sections -fdata-sections -Wall -fstack-usage -fcyclomatic-complexity -MMD -MP -MF"Drivers/STM32F4xx_HAL_Driver/Src/stm32f4xx_hal_flash_ramfunc.d" -MT"Drivers/STM32F4xx_HAL_Driver/Src/stm32f4xx_hal_flash_ramfunc.o" --specs=nano.specs -mfpu=fpv4-sp-d16 -mfloat-abi=hard -mthumb -o "Drivers/STM32F4xx_HAL_Driver/Src/stm32f4xx_hal_flash_ramfunc.o"
arm-none-eabi-gcc "../Drivers/STM32F4xx_HAL_Driver/Src/stm32f4xx_hal_gpio.c" -mcpu=cortex-m4 -std=gnu11 -g3 -DDEBUG -DUSE_HAL_DRIVER -DSTM32F407xx -c -I../Core/Inc -I../Drivers/STM32F4xx_HAL_Driver/Inc -I../Drivers/STM32F4xx_HAL_Driver/Inc/Legacy -I../Drivers/CMSIS/Device/ST/STM32F4xx/Include -I../Drivers/CMSIS/Include -O0 -ffunction-sections -fdata-sections -Wall -fstack-usage -fcyclomatic-complexity -MMD -MP -MF"Drivers/STM32F4xx_HAL_Driver/Src/stm32f4xx_hal_gpio.d" -MT"Drivers/STM32F4xx_HAL_Driver/Src/stm32f4xx_hal_gpio.o" --specs=nano.specs -mfpu=fpv4-sp-d16 -mfloat-abi=hard -mthumb -o "Drivers/STM32F4xx_HAL_Driver/Src/stm32f4xx_hal_gpio.o"
arm-none-eabi-gcc "../Drivers/STM32F4xx_HAL_Driver/Src/stm32f4xx_hal_pwr.c" -mcpu=cortex-m4 -std=gnu11 -g3 -DDEBUG -DUSE_HAL_DRIVER -DSTM32F407xx -c -I../Core/Inc -I../Drivers/STM32F4xx_HAL_Driver/Inc -I../Drivers/STM32F4xx_HAL_Driver/Inc/Legacy -I../Drivers/CMSIS/Device/ST/STM32F4xx/Include -I../Drivers/CMSIS/Include -O0 -ffunction-sections -fdata-sections -Wall -fstack-usage -fcyclomatic-complexity -MMD -MP -MF"Drivers/STM32F4xx_HAL_Driver/Src/stm32f4xx_hal_pwr.d" -MT"Drivers/STM32F4xx_HAL_Driver/Src/stm32f4xx_hal_pwr.o" --specs=nano.specs -mfpu=fpv4-sp-d16 -mfloat-abi=hard -mthumb -o "Drivers/STM32F4xx_HAL_Driver/Src/stm32f4xx_hal_pwr.o"
arm-none-eabi-gcc "../Drivers/STM32F4xx_HAL_Driver/Src/stm32f4xx_hal_pwr_ex.c" -mcpu=cortex-m4 -std=gnu11 -g3 -DDEBUG -DUSE_HAL_DRIVER -DSTM32F407xx -c -I../Core/Inc -I../Drivers/STM32F4xx_HAL_Driver/Inc -I../Drivers/STM32F4xx_HAL_Driver/Inc/Legacy -I../Drivers/CMSIS/Device/ST/STM32F4xx/Include -I../Drivers/CMSIS/Include -O0 -ffunction-sections -fdata-sections -Wall -fstack-usage -fcyclomatic-complexity -MMD -MP -MF"Drivers/STM32F4xx_HAL_Driver/Src/stm32f4xx_hal_pwr_ex.d" -MT"Drivers/STM32F4xx_HAL_Driver/Src/stm32f4xx_hal_pwr_ex.o" --specs=nano.specs -mfpu=fpv4-sp-d16 -mfloat-abi=hard -mthumb -o "Drivers/STM32F4xx_HAL_Driver/Src/stm32f4xx_hal_pwr_ex.o"
arm-none-eabi-gcc "../Drivers/STM32F4xx_HAL_Driver/Src/stm32f4xx_hal_rcc.c" -mcpu=cortex-m4 -std=gnu11 -g3 -DDEBUG -DUSE_HAL_DRIVER -DSTM32F407xx -c -I../Core/Inc -I../Drivers/STM32F4xx_HAL_Driver/Inc -I../Drivers/STM32F4xx_HAL_Driver/Inc/Legacy -I../Drivers/CMSIS/Device/ST/STM32F4xx/Include -I../Drivers/CMSIS/Include -O0 -ffunction-sections -fdata-sections -Wall -fstack-usage -fcyclomatic-complexity -MMD -MP -MF"Drivers/STM32F4xx_HAL_Driver/Src/stm32f4xx_hal_rcc.d" -MT"Drivers/STM32F4xx_HAL_Driver/Src/stm32f4xx_hal_rcc.o" --specs=nano.specs -mfpu=fpv4-sp-d16 -mfloat-abi=hard -mthumb -o "Drivers/STM32F4xx_HAL_Driver/Src/stm32f4xx_hal_rcc.o"
arm-none-eabi-gcc "../Drivers/STM32F4xx_HAL_Driver/Src/stm32f4xx_hal_rcc_ex.c" -mcpu=cortex-m4 -std=gnu11 -g3 -DDEBUG -DUSE_HAL_DRIVER -DSTM32F407xx -c -I../Core/Inc -I../Drivers/STM32F4xx_HAL_Driver/Inc -I../Drivers/STM32F4xx_HAL_Driver/Inc/Legacy -I../Drivers/CMSIS/Device/ST/STM32F4xx/Include -I../Drivers/CMSIS/Include -O0 -ffunction-sections -fdata-sections -Wall -fstack-usage -fcyclomatic-complexity -MMD -MP -MF"Drivers/STM32F4xx_HAL_Driver/Src/stm32f4xx_hal_rcc_ex.d" -MT"Drivers/STM32F4xx_HAL_Driver/Src/stm32f4xx_hal_rcc_ex.o" --specs=nano.specs -mfpu=fpv4-sp-d16 -mfloat-abi=hard -mthumb -o "Drivers/STM32F4xx_HAL_Driver/Src/stm32f4xx_hal_rcc_ex.o"
arm-none-eabi-gcc -mcpu=cortex-m4 -g3 -DDEBUG -c -x assembler-with-cpp -MMD -MP -MF"Core/Startup/startup_stm32f407vgtx.d" -MT"Core/Startup/startup_stm32f407vgtx.o" --specs=nano.specs -mfpu=fpv4-sp-d16 -mfloat-abi=hard -mthumb -o "Core/Startup/startup_stm32f407vgtx.o" "../Core/Startup/startup_stm32f407vgtx.s"
arm-none-eabi-gcc "../Core/Src/main.c" -mcpu=cortex-m4 -std=gnu11 -g3 -DDEBUG -DUSE_HAL_DRIVER -DSTM32F407xx -c -I../Core/Inc -I../Drivers/STM32F4xx_HAL_Driver/Inc -I../Drivers/STM32F4xx_HAL_Driver/Inc/Legacy -I../Drivers/CMSIS/Device/ST/STM32F4xx/Include -I../Drivers/CMSIS/Include -O0 -ffunction-sections -fdata-sections -Wall -fstack-usage -fcyclomatic-complexity -MMD -MP -MF"Core/Src/main.d" -MT"Core/Src/main.o" --specs=nano.specs -mfpu=fpv4-sp-d16 -mfloat-abi=hard -mthumb -o "Core/Src/main.o"
arm-none-eabi-gcc "../Core/Src/stm32f4xx_hal_msp.c" -mcpu=cortex-m4 -std=gnu11 -g3 -DDEBUG -DUSE_HAL_DRIVER -DSTM32F407xx -c -I../Core/Inc -I../Drivers/STM32F4xx_HAL_Driver/Inc -I../Drivers/STM32F4xx_HAL_Driver/Inc/Legacy -I../Drivers/CMSIS/Device/ST/STM32F4xx/Include -I../Drivers/CMSIS/Include -O0 -ffunction-sections -fdata-sections -Wall -fstack-usage -fcyclomatic-complexity -MMD -MP -MF"Core/Src/stm32f4xx_hal_msp.d" -MT"Core/Src/stm32f4xx_hal_msp.o" --specs=nano.specs -mfpu=fpv4-sp-d16 -mfloat-abi=hard -mthumb -o "Core/Src/stm32f4xx_hal_msp.o"
arm-none-eabi-gcc "../Core/Src/stm32f4xx_it.c" -mcpu=cortex-m4 -std=gnu11 -g3 -DDEBUG -DUSE_HAL_DRIVER -DSTM32F407xx -c -I../Core/Inc -I../Drivers/STM32F4xx_HAL_Driver/Inc -I../Drivers/STM32F4xx_HAL_Driver/Inc/Legacy -I../Drivers/CMSIS/Device/ST/STM32F4xx/Include -I../Drivers/CMSIS/Include -O0 -ffunction-sections -fdata-sections -Wall -fstack-usage -fcyclomatic-complexity -MMD -MP -MF"Core/Src/stm32f4xx_it.d" -MT"Core/Src/stm32f4xx_it.o" --specs=nano.specs -mfpu=fpv4-sp-d16 -mfloat-abi=hard -mthumb -o "Core/Src/stm32f4xx_it.o"
arm-none-eabi-gcc "../Core/Src/syscalls.c" -mcpu=cortex-m4 -std=gnu11 -g3 -DDEBUG -DUSE_HAL_DRIVER -DSTM32F407xx -c -I../Core/Inc -I../Drivers/STM32F4xx_HAL_Driver/Inc -I../Drivers/STM32F4xx_HAL_Driver/Inc/Legacy -I../Drivers/CMSIS/Device/ST/STM32F4xx/Include -I../Drivers/CMSIS/Include -O0 -ffunction-sections -fdata-sections -Wall -fstack-usage -fcyclomatic-complexity -MMD -MP -MF"Core/Src/syscalls.d" -MT"Core/Src/syscalls.o" --specs=nano.specs -mfpu=fpv4-sp-d16 -mfloat-abi=hard -mthumb -o "Core/Src/syscalls.o"
arm-none-eabi-gcc "../Core/Src/sysmem.c" -mcpu=cortex-m4 -std=gnu11 -g3 -DDEBUG -DUSE_HAL_DRIVER -DSTM32F407xx -c -I../Core/Inc -I../Drivers/STM32F4xx_HAL_Driver/Inc -I../Drivers/STM32F4xx_HAL_Driver/Inc/Legacy -I../Drivers/CMSIS/Device/ST/STM32F4xx/Include -I../Drivers/CMSIS/Include -O0 -ffunction-sections -fdata-sections -Wall -fstack-usage -fcyclomatic-complexity -MMD -MP -MF"Core/Src/sysmem.d" -MT"Core/Src/sysmem.o" --specs=nano.specs -mfpu=fpv4-sp-d16 -mfloat-abi=hard -mthumb -o "Core/Src/sysmem.o"
arm-none-eabi-gcc "../Core/Src/system_stm32f4xx.c" -mcpu=cortex-m4 -std=gnu11 -g3 -DDEBUG -DUSE_HAL_DRIVER -DSTM32F407xx -c -I../Core/Inc -I../Drivers/STM32F4xx_HAL_Driver/Inc -I../Drivers/STM32F4xx_HAL_Driver/Inc/Legacy -I../Drivers/CMSIS/Device/ST/STM32F4xx/Include -I../Drivers/CMSIS/Include -O0 -ffunction-sections -fdata-sections -Wall -fstack-usage -fcyclomatic-complexity -MMD -MP -MF"Core/Src/system_stm32f4xx.d" -MT"Core/Src/system_stm32f4xx.o" --specs=nano.specs -mfpu=fpv4-sp-d16 -mfloat-abi=hard -mthumb -o "Core/Src/system_stm32f4xx.o"
../Core/Src/main.c: In function 'Trigger_Step':
../Core/Src/main.c:59:23: error: 'MOTOR_PORT' undeclared (first use in this function)
   59 |     HAL_GPIO_WritePin(MOTOR_PORT, TRIGGER_PIN, GPIO_PIN_SET);
      |                       ^~~~~~~~~~
../Core/Src/main.c:59:23: note: each undeclared identifier is reported only once for each function it appears in
../Core/Src/main.c:59:35: error: 'TRIGGER_PIN' undeclared (first use in this function); did you mean 'TRIGGER_MODE'?
   59 |     HAL_GPIO_WritePin(MOTOR_PORT, TRIGGER_PIN, GPIO_PIN_SET);
      |                                   ^~~~~~~~~~~
      |                                   TRIGGER_MODE
../Core/Src/main.c: In function 'Step_CW':
../Core/Src/main.c:66:23: error: 'MOTOR_PORT' undeclared (first use in this function)
   66 |     HAL_GPIO_WritePin(MOTOR_PORT, DIR_PIN, GPIO_PIN_SET);
      |                       ^~~~~~~~~~
../Core/Src/main.c:66:35: error: 'DIR_PIN' undeclared (first use in this function)
   66 |     HAL_GPIO_WritePin(MOTOR_PORT, DIR_PIN, GPIO_PIN_SET);
      |                                   ^~~~~~~
../Core/Src/main.c: In function 'Step_CCW':
../Core/Src/main.c:71:23: error: 'MOTOR_PORT' undeclared (first use in this function)
   71 |     HAL_GPIO_WritePin(MOTOR_PORT, DIR_PIN, GPIO_PIN_RESET);
      |                       ^~~~~~~~~~
../Core/Src/main.c:71:35: error: 'DIR_PIN' undeclared (first use in this function)
   71 |     HAL_GPIO_WritePin(MOTOR_PORT, DIR_PIN, GPIO_PIN_RESET);
      |                                   ^~~~~~~
make: *** [Core/Src/subdir.mk:34: Core/Src/main.o] Error 1
make: *** Waiting for unfinished jobs....
"make -j24 all" terminated with exit code 2. Build might be incomplete.
04:54:57 **** Incremental Build of configuration Debug for project Stepper_Motor ****
make -j24 all 
arm-none-eabi-gcc "../Core/Src/main.c" -mcpu=cortex-m4 -std=gnu11 -g3 -DDEBUG -DUSE_HAL_DRIVER -DSTM32F407xx -c -I../Core/Inc -I../Drivers/STM32F4xx_HAL_Driver/Inc -I../Drivers/STM32F4xx_HAL_Driver/Inc/Legacy -I../Drivers/CMSIS/Device/ST/STM32F4xx/Include -I../Drivers/CMSIS/Include -O0 -ffunction-sections -fdata-sections -Wall -fstack-usage -fcyclomatic-complexity -MMD -MP -MF"Core/Src/main.d" -MT"Core/Src/main.o" --specs=nano.specs -mfpu=fpv4-sp-d16 -mfloat-abi=hard -mthumb -o "Core/Src/main.o"
arm-none-eabi-gcc -o "Stepper_Motor.elf" @"objects.list"   -mcpu=cortex-m4 -T"D:\Project\STM32_PROJECT\Stepper_Motor\Stepper_Motor\STM32F407VGTX_FLASH.ld" --specs=nosys.specs -Wl,-Map="Stepper_Motor.map" -Wl,--gc-sections -static --specs=nano.specs -mfpu=fpv4-sp-d16 -mfloat-abi=hard -mthumb -Wl,--start-group -lc -lm -Wl,--end-group
Finished building target: Stepper_Motor.elf
 
arm-none-eabi-size  Stepper_Motor.elf 
arm-none-eabi-objdump -h -S Stepper_Motor.elf  > "Stepper_Motor.list"
   text	   data	    bss	    dec	    hex	filename
   5920	     12	   1572	   7504	   1d50	Stepper_Motor.elf
Finished building: default.size.stdout
 
Finished building: Stepper_Motor.list
 
04:55:39 **** Incremental Build of configuration Debug for project Stepper_Motor ****
make -j24 all 
arm-none-eabi-gcc -o "Stepper_Motor.elf" @"objects.list"   -mcpu=cortex-m4 -T"D:\Project\STM32_PROJECT\Stepper_Motor\Stepper_Motor\STM32F407VGTX_FLASH.ld" --specs=nosys.specs -Wl,-Map="Stepper_Motor.map" -Wl,--gc-sections -static --specs=nano.specs -mfpu=fpv4-sp-d16 -mfloat-abi=hard -mthumb -Wl,--start-group -lc -lm -Wl,--end-group
Finished building target: Stepper_Motor.elf
 
arm-none-eabi-size  Stepper_Motor.elf 
arm-none-eabi-objdump -h -S Stepper_Motor.elf  > "Stepper_Motor.list"
   text	   data	    bss	    dec	    hex	filename
   5920	     12	   1572	   7504	   1d50	Stepper_Motor.elf
arm-none-eabi-objcopy  -O ihex Stepper_Motor.elf  "Stepper_Motor.hex"
Finished building: default.size.stdout
arm-none-eabi-objcopy  -O binary Stepper_Motor.elf  "Stepper_Motor.bin"
 
Finished building: Stepper_Motor.hex
Finished building: Stepper_Motor.bin
Finished building: Stepper_Motor.list
 
 
 
04:59:24 **** Incremental Build of configuration Debug for project Stepper_Motor ****
make -j24 all 
arm-none-eabi-gcc "../Core/Src/main.c" -mcpu=cortex-m4 -std=gnu11 -g3 -DDEBUG -DUSE_HAL_DRIVER -DSTM32F407xx -c -I../Core/Inc -I../Drivers/STM32F4xx_HAL_Driver/Inc -I../Drivers/STM32F4xx_HAL_Driver/Inc/Legacy -I../Drivers/CMSIS/Device/ST/STM32F4xx/Include -I../Drivers/CMSIS/Include -O0 -ffunction-sections -fdata-sections -Wall -fstack-usage -fcyclomatic-complexity -MMD -MP -MF"Core/Src/main.d" -MT"Core/Src/main.o" --specs=nano.specs -mfpu=fpv4-sp-d16 -mfloat-abi=hard -mthumb -o "Core/Src/main.o"
arm-none-eabi-gcc -o "Stepper_Motor.elf" @"objects.list"   -mcpu=cortex-m4 -T"D:\Project\STM32_PROJECT\Stepper_Motor\Stepper_Motor\STM32F407VGTX_FLASH.ld" --specs=nosys.specs -Wl,-Map="Stepper_Motor.map" -Wl,--gc-sections -static --specs=nano.specs -mfpu=fpv4-sp-d16 -mfloat-abi=hard -mthumb -Wl,--start-group -lc -lm -Wl,--end-group
Finished building target: Stepper_Motor.elf
 
arm-none-eabi-size  Stepper_Motor.elf 
arm-none-eabi-objdump -h -S Stepper_Motor.elf  > "Stepper_Motor.list"
   text	   data	    bss	    dec	    hex	filename
   5924	     12	   1572	   7508	   1d54	Stepper_Motor.elf
arm-none-eabi-objcopy  -O ihex Stepper_Motor.elf  "Stepper_Motor.hex"
Finished building: default.size.stdout
arm-none-eabi-objcopy  -O binary Stepper_Motor.elf  "Stepper_Motor.bin"
 
Finished building: Stepper_Motor.hex
Finished building: Stepper_Motor.bin
Finished building: Stepper_Motor.list
 
 
 
05:05:42 **** Incremental Build of configuration Debug for project Stepper_Motor ****
make -j24 all 
arm-none-eabi-gcc "../Core/Src/main.c" -mcpu=cortex-m4 -std=gnu11 -g3 -DDEBUG -DUSE_HAL_DRIVER -DSTM32F407xx -c -I../Core/Inc -I../Drivers/STM32F4xx_HAL_Driver/Inc -I../Drivers/STM32F4xx_HAL_Driver/Inc/Legacy -I../Drivers/CMSIS/Device/ST/STM32F4xx/Include -I../Drivers/CMSIS/Include -O0 -ffunction-sections -fdata-sections -Wall -fstack-usage -fcyclomatic-complexity -MMD -MP -MF"Core/Src/main.d" -MT"Core/Src/main.o" --specs=nano.specs -mfpu=fpv4-sp-d16 -mfloat-abi=hard -mthumb -o "Core/Src/main.o"
../Core/Src/main.c: In function 'main':
../Core/Src/main.c:100:34: error: 'GPIO_Pin_8' undeclared (first use in this function); did you mean 'GPIO_PIN_8'?
  100 |         HAL_GPIO_WritePin(GPIOD, GPIO_Pin_8, SET);
      |                                  ^~~~~~~~~~
      |                                  GPIO_PIN_8
../Core/Src/main.c:100:34: note: each undeclared identifier is reported only once for each function it appears in
../Core/Src/main.c:102:34: error: 'GPIO_Pin_9' undeclared (first use in this function); did you mean 'GPIO_PIN_9'?
  102 |         HAL_GPIO_WritePin(GPIOD, GPIO_Pin_9, SET);
      |                                  ^~~~~~~~~~
      |                                  GPIO_PIN_9
make: *** [Core/Src/subdir.mk:34: Core/Src/main.o] Error 1
"make -j24 all" terminated with exit code 2. Build might be incomplete.
05:06:06 **** Incremental Build of configuration Debug for project Stepper_Motor ****
make -j24 all 
arm-none-eabi-gcc "../Core/Src/main.c" -mcpu=cortex-m4 -std=gnu11 -g3 -DDEBUG -DUSE_HAL_DRIVER -DSTM32F407xx -c -I../Core/Inc -I../Drivers/STM32F4xx_HAL_Driver/Inc -I../Drivers/STM32F4xx_HAL_Driver/Inc/Legacy -I../Drivers/CMSIS/Device/ST/STM32F4xx/Include -I../Drivers/CMSIS/Include -O0 -ffunction-sections -fdata-sections -Wall -fstack-usage -fcyclomatic-complexity -MMD -MP -MF"Core/Src/main.d" -MT"Core/Src/main.o" --specs=nano.specs -mfpu=fpv4-sp-d16 -mfloat-abi=hard -mthumb -o "Core/Src/main.o"
arm-none-eabi-gcc -o "Stepper_Motor.elf" @"objects.list"   -mcpu=cortex-m4 -T"D:\Project\STM32_PROJECT\Stepper_Motor\Stepper_Motor\STM32F407VGTX_FLASH.ld" --specs=nosys.specs -Wl,-Map="Stepper_Motor.map" -Wl,--gc-sections -static --specs=nano.specs -mfpu=fpv4-sp-d16 -mfloat-abi=hard -mthumb -Wl,--start-group -lc -lm -Wl,--end-group
Finished building target: Stepper_Motor.elf
 
arm-none-eabi-size  Stepper_Motor.elf 
arm-none-eabi-objdump -h -S Stepper_Motor.elf  > "Stepper_Motor.list"
   text	   data	    bss	    dec	    hex	filename
   5780	     12	   1572	   7364	   1cc4	Stepper_Motor.elf
arm-none-eabi-objcopy  -O ihex Stepper_Motor.elf  "Stepper_Motor.hex"
Finished building: default.size.stdout
arm-none-eabi-objcopy  -O binary Stepper_Motor.elf  "Stepper_Motor.bin"
 
Finished building: Stepper_Motor.hex
Finished building: Stepper_Motor.bin
 
Finished building: Stepper_Motor.list
 
 
05:09:46 **** Incremental Build of configuration Debug for project Stepper_Motor ****
make -j24 all 
arm-none-eabi-gcc "../Core/Src/main.c" -mcpu=cortex-m4 -std=gnu11 -g3 -DDEBUG -DUSE_HAL_DRIVER -DSTM32F407xx -c -I../Core/Inc -I../Drivers/STM32F4xx_HAL_Driver/Inc -I../Drivers/STM32F4xx_HAL_Driver/Inc/Legacy -I../Drivers/CMSIS/Device/ST/STM32F4xx/Include -I../Drivers/CMSIS/Include -O0 -ffunction-sections -fdata-sections -Wall -fstack-usage -fcyclomatic-complexity -MMD -MP -MF"Core/Src/main.d" -MT"Core/Src/main.o" --specs=nano.specs -mfpu=fpv4-sp-d16 -mfloat-abi=hard -mthumb -o "Core/Src/main.o"
arm-none-eabi-gcc -o "Stepper_Motor.elf" @"objects.list"   -mcpu=cortex-m4 -T"D:\Project\STM32_PROJECT\Stepper_Motor\Stepper_Motor\STM32F407VGTX_FLASH.ld" --specs=nosys.specs -Wl,-Map="Stepper_Motor.map" -Wl,--gc-sections -static --specs=nano.specs -mfpu=fpv4-sp-d16 -mfloat-abi=hard -mthumb -Wl,--start-group -lc -lm -Wl,--end-group
Finished building target: Stepper_Motor.elf
 
arm-none-eabi-size  Stepper_Motor.elf 
arm-none-eabi-objdump -h -S Stepper_Motor.elf  > "Stepper_Motor.list"
   text	   data	    bss	    dec	    hex	filename
   5764	     12	   1572	   7348	   1cb4	Stepper_Motor.elf
arm-none-eabi-objcopy  -O ihex Stepper_Motor.elf  "Stepper_Motor.hex"
Finished building: default.size.stdout
arm-none-eabi-objcopy  -O binary Stepper_Motor.elf  "Stepper_Motor.bin"
 
Finished building: Stepper_Motor.hex
Finished building: Stepper_Motor.bin
Finished building: Stepper_Motor.list
 
 
 
05:10:44 **** Incremental Build of configuration Debug for project Stepper_Motor ****
make -j24 all 
arm-none-eabi-gcc "../Core/Src/main.c" -mcpu=cortex-m4 -std=gnu11 -g3 -DDEBUG -DUSE_HAL_DRIVER -DSTM32F407xx -c -I../Core/Inc -I../Drivers/STM32F4xx_HAL_Driver/Inc -I../Drivers/STM32F4xx_HAL_Driver/Inc/Legacy -I../Drivers/CMSIS/Device/ST/STM32F4xx/Include -I../Drivers/CMSIS/Include -O0 -ffunction-sections -fdata-sections -Wall -fstack-usage -fcyclomatic-complexity -MMD -MP -MF"Core/Src/main.d" -MT"Core/Src/main.o" --specs=nano.specs -mfpu=fpv4-sp-d16 -mfloat-abi=hard -mthumb -o "Core/Src/main.o"
arm-none-eabi-gcc -o "Stepper_Motor.elf" @"objects.list"   -mcpu=cortex-m4 -T"D:\Project\STM32_PROJECT\Stepper_Motor\Stepper_Motor\STM32F407VGTX_FLASH.ld" --specs=nosys.specs -Wl,-Map="Stepper_Motor.map" -Wl,--gc-sections -static --specs=nano.specs -mfpu=fpv4-sp-d16 -mfloat-abi=hard -mthumb -Wl,--start-group -lc -lm -Wl,--end-group
Finished building target: Stepper_Motor.elf
 
arm-none-eabi-size  Stepper_Motor.elf 
arm-none-eabi-objdump -h -S Stepper_Motor.elf  > "Stepper_Motor.list"
   text	   data	    bss	    dec	    hex	filename
   5780	     12	   1572	   7364	   1cc4	Stepper_Motor.elf
arm-none-eabi-objcopy  -O ihex Stepper_Motor.elf  "Stepper_Motor.hex"
Finished building: default.size.stdout
arm-none-eabi-objcopy  -O binary Stepper_Motor.elf  "Stepper_Motor.bin"
 
Finished building: Stepper_Motor.hex
Finished building: Stepper_Motor.bin
Finished building: Stepper_Motor.list
 
 
 
05:11:37 **** Incremental Build of configuration Debug for project Stepper_Motor ****
make -j24 all 
arm-none-eabi-gcc "../Core/Src/main.c" -mcpu=cortex-m4 -std=gnu11 -g3 -DDEBUG -DUSE_HAL_DRIVER -DSTM32F407xx -c -I../Core/Inc -I../Drivers/STM32F4xx_HAL_Driver/Inc -I../Drivers/STM32F4xx_HAL_Driver/Inc/Legacy -I../Drivers/CMSIS/Device/ST/STM32F4xx/Include -I../Drivers/CMSIS/Include -O0 -ffunction-sections -fdata-sections -Wall -fstack-usage -fcyclomatic-complexity -MMD -MP -MF"Core/Src/main.d" -MT"Core/Src/main.o" --specs=nano.specs -mfpu=fpv4-sp-d16 -mfloat-abi=hard -mthumb -o "Core/Src/main.o"
arm-none-eabi-gcc -o "Stepper_Motor.elf" @"objects.list"   -mcpu=cortex-m4 -T"D:\Project\STM32_PROJECT\Stepper_Motor\Stepper_Motor\STM32F407VGTX_FLASH.ld" --specs=nosys.specs -Wl,-Map="Stepper_Motor.map" -Wl,--gc-sections -static --specs=nano.specs -mfpu=fpv4-sp-d16 -mfloat-abi=hard -mthumb -Wl,--start-group -lc -lm -Wl,--end-group
Finished building target: Stepper_Motor.elf
 
arm-none-eabi-size  Stepper_Motor.elf 
arm-none-eabi-objdump -h -S Stepper_Motor.elf  > "Stepper_Motor.list"
   text	   data	    bss	    dec	    hex	filename
   5792	     12	   1572	   7376	   1cd0	Stepper_Motor.elf
arm-none-eabi-objcopy  -O ihex Stepper_Motor.elf  "Stepper_Motor.hex"
Finished building: default.size.stdout
arm-none-eabi-objcopy  -O binary Stepper_Motor.elf  "Stepper_Motor.bin"
 
Finished building: Stepper_Motor.hex
Finished building: Stepper_Motor.list
 
Finished building: Stepper_Motor.bin
 
 
05:12:20 **** Incremental Build of configuration Debug for project Stepper_Motor ****
make -j24 all 
arm-none-eabi-gcc "../Core/Src/main.c" -mcpu=cortex-m4 -std=gnu11 -g3 -DDEBUG -DUSE_HAL_DRIVER -DSTM32F407xx -c -I../Core/Inc -I../Drivers/STM32F4xx_HAL_Driver/Inc -I../Drivers/STM32F4xx_HAL_Driver/Inc/Legacy -I../Drivers/CMSIS/Device/ST/STM32F4xx/Include -I../Drivers/CMSIS/Include -O0 -ffunction-sections -fdata-sections -Wall -fstack-usage -fcyclomatic-complexity -MMD -MP -MF"Core/Src/main.d" -MT"Core/Src/main.o" --specs=nano.specs -mfpu=fpv4-sp-d16 -mfloat-abi=hard -mthumb -o "Core/Src/main.o"
arm-none-eabi-gcc -o "Stepper_Motor.elf" @"objects.list"   -mcpu=cortex-m4 -T"D:\Project\STM32_PROJECT\Stepper_Motor\Stepper_Motor\STM32F407VGTX_FLASH.ld" --specs=nosys.specs -Wl,-Map="Stepper_Motor.map" -Wl,--gc-sections -static --specs=nano.specs -mfpu=fpv4-sp-d16 -mfloat-abi=hard -mthumb -Wl,--start-group -lc -lm -Wl,--end-group
Finished building target: Stepper_Motor.elf
 
arm-none-eabi-size  Stepper_Motor.elf 
arm-none-eabi-objdump -h -S Stepper_Motor.elf  > "Stepper_Motor.list"
   text	   data	    bss	    dec	    hex	filename
   5792	     12	   1572	   7376	   1cd0	Stepper_Motor.elf
arm-none-eabi-objcopy  -O ihex Stepper_Motor.elf  "Stepper_Motor.hex"
Finished building: default.size.stdout
arm-none-eabi-objcopy  -O binary Stepper_Motor.elf  "Stepper_Motor.bin"
 
Finished building: Stepper_Motor.hex
Finished building: Stepper_Motor.bin
Finished building: Stepper_Motor.list
 
 
 
05:14:07 **** Incremental Build of configuration Debug for project Stepper_Motor ****
make -j24 all 
arm-none-eabi-gcc "../Core/Src/main.c" -mcpu=cortex-m4 -std=gnu11 -g3 -DDEBUG -DUSE_HAL_DRIVER -DSTM32F407xx -c -I../Core/Inc -I../Drivers/STM32F4xx_HAL_Driver/Inc -I../Drivers/STM32F4xx_HAL_Driver/Inc/Legacy -I../Drivers/CMSIS/Device/ST/STM32F4xx/Include -I../Drivers/CMSIS/Include -O0 -ffunction-sections -fdata-sections -Wall -fstack-usage -fcyclomatic-complexity -MMD -MP -MF"Core/Src/main.d" -MT"Core/Src/main.o" --specs=nano.specs -mfpu=fpv4-sp-d16 -mfloat-abi=hard -mthumb -o "Core/Src/main.o"
arm-none-eabi-gcc -o "Stepper_Motor.elf" @"objects.list"   -mcpu=cortex-m4 -T"D:\Project\STM32_PROJECT\Stepper_Motor\Stepper_Motor\STM32F407VGTX_FLASH.ld" --specs=nosys.specs -Wl,-Map="Stepper_Motor.map" -Wl,--gc-sections -static --specs=nano.specs -mfpu=fpv4-sp-d16 -mfloat-abi=hard -mthumb -Wl,--start-group -lc -lm -Wl,--end-group
Finished building target: Stepper_Motor.elf
 
arm-none-eabi-size  Stepper_Motor.elf 
arm-none-eabi-objdump -h -S Stepper_Motor.elf  > "Stepper_Motor.list"
   text	   data	    bss	    dec	    hex	filename
   5792	     12	   1572	   7376	   1cd0	Stepper_Motor.elf
arm-none-eabi-objcopy  -O ihex Stepper_Motor.elf  "Stepper_Motor.hex"
Finished building: default.size.stdout
arm-none-eabi-objcopy  -O binary Stepper_Motor.elf  "Stepper_Motor.bin"
 
Finished building: Stepper_Motor.hex
 
Finished building: Stepper_Motor.list
Finished building: Stepper_Motor.bin
 
 
05:14:44 **** Incremental Build of configuration Debug for project Stepper_Motor ****
make -j24 all 
arm-none-eabi-gcc "../Core/Src/main.c" -mcpu=cortex-m4 -std=gnu11 -g3 -DDEBUG -DUSE_HAL_DRIVER -DSTM32F407xx -c -I../Core/Inc -I../Drivers/STM32F4xx_HAL_Driver/Inc -I../Drivers/STM32F4xx_HAL_Driver/Inc/Legacy -I../Drivers/CMSIS/Device/ST/STM32F4xx/Include -I../Drivers/CMSIS/Include -O0 -ffunction-sections -fdata-sections -Wall -fstack-usage -fcyclomatic-complexity -MMD -MP -MF"Core/Src/main.d" -MT"Core/Src/main.o" --specs=nano.specs -mfpu=fpv4-sp-d16 -mfloat-abi=hard -mthumb -o "Core/Src/main.o"
arm-none-eabi-gcc -o "Stepper_Motor.elf" @"objects.list"   -mcpu=cortex-m4 -T"D:\Project\STM32_PROJECT\Stepper_Motor\Stepper_Motor\STM32F407VGTX_FLASH.ld" --specs=nosys.specs -Wl,-Map="Stepper_Motor.map" -Wl,--gc-sections -static --specs=nano.specs -mfpu=fpv4-sp-d16 -mfloat-abi=hard -mthumb -Wl,--start-group -lc -lm -Wl,--end-group
Finished building target: Stepper_Motor.elf
 
arm-none-eabi-size  Stepper_Motor.elf 
arm-none-eabi-objdump -h -S Stepper_Motor.elf  > "Stepper_Motor.list"
   text	   data	    bss	    dec	    hex	filename
   5792	     12	   1572	   7376	   1cd0	Stepper_Motor.elf
arm-none-eabi-objcopy  -O ihex Stepper_Motor.elf  "Stepper_Motor.hex"
Finished building: default.size.stdout
arm-none-eabi-objcopy  -O binary Stepper_Motor.elf  "Stepper_Motor.bin"
 
Finished building: Stepper_Motor.hex
Finished building: Stepper_Motor.list
Finished building: Stepper_Motor.bin
 
 
 
05:16:33 **** Incremental Build of configuration Debug for project Stepper_Motor ****
make -j24 all 
arm-none-eabi-gcc "../Core/Src/main.c" -mcpu=cortex-m4 -std=gnu11 -g3 -DDEBUG -DUSE_HAL_DRIVER -DSTM32F407xx -c -I../Core/Inc -I../Drivers/STM32F4xx_HAL_Driver/Inc -I../Drivers/STM32F4xx_HAL_Driver/Inc/Legacy -I../Drivers/CMSIS/Device/ST/STM32F4xx/Include -I../Drivers/CMSIS/Include -O0 -ffunction-sections -fdata-sections -Wall -fstack-usage -fcyclomatic-complexity -MMD -MP -MF"Core/Src/main.d" -MT"Core/Src/main.o" --specs=nano.specs -mfpu=fpv4-sp-d16 -mfloat-abi=hard -mthumb -o "Core/Src/main.o"
arm-none-eabi-gcc -o "Stepper_Motor.elf" @"objects.list"   -mcpu=cortex-m4 -T"D:\Project\STM32_PROJECT\Stepper_Motor\Stepper_Motor\STM32F407VGTX_FLASH.ld" --specs=nosys.specs -Wl,-Map="Stepper_Motor.map" -Wl,--gc-sections -static --specs=nano.specs -mfpu=fpv4-sp-d16 -mfloat-abi=hard -mthumb -Wl,--start-group -lc -lm -Wl,--end-group
Finished building target: Stepper_Motor.elf
 
arm-none-eabi-size  Stepper_Motor.elf 
arm-none-eabi-objdump -h -S Stepper_Motor.elf  > "Stepper_Motor.list"
   text	   data	    bss	    dec	    hex	filename
   5804	     12	   1572	   7388	   1cdc	Stepper_Motor.elf
arm-none-eabi-objcopy  -O ihex Stepper_Motor.elf  "Stepper_Motor.hex"
Finished building: default.size.stdout
arm-none-eabi-objcopy  -O binary Stepper_Motor.elf  "Stepper_Motor.bin"
 
Finished building: Stepper_Motor.hex
Finished building: Stepper_Motor.list
 
Finished building: Stepper_Motor.bin
 
 
05:18:24 **** Incremental Build of configuration Debug for project Stepper_Motor ****
make -j24 all 
arm-none-eabi-gcc "../Core/Src/main.c" -mcpu=cortex-m4 -std=gnu11 -g3 -DDEBUG -DUSE_HAL_DRIVER -DSTM32F407xx -c -I../Core/Inc -I../Drivers/STM32F4xx_HAL_Driver/Inc -I../Drivers/STM32F4xx_HAL_Driver/Inc/Legacy -I../Drivers/CMSIS/Device/ST/STM32F4xx/Include -I../Drivers/CMSIS/Include -O0 -ffunction-sections -fdata-sections -Wall -fstack-usage -fcyclomatic-complexity -MMD -MP -MF"Core/Src/main.d" -MT"Core/Src/main.o" --specs=nano.specs -mfpu=fpv4-sp-d16 -mfloat-abi=hard -mthumb -o "Core/Src/main.o"
arm-none-eabi-gcc -o "Stepper_Motor.elf" @"objects.list"   -mcpu=cortex-m4 -T"D:\Project\STM32_PROJECT\Stepper_Motor\Stepper_Motor\STM32F407VGTX_FLASH.ld" --specs=nosys.specs -Wl,-Map="Stepper_Motor.map" -Wl,--gc-sections -static --specs=nano.specs -mfpu=fpv4-sp-d16 -mfloat-abi=hard -mthumb -Wl,--start-group -lc -lm -Wl,--end-group
Finished building target: Stepper_Motor.elf
 
arm-none-eabi-size  Stepper_Motor.elf 
arm-none-eabi-objdump -h -S Stepper_Motor.elf  > "Stepper_Motor.list"
   text	   data	    bss	    dec	    hex	filename
   5804	     12	   1572	   7388	   1cdc	Stepper_Motor.elf
arm-none-eabi-objcopy  -O ihex Stepper_Motor.elf  "Stepper_Motor.hex"
Finished building: default.size.stdout
arm-none-eabi-objcopy  -O binary Stepper_Motor.elf  "Stepper_Motor.bin"
 
Finished building: Stepper_Motor.hex
Finished building: Stepper_Motor.bin
Finished building: Stepper_Motor.list
 
 
 
05:19:25 **** Incremental Build of configuration Debug for project Stepper_Motor ****
make -j24 all 
arm-none-eabi-gcc "../Core/Src/main.c" -mcpu=cortex-m4 -std=gnu11 -g3 -DDEBUG -DUSE_HAL_DRIVER -DSTM32F407xx -c -I../Core/Inc -I../Drivers/STM32F4xx_HAL_Driver/Inc -I../Drivers/STM32F4xx_HAL_Driver/Inc/Legacy -I../Drivers/CMSIS/Device/ST/STM32F4xx/Include -I../Drivers/CMSIS/Include -O0 -ffunction-sections -fdata-sections -Wall -fstack-usage -fcyclomatic-complexity -MMD -MP -MF"Core/Src/main.d" -MT"Core/Src/main.o" --specs=nano.specs -mfpu=fpv4-sp-d16 -mfloat-abi=hard -mthumb -o "Core/Src/main.o"
arm-none-eabi-gcc -o "Stepper_Motor.elf" @"objects.list"   -mcpu=cortex-m4 -T"D:\Project\STM32_PROJECT\Stepper_Motor\Stepper_Motor\STM32F407VGTX_FLASH.ld" --specs=nosys.specs -Wl,-Map="Stepper_Motor.map" -Wl,--gc-sections -static --specs=nano.specs -mfpu=fpv4-sp-d16 -mfloat-abi=hard -mthumb -Wl,--start-group -lc -lm -Wl,--end-group
Finished building target: Stepper_Motor.elf
 
arm-none-eabi-size  Stepper_Motor.elf 
arm-none-eabi-objdump -h -S Stepper_Motor.elf  > "Stepper_Motor.list"
   text	   data	    bss	    dec	    hex	filename
   5804	     12	   1572	   7388	   1cdc	Stepper_Motor.elf
arm-none-eabi-objcopy  -O ihex Stepper_Motor.elf  "Stepper_Motor.hex"
Finished building: default.size.stdout
arm-none-eabi-objcopy  -O binary Stepper_Motor.elf  "Stepper_Motor.bin"
 
Finished building: Stepper_Motor.hex
Finished building: Stepper_Motor.bin
Finished building: Stepper_Motor.list
 
 
 
05:22:22 **** Incremental Build of configuration Debug for project Stepper_Motor ****
make -j24 all 
arm-none-eabi-size  Stepper_Motor.elf 
   text	   data	    bss	    dec	    hex	filename
   5804	     12	   1572	   7388	   1cdc	Stepper_Motor.elf
Finished building: default.size.stdout
 
05:23:01 **** Incremental Build of configuration Debug for project Stepper_Motor ****
make -j24 all 
arm-none-eabi-gcc "../Core/Src/main.c" -mcpu=cortex-m4 -std=gnu11 -g3 -DDEBUG -DUSE_HAL_DRIVER -DSTM32F407xx -c -I../Core/Inc -I../Drivers/STM32F4xx_HAL_Driver/Inc -I../Drivers/STM32F4xx_HAL_Driver/Inc/Legacy -I../Drivers/CMSIS/Device/ST/STM32F4xx/Include -I../Drivers/CMSIS/Include -O0 -ffunction-sections -fdata-sections -Wall -fstack-usage -fcyclomatic-complexity -MMD -MP -MF"Core/Src/main.d" -MT"Core/Src/main.o" --specs=nano.specs -mfpu=fpv4-sp-d16 -mfloat-abi=hard -mthumb -o "Core/Src/main.o"
arm-none-eabi-gcc -o "Stepper_Motor.elf" @"objects.list"   -mcpu=cortex-m4 -T"D:\Project\STM32_PROJECT\Stepper_Motor\Stepper_Motor\STM32F407VGTX_FLASH.ld" --specs=nosys.specs -Wl,-Map="Stepper_Motor.map" -Wl,--gc-sections -static --specs=nano.specs -mfpu=fpv4-sp-d16 -mfloat-abi=hard -mthumb -Wl,--start-group -lc -lm -Wl,--end-group
Finished building target: Stepper_Motor.elf
 
arm-none-eabi-size  Stepper_Motor.elf 
arm-none-eabi-objdump -h -S Stepper_Motor.elf  > "Stepper_Motor.list"
   text	   data	    bss	    dec	    hex	filename
   5804	     12	   1572	   7388	   1cdc	Stepper_Motor.elf
arm-none-eabi-objcopy  -O ihex Stepper_Motor.elf  "Stepper_Motor.hex"
Finished building: default.size.stdout
arm-none-eabi-objcopy  -O binary Stepper_Motor.elf  "Stepper_Motor.bin"
 
Finished building: Stepper_Motor.hex
Finished building: Stepper_Motor.bin
Finished building: Stepper_Motor.list
 
 
 
05:23:19 **** Incremental Build of configuration Debug for project Stepper_Motor ****
make -j24 all 
arm-none-eabi-gcc "../Core/Src/main.c" -mcpu=cortex-m4 -std=gnu11 -g3 -DDEBUG -DUSE_HAL_DRIVER -DSTM32F407xx -c -I../Core/Inc -I../Drivers/STM32F4xx_HAL_Driver/Inc -I../Drivers/STM32F4xx_HAL_Driver/Inc/Legacy -I../Drivers/CMSIS/Device/ST/STM32F4xx/Include -I../Drivers/CMSIS/Include -O0 -ffunction-sections -fdata-sections -Wall -fstack-usage -fcyclomatic-complexity -MMD -MP -MF"Core/Src/main.d" -MT"Core/Src/main.o" --specs=nano.specs -mfpu=fpv4-sp-d16 -mfloat-abi=hard -mthumb -o "Core/Src/main.o"
arm-none-eabi-gcc -o "Stepper_Motor.elf" @"objects.list"   -mcpu=cortex-m4 -T"D:\Project\STM32_PROJECT\Stepper_Motor\Stepper_Motor\STM32F407VGTX_FLASH.ld" --specs=nosys.specs -Wl,-Map="Stepper_Motor.map" -Wl,--gc-sections -static --specs=nano.specs -mfpu=fpv4-sp-d16 -mfloat-abi=hard -mthumb -Wl,--start-group -lc -lm -Wl,--end-group
Finished building target: Stepper_Motor.elf
 
arm-none-eabi-size  Stepper_Motor.elf 
arm-none-eabi-objdump -h -S Stepper_Motor.elf  > "Stepper_Motor.list"
   text	   data	    bss	    dec	    hex	filename
   5804	     12	   1572	   7388	   1cdc	Stepper_Motor.elf
arm-none-eabi-objcopy  -O ihex Stepper_Motor.elf  "Stepper_Motor.hex"
Finished building: default.size.stdout
arm-none-eabi-objcopy  -O binary Stepper_Motor.elf  "Stepper_Motor.bin"
 
Finished building: Stepper_Motor.hex
Finished building: Stepper_Motor.bin
Finished building: Stepper_Motor.list
 
 
 
05:27:20 **** Incremental Build of configuration Debug for project Stepper_Motor ****
make -j24 all 
arm-none-eabi-gcc "../Core/Src/main.c" -mcpu=cortex-m4 -std=gnu11 -g3 -DDEBUG -DUSE_HAL_DRIVER -DSTM32F407xx -c -I../Core/Inc -I../Drivers/STM32F4xx_HAL_Driver/Inc -I../Drivers/STM32F4xx_HAL_Driver/Inc/Legacy -I../Drivers/CMSIS/Device/ST/STM32F4xx/Include -I../Drivers/CMSIS/Include -O0 -ffunction-sections -fdata-sections -Wall -fstack-usage -fcyclomatic-complexity -MMD -MP -MF"Core/Src/main.d" -MT"Core/Src/main.o" --specs=nano.specs -mfpu=fpv4-sp-d16 -mfloat-abi=hard -mthumb -o "Core/Src/main.o"
arm-none-eabi-gcc -o "Stepper_Motor.elf" @"objects.list"   -mcpu=cortex-m4 -T"D:\Project\STM32_PROJECT\Stepper_Motor\Stepper_Motor\STM32F407VGTX_FLASH.ld" --specs=nosys.specs -Wl,-Map="Stepper_Motor.map" -Wl,--gc-sections -static --specs=nano.specs -mfpu=fpv4-sp-d16 -mfloat-abi=hard -mthumb -Wl,--start-group -lc -lm -Wl,--end-group
Finished building target: Stepper_Motor.elf
 
arm-none-eabi-size  Stepper_Motor.elf 
arm-none-eabi-objdump -h -S Stepper_Motor.elf  > "Stepper_Motor.list"
   text	   data	    bss	    dec	    hex	filename
   5792	     12	   1572	   7376	   1cd0	Stepper_Motor.elf
arm-none-eabi-objcopy  -O ihex Stepper_Motor.elf  "Stepper_Motor.hex"
Finished building: default.size.stdout
arm-none-eabi-objcopy  -O binary Stepper_Motor.elf  "Stepper_Motor.bin"
 
Finished building: Stepper_Motor.hex
Finished building: Stepper_Motor.bin
Finished building: Stepper_Motor.list
 
 
 
05:27:58 **** Incremental Build of configuration Debug for project Stepper_Motor ****
make -j24 all 
arm-none-eabi-gcc "../Core/Src/main.c" -mcpu=cortex-m4 -std=gnu11 -g3 -DDEBUG -DUSE_HAL_DRIVER -DSTM32F407xx -c -I../Core/Inc -I../Drivers/STM32F4xx_HAL_Driver/Inc -I../Drivers/STM32F4xx_HAL_Driver/Inc/Legacy -I../Drivers/CMSIS/Device/ST/STM32F4xx/Include -I../Drivers/CMSIS/Include -O0 -ffunction-sections -fdata-sections -Wall -fstack-usage -fcyclomatic-complexity -MMD -MP -MF"Core/Src/main.d" -MT"Core/Src/main.o" --specs=nano.specs -mfpu=fpv4-sp-d16 -mfloat-abi=hard -mthumb -o "Core/Src/main.o"
arm-none-eabi-gcc -o "Stepper_Motor.elf" @"objects.list"   -mcpu=cortex-m4 -T"D:\Project\STM32_PROJECT\Stepper_Motor\Stepper_Motor\STM32F407VGTX_FLASH.ld" --specs=nosys.specs -Wl,-Map="Stepper_Motor.map" -Wl,--gc-sections -static --specs=nano.specs -mfpu=fpv4-sp-d16 -mfloat-abi=hard -mthumb -Wl,--start-group -lc -lm -Wl,--end-group
Finished building target: Stepper_Motor.elf
 
arm-none-eabi-size  Stepper_Motor.elf 
arm-none-eabi-objdump -h -S Stepper_Motor.elf  > "Stepper_Motor.list"
   text	   data	    bss	    dec	    hex	filename
   5804	     12	   1572	   7388	   1cdc	Stepper_Motor.elf
arm-none-eabi-objcopy  -O ihex Stepper_Motor.elf  "Stepper_Motor.hex"
Finished building: default.size.stdout
arm-none-eabi-objcopy  -O binary Stepper_Motor.elf  "Stepper_Motor.bin"
 
Finished building: Stepper_Motor.hex
 
Finished building: Stepper_Motor.list
Finished building: Stepper_Motor.bin
 
 
05:30:49 **** Incremental Build of configuration Debug for project Stepper_Motor ****
make -j24 all 
arm-none-eabi-gcc "../Core/Src/main.c" -mcpu=cortex-m4 -std=gnu11 -g3 -DDEBUG -DUSE_HAL_DRIVER -DSTM32F407xx -c -I../Core/Inc -I../Drivers/STM32F4xx_HAL_Driver/Inc -I../Drivers/STM32F4xx_HAL_Driver/Inc/Legacy -I../Drivers/CMSIS/Device/ST/STM32F4xx/Include -I../Drivers/CMSIS/Include -O0 -ffunction-sections -fdata-sections -Wall -fstack-usage -fcyclomatic-complexity -MMD -MP -MF"Core/Src/main.d" -MT"Core/Src/main.o" --specs=nano.specs -mfpu=fpv4-sp-d16 -mfloat-abi=hard -mthumb -o "Core/Src/main.o"
arm-none-eabi-gcc -o "Stepper_Motor.elf" @"objects.list"   -mcpu=cortex-m4 -T"D:\Project\STM32_PROJECT\Stepper_Motor\Stepper_Motor\STM32F407VGTX_FLASH.ld" --specs=nosys.specs -Wl,-Map="Stepper_Motor.map" -Wl,--gc-sections -static --specs=nano.specs -mfpu=fpv4-sp-d16 -mfloat-abi=hard -mthumb -Wl,--start-group -lc -lm -Wl,--end-group
Finished building target: Stepper_Motor.elf
 
arm-none-eabi-size  Stepper_Motor.elf 
arm-none-eabi-objdump -h -S Stepper_Motor.elf  > "Stepper_Motor.list"
   text	   data	    bss	    dec	    hex	filename
   5800	     12	   1572	   7384	   1cd8	Stepper_Motor.elf
arm-none-eabi-objcopy  -O ihex Stepper_Motor.elf  "Stepper_Motor.hex"
Finished building: default.size.stdout
arm-none-eabi-objcopy  -O binary Stepper_Motor.elf  "Stepper_Motor.bin"
 
Finished building: Stepper_Motor.hex
Finished building: Stepper_Motor.list
Finished building: Stepper_Motor.bin
 
 
 
05:34:28 **** Incremental Build of configuration Debug for project Stepper_Motor ****
make -j24 all 
arm-none-eabi-gcc "../Core/Src/main.c" -mcpu=cortex-m4 -std=gnu11 -g3 -DDEBUG -DUSE_HAL_DRIVER -DSTM32F407xx -c -I../Core/Inc -I../Drivers/STM32F4xx_HAL_Driver/Inc -I../Drivers/STM32F4xx_HAL_Driver/Inc/Legacy -I../Drivers/CMSIS/Device/ST/STM32F4xx/Include -I../Drivers/CMSIS/Include -O0 -ffunction-sections -fdata-sections -Wall -fstack-usage -fcyclomatic-complexity -MMD -MP -MF"Core/Src/main.d" -MT"Core/Src/main.o" --specs=nano.specs -mfpu=fpv4-sp-d16 -mfloat-abi=hard -mthumb -o "Core/Src/main.o"
arm-none-eabi-gcc -o "Stepper_Motor.elf" @"objects.list"   -mcpu=cortex-m4 -T"D:\Project\STM32_PROJECT\Stepper_Motor\Stepper_Motor\STM32F407VGTX_FLASH.ld" --specs=nosys.specs -Wl,-Map="Stepper_Motor.map" -Wl,--gc-sections -static --specs=nano.specs -mfpu=fpv4-sp-d16 -mfloat-abi=hard -mthumb -Wl,--start-group -lc -lm -Wl,--end-group
Finished building target: Stepper_Motor.elf
 
arm-none-eabi-size  Stepper_Motor.elf 
arm-none-eabi-objdump -h -S Stepper_Motor.elf  > "Stepper_Motor.list"
   text	   data	    bss	    dec	    hex	filename
   5804	     12	   1572	   7388	   1cdc	Stepper_Motor.elf
arm-none-eabi-objcopy  -O ihex Stepper_Motor.elf  "Stepper_Motor.hex"
Finished building: default.size.stdout
arm-none-eabi-objcopy  -O binary Stepper_Motor.elf  "Stepper_Motor.bin"
 
Finished building: Stepper_Motor.list
Finished building: Stepper_Motor.hex
Finished building: Stepper_Motor.bin
 
 
 
05:37:25 **** Incremental Build of configuration Debug for project Stepper_Motor ****
make -j24 all 
arm-none-eabi-gcc "../Core/Src/main.c" -mcpu=cortex-m4 -std=gnu11 -g3 -DDEBUG -DUSE_HAL_DRIVER -DSTM32F407xx -c -I../Core/Inc -I../Drivers/STM32F4xx_HAL_Driver/Inc -I../Drivers/STM32F4xx_HAL_Driver/Inc/Legacy -I../Drivers/CMSIS/Device/ST/STM32F4xx/Include -I../Drivers/CMSIS/Include -O0 -ffunction-sections -fdata-sections -Wall -fstack-usage -fcyclomatic-complexity -MMD -MP -MF"Core/Src/main.d" -MT"Core/Src/main.o" --specs=nano.specs -mfpu=fpv4-sp-d16 -mfloat-abi=hard -mthumb -o "Core/Src/main.o"
arm-none-eabi-gcc -o "Stepper_Motor.elf" @"objects.list"   -mcpu=cortex-m4 -T"D:\Project\STM32_PROJECT\Stepper_Motor\Stepper_Motor\STM32F407VGTX_FLASH.ld" --specs=nosys.specs -Wl,-Map="Stepper_Motor.map" -Wl,--gc-sections -static --specs=nano.specs -mfpu=fpv4-sp-d16 -mfloat-abi=hard -mthumb -Wl,--start-group -lc -lm -Wl,--end-group
Finished building target: Stepper_Motor.elf
 
arm-none-eabi-size  Stepper_Motor.elf 
arm-none-eabi-objdump -h -S Stepper_Motor.elf  > "Stepper_Motor.list"
   text	   data	    bss	    dec	    hex	filename
   5804	     12	   1572	   7388	   1cdc	Stepper_Motor.elf
arm-none-eabi-objcopy  -O ihex Stepper_Motor.elf  "Stepper_Motor.hex"
Finished building: default.size.stdout
arm-none-eabi-objcopy  -O binary Stepper_Motor.elf  "Stepper_Motor.bin"
 
Finished building: Stepper_Motor.hex
Finished building: Stepper_Motor.bin
 
Finished building: Stepper_Motor.list
 
 
05:38:19 **** Incremental Build of configuration Debug for project Stepper_Motor ****
make -j24 all 
arm-none-eabi-gcc "../Core/Src/main.c" -mcpu=cortex-m4 -std=gnu11 -g3 -DDEBUG -DUSE_HAL_DRIVER -DSTM32F407xx -c -I../Core/Inc -I../Drivers/STM32F4xx_HAL_Driver/Inc -I../Drivers/STM32F4xx_HAL_Driver/Inc/Legacy -I../Drivers/CMSIS/Device/ST/STM32F4xx/Include -I../Drivers/CMSIS/Include -O0 -ffunction-sections -fdata-sections -Wall -fstack-usage -fcyclomatic-complexity -MMD -MP -MF"Core/Src/main.d" -MT"Core/Src/main.o" --specs=nano.specs -mfpu=fpv4-sp-d16 -mfloat-abi=hard -mthumb -o "Core/Src/main.o"
arm-none-eabi-gcc -o "Stepper_Motor.elf" @"objects.list"   -mcpu=cortex-m4 -T"D:\Project\STM32_PROJECT\Stepper_Motor\Stepper_Motor\STM32F407VGTX_FLASH.ld" --specs=nosys.specs -Wl,-Map="Stepper_Motor.map" -Wl,--gc-sections -static --specs=nano.specs -mfpu=fpv4-sp-d16 -mfloat-abi=hard -mthumb -Wl,--start-group -lc -lm -Wl,--end-group
Finished building target: Stepper_Motor.elf
 
arm-none-eabi-size  Stepper_Motor.elf 
arm-none-eabi-objdump -h -S Stepper_Motor.elf  > "Stepper_Motor.list"
   text	   data	    bss	    dec	    hex	filename
   5792	     12	   1572	   7376	   1cd0	Stepper_Motor.elf
arm-none-eabi-objcopy  -O ihex Stepper_Motor.elf  "Stepper_Motor.hex"
Finished building: default.size.stdout
arm-none-eabi-objcopy  -O binary Stepper_Motor.elf  "Stepper_Motor.bin"
 
Finished building: Stepper_Motor.hex
Finished building: Stepper_Motor.bin
Finished building: Stepper_Motor.list
 
 
 
05:38:52 **** Incremental Build of configuration Debug for project Stepper_Motor ****
make -j24 all 
arm-none-eabi-gcc "../Core/Src/main.c" -mcpu=cortex-m4 -std=gnu11 -g3 -DDEBUG -DUSE_HAL_DRIVER -DSTM32F407xx -c -I../Core/Inc -I../Drivers/STM32F4xx_HAL_Driver/Inc -I../Drivers/STM32F4xx_HAL_Driver/Inc/Legacy -I../Drivers/CMSIS/Device/ST/STM32F4xx/Include -I../Drivers/CMSIS/Include -O0 -ffunction-sections -fdata-sections -Wall -fstack-usage -fcyclomatic-complexity -MMD -MP -MF"Core/Src/main.d" -MT"Core/Src/main.o" --specs=nano.specs -mfpu=fpv4-sp-d16 -mfloat-abi=hard -mthumb -o "Core/Src/main.o"
arm-none-eabi-gcc -o "Stepper_Motor.elf" @"objects.list"   -mcpu=cortex-m4 -T"D:\Project\STM32_PROJECT\Stepper_Motor\Stepper_Motor\STM32F407VGTX_FLASH.ld" --specs=nosys.specs -Wl,-Map="Stepper_Motor.map" -Wl,--gc-sections -static --specs=nano.specs -mfpu=fpv4-sp-d16 -mfloat-abi=hard -mthumb -Wl,--start-group -lc -lm -Wl,--end-group
Finished building target: Stepper_Motor.elf
 
arm-none-eabi-size  Stepper_Motor.elf 
arm-none-eabi-objdump -h -S Stepper_Motor.elf  > "Stepper_Motor.list"
   text	   data	    bss	    dec	    hex	filename
   5792	     12	   1572	   7376	   1cd0	Stepper_Motor.elf
arm-none-eabi-objcopy  -O ihex Stepper_Motor.elf  "Stepper_Motor.hex"
Finished building: default.size.stdout
arm-none-eabi-objcopy  -O binary Stepper_Motor.elf  "Stepper_Motor.bin"
 
Finished building: Stepper_Motor.hex
Finished building: Stepper_Motor.bin
Finished building: Stepper_Motor.list
 
 
 
05:40:11 **** Incremental Build of configuration Debug for project Stepper_Motor ****
make -j24 all 
arm-none-eabi-gcc "../Core/Src/main.c" -mcpu=cortex-m4 -std=gnu11 -g3 -DDEBUG -DUSE_HAL_DRIVER -DSTM32F407xx -c -I../Core/Inc -I../Drivers/STM32F4xx_HAL_Driver/Inc -I../Drivers/STM32F4xx_HAL_Driver/Inc/Legacy -I../Drivers/CMSIS/Device/ST/STM32F4xx/Include -I../Drivers/CMSIS/Include -O0 -ffunction-sections -fdata-sections -Wall -fstack-usage -fcyclomatic-complexity -MMD -MP -MF"Core/Src/main.d" -MT"Core/Src/main.o" --specs=nano.specs -mfpu=fpv4-sp-d16 -mfloat-abi=hard -mthumb -o "Core/Src/main.o"
arm-none-eabi-gcc -o "Stepper_Motor.elf" @"objects.list"   -mcpu=cortex-m4 -T"D:\Project\STM32_PROJECT\Stepper_Motor\Stepper_Motor\STM32F407VGTX_FLASH.ld" --specs=nosys.specs -Wl,-Map="Stepper_Motor.map" -Wl,--gc-sections -static --specs=nano.specs -mfpu=fpv4-sp-d16 -mfloat-abi=hard -mthumb -Wl,--start-group -lc -lm -Wl,--end-group
Finished building target: Stepper_Motor.elf
 
arm-none-eabi-size  Stepper_Motor.elf 
arm-none-eabi-objdump -h -S Stepper_Motor.elf  > "Stepper_Motor.list"
   text	   data	    bss	    dec	    hex	filename
   5804	     12	   1572	   7388	   1cdc	Stepper_Motor.elf
arm-none-eabi-objcopy  -O ihex Stepper_Motor.elf  "Stepper_Motor.hex"
Finished building: default.size.stdout
arm-none-eabi-objcopy  -O binary Stepper_Motor.elf  "Stepper_Motor.bin"
 
Finished building: Stepper_Motor.hex
Finished building: Stepper_Motor.bin
Finished building: Stepper_Motor.list
 
 
 
07:04:03 **** Incremental Build of configuration Debug for project Stepper_Motor ****
make -j24 all 
arm-none-eabi-gcc "../Core/Src/main.c" -mcpu=cortex-m4 -std=gnu11 -g3 -DDEBUG -DUSE_HAL_DRIVER -DSTM32F407xx -c -I../Core/Inc -I../Drivers/STM32F4xx_HAL_Driver/Inc -I../Drivers/STM32F4xx_HAL_Driver/Inc/Legacy -I../Drivers/CMSIS/Device/ST/STM32F4xx/Include -I../Drivers/CMSIS/Include -O0 -ffunction-sections -fdata-sections -Wall -fstack-usage -fcyclomatic-complexity -MMD -MP -MF"Core/Src/main.d" -MT"Core/Src/main.o" --specs=nano.specs -mfpu=fpv4-sp-d16 -mfloat-abi=hard -mthumb -o "Core/Src/main.o"
arm-none-eabi-gcc -o "Stepper_Motor.elf" @"objects.list"   -mcpu=cortex-m4 -T"D:\Project\STM32_PROJECT\Stepper_Motor\Stepper_Motor\STM32F407VGTX_FLASH.ld" --specs=nosys.specs -Wl,-Map="Stepper_Motor.map" -Wl,--gc-sections -static --specs=nano.specs -mfpu=fpv4-sp-d16 -mfloat-abi=hard -mthumb -Wl,--start-group -lc -lm -Wl,--end-group
Finished building target: Stepper_Motor.elf
 
arm-none-eabi-size  Stepper_Motor.elf 
arm-none-eabi-objdump -h -S Stepper_Motor.elf  > "Stepper_Motor.list"
   text	   data	    bss	    dec	    hex	filename
   5860	     12	   1572	   7444	   1d14	Stepper_Motor.elf
arm-none-eabi-objcopy  -O ihex Stepper_Motor.elf  "Stepper_Motor.hex"
arm-none-eabi-objcopy  -O binary Stepper_Motor.elf  "Stepper_Motor.bin"
Finished building: default.size.stdout
 
Finished building: Stepper_Motor.hex
 
Finished building: Stepper_Motor.list
Finished building: Stepper_Motor.bin
 
 
07:05:13 **** Incremental Build of configuration Debug for project Stepper_Motor ****
make -j24 all 
arm-none-eabi-gcc "../Core/Src/main.c" -mcpu=cortex-m4 -std=gnu11 -g3 -DDEBUG -DUSE_HAL_DRIVER -DSTM32F407xx -c -I../Core/Inc -I../Drivers/STM32F4xx_HAL_Driver/Inc -I../Drivers/STM32F4xx_HAL_Driver/Inc/Legacy -I../Drivers/CMSIS/Device/ST/STM32F4xx/Include -I../Drivers/CMSIS/Include -O0 -ffunction-sections -fdata-sections -Wall -fstack-usage -fcyclomatic-complexity -MMD -MP -MF"Core/Src/main.d" -MT"Core/Src/main.o" --specs=nano.specs -mfpu=fpv4-sp-d16 -mfloat-abi=hard -mthumb -o "Core/Src/main.o"
arm-none-eabi-gcc -o "Stepper_Motor.elf" @"objects.list"   -mcpu=cortex-m4 -T"D:\Project\STM32_PROJECT\Stepper_Motor\Stepper_Motor\STM32F407VGTX_FLASH.ld" --specs=nosys.specs -Wl,-Map="Stepper_Motor.map" -Wl,--gc-sections -static --specs=nano.specs -mfpu=fpv4-sp-d16 -mfloat-abi=hard -mthumb -Wl,--start-group -lc -lm -Wl,--end-group
Finished building target: Stepper_Motor.elf
 
arm-none-eabi-size  Stepper_Motor.elf 
arm-none-eabi-objdump -h -S Stepper_Motor.elf  > "Stepper_Motor.list"
   text	   data	    bss	    dec	    hex	filename
   5864	     12	   1572	   7448	   1d18	Stepper_Motor.elf
arm-none-eabi-objcopy  -O ihex Stepper_Motor.elf  "Stepper_Motor.hex"
Finished building: default.size.stdout
arm-none-eabi-objcopy  -O binary Stepper_Motor.elf  "Stepper_Motor.bin"
 
Finished building: Stepper_Motor.list
 
Finished building: Stepper_Motor.hex
Finished building: Stepper_Motor.bin
 
 
07:07:15 **** Incremental Build of configuration Debug for project Stepper_Motor ****
make -j24 all 
arm-none-eabi-gcc "../Core/Src/main.c" -mcpu=cortex-m4 -std=gnu11 -g3 -DDEBUG -DUSE_HAL_DRIVER -DSTM32F407xx -c -I../Core/Inc -I../Drivers/STM32F4xx_HAL_Driver/Inc -I../Drivers/STM32F4xx_HAL_Driver/Inc/Legacy -I../Drivers/CMSIS/Device/ST/STM32F4xx/Include -I../Drivers/CMSIS/Include -O0 -ffunction-sections -fdata-sections -Wall -fstack-usage -fcyclomatic-complexity -MMD -MP -MF"Core/Src/main.d" -MT"Core/Src/main.o" --specs=nano.specs -mfpu=fpv4-sp-d16 -mfloat-abi=hard -mthumb -o "Core/Src/main.o"
arm-none-eabi-gcc -o "Stepper_Motor.elf" @"objects.list"   -mcpu=cortex-m4 -T"D:\Project\STM32_PROJECT\Stepper_Motor\Stepper_Motor\STM32F407VGTX_FLASH.ld" --specs=nosys.specs -Wl,-Map="Stepper_Motor.map" -Wl,--gc-sections -static --specs=nano.specs -mfpu=fpv4-sp-d16 -mfloat-abi=hard -mthumb -Wl,--start-group -lc -lm -Wl,--end-group
Finished building target: Stepper_Motor.elf
 
arm-none-eabi-size  Stepper_Motor.elf 
arm-none-eabi-objdump -h -S Stepper_Motor.elf  > "Stepper_Motor.list"
   text	   data	    bss	    dec	    hex	filename
   5864	     12	   1572	   7448	   1d18	Stepper_Motor.elf
arm-none-eabi-objcopy  -O ihex Stepper_Motor.elf  "Stepper_Motor.hex"
Finished building: default.size.stdout
arm-none-eabi-objcopy  -O binary Stepper_Motor.elf  "Stepper_Motor.bin"
 
Finished building: Stepper_Motor.hex
Finished building: Stepper_Motor.list
Finished building: Stepper_Motor.bin
 
 
 
07:08:26 **** Incremental Build of configuration Debug for project Stepper_Motor ****
make -j24 all 
arm-none-eabi-gcc "../Core/Src/main.c" -mcpu=cortex-m4 -std=gnu11 -g3 -DDEBUG -DUSE_HAL_DRIVER -DSTM32F407xx -c -I../Core/Inc -I../Drivers/STM32F4xx_HAL_Driver/Inc -I../Drivers/STM32F4xx_HAL_Driver/Inc/Legacy -I../Drivers/CMSIS/Device/ST/STM32F4xx/Include -I../Drivers/CMSIS/Include -O0 -ffunction-sections -fdata-sections -Wall -fstack-usage -fcyclomatic-complexity -MMD -MP -MF"Core/Src/main.d" -MT"Core/Src/main.o" --specs=nano.specs -mfpu=fpv4-sp-d16 -mfloat-abi=hard -mthumb -o "Core/Src/main.o"
arm-none-eabi-gcc -o "Stepper_Motor.elf" @"objects.list"   -mcpu=cortex-m4 -T"D:\Project\STM32_PROJECT\Stepper_Motor\Stepper_Motor\STM32F407VGTX_FLASH.ld" --specs=nosys.specs -Wl,-Map="Stepper_Motor.map" -Wl,--gc-sections -static --specs=nano.specs -mfpu=fpv4-sp-d16 -mfloat-abi=hard -mthumb -Wl,--start-group -lc -lm -Wl,--end-group
Finished building target: Stepper_Motor.elf
 
arm-none-eabi-size  Stepper_Motor.elf 
arm-none-eabi-objdump -h -S Stepper_Motor.elf  > "Stepper_Motor.list"
   text	   data	    bss	    dec	    hex	filename
   5864	     12	   1572	   7448	   1d18	Stepper_Motor.elf
arm-none-eabi-objcopy  -O ihex Stepper_Motor.elf  "Stepper_Motor.hex"
arm-none-eabi-objcopy  -O binary Stepper_Motor.elf  "Stepper_Motor.bin"
Finished building: default.size.stdout
 
Finished building: Stepper_Motor.hex
Finished building: Stepper_Motor.bin
 
Finished building: Stepper_Motor.list
 
 
