07:08:26 **** Incremental Build of configuration Debug for project Stepper_Motor ****
make -j24 all 
arm-none-eabi-gcc "../Core/Src/main.c" -mcpu=cortex-m4 -std=gnu11 -g3 -DDEBUG -DUSE_HAL_DRIVER -DSTM32F407xx -c -I../Core/Inc -I../Drivers/STM32F4xx_HAL_Driver/Inc -I../Drivers/STM32F4xx_HAL_Driver/Inc/Legacy -I../Drivers/CMSIS/Device/ST/STM32F4xx/Include -I../Drivers/CMSIS/Include -O0 -ffunction-sections -fdata-sections -Wall -fstack-usage -fcyclomatic-complexity -MMD -MP -MF"Core/Src/main.d" -MT"Core/Src/main.o" --specs=nano.specs -mfpu=fpv4-sp-d16 -mfloat-abi=hard -mthumb -o "Core/Src/main.o"
arm-none-eabi-gcc -o "Stepper_Motor.elf" @"objects.list"   -mcpu=cortex-m4 -T"D:\Project\STM32_PROJECT\Stepper_Motor\Stepper_Motor\STM32F407VGTX_FLASH.ld" --specs=nosys.specs -Wl,-Map="Stepper_Motor.map" -Wl,--gc-sections -static --specs=nano.specs -mfpu=fpv4-sp-d16 -mfloat-abi=hard -mthumb -Wl,--start-group -lc -lm -Wl,--end-group
Finished building target: Stepper_Motor.elf
 
arm-none-eabi-size  Stepper_Motor.elf 
arm-none-eabi-objdump -h -S Stepper_Motor.elf  > "Stepper_Motor.list"
   text	   data	    bss	    dec	    hex	filename
   5864	     12	   1572	   7448	   1d18	Stepper_Motor.elf
arm-none-eabi-objcopy  -O ihex Stepper_Motor.elf  "Stepper_Motor.hex"
arm-none-eabi-objcopy  -O binary Stepper_Motor.elf  "Stepper_Motor.bin"
Finished building: default.size.stdout
 
Finished building: Stepper_Motor.hex
Finished building: Stepper_Motor.bin
 
Finished building: Stepper_Motor.list
 
 

07:08:27 Build Finished. 0 errors, 0 warnings. (took 885ms)

