23:17:44 **** Incremental Build of configuration Debug for project Slider_Switch_Led ****
make -j24 all 
arm-none-eabi-gcc "../Core/Src/main.c" -mcpu=cortex-m4 -std=gnu11 -g3 -DDEBUG -DUSE_HAL_DRIVER -DSTM32F407xx -c -I../Core/Inc -I../Drivers/STM32F4xx_HAL_Driver/Inc -I../Drivers/STM32F4xx_HAL_Driver/Inc/Legacy -I../Drivers/CMSIS/Device/ST/STM32F4xx/Include -I../Drivers/CMSIS/Include -O0 -ffunction-sections -fdata-sections -Wall -fstack-usage -fcyclomatic-complexity -MMD -MP -MF"Core/Src/main.d" -MT"Core/Src/main.o" --specs=nano.specs -mfpu=fpv4-sp-d16 -mfloat-abi=hard -mthumb -o "Core/Src/main.o"
arm-none-eabi-gcc -o "Slider_Switch_Led.elf" @"objects.list"   -mcpu=cortex-m4 -T"D:\Project\STM32_PROJECT\Slider_Switch_Led\Slider_Switch_Led\STM32F407VGTX_FLASH.ld" --specs=nosys.specs -Wl,-Map="Slider_Switch_Led.map" -Wl,--gc-sections -static --specs=nano.specs -mfpu=fpv4-sp-d16 -mfloat-abi=hard -mthumb -Wl,--start-group -lc -lm -Wl,--end-group
Finished building target: Slider_Switch_Led.elf
 
arm-none-eabi-size  Slider_Switch_Led.elf 
arm-none-eabi-objdump -h -S Slider_Switch_Led.elf  > "Slider_Switch_Led.list"
   text	   data	    bss	    dec	    hex	filename
   5944	     12	   1572	   7528	   1d68	Slider_Switch_Led.elf
arm-none-eabi-objcopy  -O ihex Slider_Switch_Led.elf  "Slider_Switch_Led.hex"
arm-none-eabi-objcopy  -O binary Slider_Switch_Led.elf  "Slider_Switch_Led.bin"
Finished building: default.size.stdout
 
Finished building: Slider_Switch_Led.hex
Finished building: Slider_Switch_Led.bin
 
Finished building: Slider_Switch_Led.list
 
 

23:17:45 Build Finished. 0 errors, 0 warnings. (took 899ms)

