08:17:22 **** Incremental Build of configuration Debug for project RTC ****
make -j24 all 
arm-none-eabi-gcc -o "RTC.elf" @"objects.list"   -mcpu=cortex-m4 -T"D:\Project\STM32_PROJECT\RTC\RTC\STM32F407VGTX_FLASH.ld" --specs=nosys.specs -Wl,-Map="RTC.map" -Wl,--gc-sections -static --specs=nano.specs -mfpu=fpv4-sp-d16 -mfloat-abi=hard -mthumb -Wl,--start-group -lc -lm -Wl,--end-group
Finished building target: RTC.elf
 
arm-none-eabi-size  RTC.elf 
arm-none-eabi-objdump -h -S RTC.elf  > "RTC.list"
   text	   data	    bss	    dec	    hex	filename
   6164	     12	   1572	   7748	   1e44	RTC.elf
arm-none-eabi-objcopy  -O ihex RTC.elf  "RTC.hex"
Finished building: default.size.stdout
arm-none-eabi-objcopy  -O binary RTC.elf  "RTC.bin"
 
Finished building: RTC.hex
Finished building: RTC.list
 
Finished building: RTC.bin
 
 
08:18:16 **** Incremental Build of configuration Debug for project RTC ****
make -j24 all 
arm-none-eabi-gcc "../Drivers/STM32F4xx_HAL_Driver/Src/stm32f4xx_hal.c" -mcpu=cortex-m4 -std=gnu11 -g3 -DDEBUG -DUSE_HAL_DRIVER -DSTM32F407xx -c -I../Core/Inc -I../Drivers/STM32F4xx_HAL_Driver/Inc -I../Drivers/STM32F4xx_HAL_Driver/Inc/Legacy -I../Drivers/CMSIS/Device/ST/STM32F4xx/Include -I../Drivers/CMSIS/Include -O0 -ffunction-sections -fdata-sections -Wall -fstack-usage -fcyclomatic-complexity -MMD -MP -MF"Drivers/STM32F4xx_HAL_Driver/Src/stm32f4xx_hal.d" -MT"Drivers/STM32F4xx_HAL_Driver/Src/stm32f4xx_hal.o" --specs=nano.specs -mfpu=fpv4-sp-d16 -mfloat-abi=hard -mthumb -o "Drivers/STM32F4xx_HAL_Driver/Src/stm32f4xx_hal.o"
arm-none-eabi-gcc "../Drivers/STM32F4xx_HAL_Driver/Src/stm32f4xx_hal_cortex.c" -mcpu=cortex-m4 -std=gnu11 -g3 -DDEBUG -DUSE_HAL_DRIVER -DSTM32F407xx -c -I../Core/Inc -I../Drivers/STM32F4xx_HAL_Driver/Inc -I../Drivers/STM32F4xx_HAL_Driver/Inc/Legacy -I../Drivers/CMSIS/Device/ST/STM32F4xx/Include -I../Drivers/CMSIS/Include -O0 -ffunction-sections -fdata-sections -Wall -fstack-usage -fcyclomatic-complexity -MMD -MP -MF"Drivers/STM32F4xx_HAL_Driver/Src/stm32f4xx_hal_cortex.d" -MT"Drivers/STM32F4xx_HAL_Driver/Src/stm32f4xx_hal_cortex.o" --specs=nano.specs -mfpu=fpv4-sp-d16 -mfloat-abi=hard -mthumb -o "Drivers/STM32F4xx_HAL_Driver/Src/stm32f4xx_hal_cortex.o"
arm-none-eabi-gcc "../Drivers/STM32F4xx_HAL_Driver/Src/stm32f4xx_hal_dma.c" -mcpu=cortex-m4 -std=gnu11 -g3 -DDEBUG -DUSE_HAL_DRIVER -DSTM32F407xx -c -I../Core/Inc -I../Drivers/STM32F4xx_HAL_Driver/Inc -I../Drivers/STM32F4xx_HAL_Driver/Inc/Legacy -I../Drivers/CMSIS/Device/ST/STM32F4xx/Include -I../Drivers/CMSIS/Include -O0 -ffunction-sections -fdata-sections -Wall -fstack-usage -fcyclomatic-complexity -MMD -MP -MF"Drivers/STM32F4xx_HAL_Driver/Src/stm32f4xx_hal_dma.d" -MT"Drivers/STM32F4xx_HAL_Driver/Src/stm32f4xx_hal_dma.o" --specs=nano.specs -mfpu=fpv4-sp-d16 -mfloat-abi=hard -mthumb -o "Drivers/STM32F4xx_HAL_Driver/Src/stm32f4xx_hal_dma.o"
arm-none-eabi-gcc "../Drivers/STM32F4xx_HAL_Driver/Src/stm32f4xx_hal_dma_ex.c" -mcpu=cortex-m4 -std=gnu11 -g3 -DDEBUG -DUSE_HAL_DRIVER -DSTM32F407xx -c -I../Core/Inc -I../Drivers/STM32F4xx_HAL_Driver/Inc -I../Drivers/STM32F4xx_HAL_Driver/Inc/Legacy -I../Drivers/CMSIS/Device/ST/STM32F4xx/Include -I../Drivers/CMSIS/Include -O0 -ffunction-sections -fdata-sections -Wall -fstack-usage -fcyclomatic-complexity -MMD -MP -MF"Drivers/STM32F4xx_HAL_Driver/Src/stm32f4xx_hal_dma_ex.d" -MT"Drivers/STM32F4xx_HAL_Driver/Src/stm32f4xx_hal_dma_ex.o" --specs=nano.specs -mfpu=fpv4-sp-d16 -mfloat-abi=hard -mthumb -o "Drivers/STM32F4xx_HAL_Driver/Src/stm32f4xx_hal_dma_ex.o"
arm-none-eabi-gcc "../Drivers/STM32F4xx_HAL_Driver/Src/stm32f4xx_hal_exti.c" -mcpu=cortex-m4 -std=gnu11 -g3 -DDEBUG -DUSE_HAL_DRIVER -DSTM32F407xx -c -I../Core/Inc -I../Drivers/STM32F4xx_HAL_Driver/Inc -I../Drivers/STM32F4xx_HAL_Driver/Inc/Legacy -I../Drivers/CMSIS/Device/ST/STM32F4xx/Include -I../Drivers/CMSIS/Include -O0 -ffunction-sections -fdata-sections -Wall -fstack-usage -fcyclomatic-complexity -MMD -MP -MF"Drivers/STM32F4xx_HAL_Driver/Src/stm32f4xx_hal_exti.d" -MT"Drivers/STM32F4xx_HAL_Driver/Src/stm32f4xx_hal_exti.o" --specs=nano.specs -mfpu=fpv4-sp-d16 -mfloat-abi=hard -mthumb -o "Drivers/STM32F4xx_HAL_Driver/Src/stm32f4xx_hal_exti.o"
arm-none-eabi-gcc "../Drivers/STM32F4xx_HAL_Driver/Src/stm32f4xx_hal_flash.c" -mcpu=cortex-m4 -std=gnu11 -g3 -DDEBUG -DUSE_HAL_DRIVER -DSTM32F407xx -c -I../Core/Inc -I../Drivers/STM32F4xx_HAL_Driver/Inc -I../Drivers/STM32F4xx_HAL_Driver/Inc/Legacy -I../Drivers/CMSIS/Device/ST/STM32F4xx/Include -I../Drivers/CMSIS/Include -O0 -ffunction-sections -fdata-sections -Wall -fstack-usage -fcyclomatic-complexity -MMD -MP -MF"Drivers/STM32F4xx_HAL_Driver/Src/stm32f4xx_hal_flash.d" -MT"Drivers/STM32F4xx_HAL_Driver/Src/stm32f4xx_hal_flash.o" --specs=nano.specs -mfpu=fpv4-sp-d16 -mfloat-abi=hard -mthumb -o "Drivers/STM32F4xx_HAL_Driver/Src/stm32f4xx_hal_flash.o"
arm-none-eabi-gcc "../Drivers/STM32F4xx_HAL_Driver/Src/stm32f4xx_hal_flash_ex.c" -mcpu=cortex-m4 -std=gnu11 -g3 -DDEBUG -DUSE_HAL_DRIVER -DSTM32F407xx -c -I../Core/Inc -I../Drivers/STM32F4xx_HAL_Driver/Inc -I../Drivers/STM32F4xx_HAL_Driver/Inc/Legacy -I../Drivers/CMSIS/Device/ST/STM32F4xx/Include -I../Drivers/CMSIS/Include -O0 -ffunction-sections -fdata-sections -Wall -fstack-usage -fcyclomatic-complexity -MMD -MP -MF"Drivers/STM32F4xx_HAL_Driver/Src/stm32f4xx_hal_flash_ex.d" -MT"Drivers/STM32F4xx_HAL_Driver/Src/stm32f4xx_hal_flash_ex.o" --specs=nano.specs -mfpu=fpv4-sp-d16 -mfloat-abi=hard -mthumb -o "Drivers/STM32F4xx_HAL_Driver/Src/stm32f4xx_hal_flash_ex.o"
arm-none-eabi-gcc "../Drivers/STM32F4xx_HAL_Driver/Src/stm32f4xx_hal_flash_ramfunc.c" -mcpu=cortex-m4 -std=gnu11 -g3 -DDEBUG -DUSE_HAL_DRIVER -DSTM32F407xx -c -I../Core/Inc -I../Drivers/STM32F4xx_HAL_Driver/Inc -I../Drivers/STM32F4xx_HAL_Driver/Inc/Legacy -I../Drivers/CMSIS/Device/ST/STM32F4xx/Include -I../Drivers/CMSIS/Include -O0 -ffunction-sections -fdata-sections -Wall -fstack-usage -fcyclomatic-complexity -MMD -MP -MF"Drivers/STM32F4xx_HAL_Driver/Src/stm32f4xx_hal_flash_ramfunc.d" -MT"Drivers/STM32F4xx_HAL_Driver/Src/stm32f4xx_hal_flash_ramfunc.o" --specs=nano.specs -mfpu=fpv4-sp-d16 -mfloat-abi=hard -mthumb -o "Drivers/STM32F4xx_HAL_Driver/Src/stm32f4xx_hal_flash_ramfunc.o"
arm-none-eabi-gcc "../Drivers/STM32F4xx_HAL_Driver/Src/stm32f4xx_hal_gpio.c" -mcpu=cortex-m4 -std=gnu11 -g3 -DDEBUG -DUSE_HAL_DRIVER -DSTM32F407xx -c -I../Core/Inc -I../Drivers/STM32F4xx_HAL_Driver/Inc -I../Drivers/STM32F4xx_HAL_Driver/Inc/Legacy -I../Drivers/CMSIS/Device/ST/STM32F4xx/Include -I../Drivers/CMSIS/Include -O0 -ffunction-sections -fdata-sections -Wall -fstack-usage -fcyclomatic-complexity -MMD -MP -MF"Drivers/STM32F4xx_HAL_Driver/Src/stm32f4xx_hal_gpio.d" -MT"Drivers/STM32F4xx_HAL_Driver/Src/stm32f4xx_hal_gpio.o" --specs=nano.specs -mfpu=fpv4-sp-d16 -mfloat-abi=hard -mthumb -o "Drivers/STM32F4xx_HAL_Driver/Src/stm32f4xx_hal_gpio.o"
arm-none-eabi-gcc "../Drivers/STM32F4xx_HAL_Driver/Src/stm32f4xx_hal_pwr.c" -mcpu=cortex-m4 -std=gnu11 -g3 -DDEBUG -DUSE_HAL_DRIVER -DSTM32F407xx -c -I../Core/Inc -I../Drivers/STM32F4xx_HAL_Driver/Inc -I../Drivers/STM32F4xx_HAL_Driver/Inc/Legacy -I../Drivers/CMSIS/Device/ST/STM32F4xx/Include -I../Drivers/CMSIS/Include -O0 -ffunction-sections -fdata-sections -Wall -fstack-usage -fcyclomatic-complexity -MMD -MP -MF"Drivers/STM32F4xx_HAL_Driver/Src/stm32f4xx_hal_pwr.d" -MT"Drivers/STM32F4xx_HAL_Driver/Src/stm32f4xx_hal_pwr.o" --specs=nano.specs -mfpu=fpv4-sp-d16 -mfloat-abi=hard -mthumb -o "Drivers/STM32F4xx_HAL_Driver/Src/stm32f4xx_hal_pwr.o"
arm-none-eabi-gcc "../Drivers/STM32F4xx_HAL_Driver/Src/stm32f4xx_hal_pwr_ex.c" -mcpu=cortex-m4 -std=gnu11 -g3 -DDEBUG -DUSE_HAL_DRIVER -DSTM32F407xx -c -I../Core/Inc -I../Drivers/STM32F4xx_HAL_Driver/Inc -I../Drivers/STM32F4xx_HAL_Driver/Inc/Legacy -I../Drivers/CMSIS/Device/ST/STM32F4xx/Include -I../Drivers/CMSIS/Include -O0 -ffunction-sections -fdata-sections -Wall -fstack-usage -fcyclomatic-complexity -MMD -MP -MF"Drivers/STM32F4xx_HAL_Driver/Src/stm32f4xx_hal_pwr_ex.d" -MT"Drivers/STM32F4xx_HAL_Driver/Src/stm32f4xx_hal_pwr_ex.o" --specs=nano.specs -mfpu=fpv4-sp-d16 -mfloat-abi=hard -mthumb -o "Drivers/STM32F4xx_HAL_Driver/Src/stm32f4xx_hal_pwr_ex.o"
arm-none-eabi-gcc "../Drivers/STM32F4xx_HAL_Driver/Src/stm32f4xx_hal_rcc.c" -mcpu=cortex-m4 -std=gnu11 -g3 -DDEBUG -DUSE_HAL_DRIVER -DSTM32F407xx -c -I../Core/Inc -I../Drivers/STM32F4xx_HAL_Driver/Inc -I../Drivers/STM32F4xx_HAL_Driver/Inc/Legacy -I../Drivers/CMSIS/Device/ST/STM32F4xx/Include -I../Drivers/CMSIS/Include -O0 -ffunction-sections -fdata-sections -Wall -fstack-usage -fcyclomatic-complexity -MMD -MP -MF"Drivers/STM32F4xx_HAL_Driver/Src/stm32f4xx_hal_rcc.d" -MT"Drivers/STM32F4xx_HAL_Driver/Src/stm32f4xx_hal_rcc.o" --specs=nano.specs -mfpu=fpv4-sp-d16 -mfloat-abi=hard -mthumb -o "Drivers/STM32F4xx_HAL_Driver/Src/stm32f4xx_hal_rcc.o"
arm-none-eabi-gcc "../Drivers/STM32F4xx_HAL_Driver/Src/stm32f4xx_hal_rcc_ex.c" -mcpu=cortex-m4 -std=gnu11 -g3 -DDEBUG -DUSE_HAL_DRIVER -DSTM32F407xx -c -I../Core/Inc -I../Drivers/STM32F4xx_HAL_Driver/Inc -I../Drivers/STM32F4xx_HAL_Driver/Inc/Legacy -I../Drivers/CMSIS/Device/ST/STM32F4xx/Include -I../Drivers/CMSIS/Include -O0 -ffunction-sections -fdata-sections -Wall -fstack-usage -fcyclomatic-complexity -MMD -MP -MF"Drivers/STM32F4xx_HAL_Driver/Src/stm32f4xx_hal_rcc_ex.d" -MT"Drivers/STM32F4xx_HAL_Driver/Src/stm32f4xx_hal_rcc_ex.o" --specs=nano.specs -mfpu=fpv4-sp-d16 -mfloat-abi=hard -mthumb -o "Drivers/STM32F4xx_HAL_Driver/Src/stm32f4xx_hal_rcc_ex.o"
arm-none-eabi-gcc "../Drivers/STM32F4xx_HAL_Driver/Src/stm32f4xx_hal_rtc.c" -mcpu=cortex-m4 -std=gnu11 -g3 -DDEBUG -DUSE_HAL_DRIVER -DSTM32F407xx -c -I../Core/Inc -I../Drivers/STM32F4xx_HAL_Driver/Inc -I../Drivers/STM32F4xx_HAL_Driver/Inc/Legacy -I../Drivers/CMSIS/Device/ST/STM32F4xx/Include -I../Drivers/CMSIS/Include -O0 -ffunction-sections -fdata-sections -Wall -fstack-usage -fcyclomatic-complexity -MMD -MP -MF"Drivers/STM32F4xx_HAL_Driver/Src/stm32f4xx_hal_rtc.d" -MT"Drivers/STM32F4xx_HAL_Driver/Src/stm32f4xx_hal_rtc.o" --specs=nano.specs -mfpu=fpv4-sp-d16 -mfloat-abi=hard -mthumb -o "Drivers/STM32F4xx_HAL_Driver/Src/stm32f4xx_hal_rtc.o"
arm-none-eabi-gcc "../Drivers/STM32F4xx_HAL_Driver/Src/stm32f4xx_hal_rtc_ex.c" -mcpu=cortex-m4 -std=gnu11 -g3 -DDEBUG -DUSE_HAL_DRIVER -DSTM32F407xx -c -I../Core/Inc -I../Drivers/STM32F4xx_HAL_Driver/Inc -I../Drivers/STM32F4xx_HAL_Driver/Inc/Legacy -I../Drivers/CMSIS/Device/ST/STM32F4xx/Include -I../Drivers/CMSIS/Include -O0 -ffunction-sections -fdata-sections -Wall -fstack-usage -fcyclomatic-complexity -MMD -MP -MF"Drivers/STM32F4xx_HAL_Driver/Src/stm32f4xx_hal_rtc_ex.d" -MT"Drivers/STM32F4xx_HAL_Driver/Src/stm32f4xx_hal_rtc_ex.o" --specs=nano.specs -mfpu=fpv4-sp-d16 -mfloat-abi=hard -mthumb -o "Drivers/STM32F4xx_HAL_Driver/Src/stm32f4xx_hal_rtc_ex.o"
arm-none-eabi-gcc "../Drivers/STM32F4xx_HAL_Driver/Src/stm32f4xx_hal_tim.c" -mcpu=cortex-m4 -std=gnu11 -g3 -DDEBUG -DUSE_HAL_DRIVER -DSTM32F407xx -c -I../Core/Inc -I../Drivers/STM32F4xx_HAL_Driver/Inc -I../Drivers/STM32F4xx_HAL_Driver/Inc/Legacy -I../Drivers/CMSIS/Device/ST/STM32F4xx/Include -I../Drivers/CMSIS/Include -O0 -ffunction-sections -fdata-sections -Wall -fstack-usage -fcyclomatic-complexity -MMD -MP -MF"Drivers/STM32F4xx_HAL_Driver/Src/stm32f4xx_hal_tim.d" -MT"Drivers/STM32F4xx_HAL_Driver/Src/stm32f4xx_hal_tim.o" --specs=nano.specs -mfpu=fpv4-sp-d16 -mfloat-abi=hard -mthumb -o "Drivers/STM32F4xx_HAL_Driver/Src/stm32f4xx_hal_tim.o"
arm-none-eabi-gcc "../Drivers/STM32F4xx_HAL_Driver/Src/stm32f4xx_hal_tim_ex.c" -mcpu=cortex-m4 -std=gnu11 -g3 -DDEBUG -DUSE_HAL_DRIVER -DSTM32F407xx -c -I../Core/Inc -I../Drivers/STM32F4xx_HAL_Driver/Inc -I../Drivers/STM32F4xx_HAL_Driver/Inc/Legacy -I../Drivers/CMSIS/Device/ST/STM32F4xx/Include -I../Drivers/CMSIS/Include -O0 -ffunction-sections -fdata-sections -Wall -fstack-usage -fcyclomatic-complexity -MMD -MP -MF"Drivers/STM32F4xx_HAL_Driver/Src/stm32f4xx_hal_tim_ex.d" -MT"Drivers/STM32F4xx_HAL_Driver/Src/stm32f4xx_hal_tim_ex.o" --specs=nano.specs -mfpu=fpv4-sp-d16 -mfloat-abi=hard -mthumb -o "Drivers/STM32F4xx_HAL_Driver/Src/stm32f4xx_hal_tim_ex.o"
arm-none-eabi-gcc "../Core/Src/main.c" -mcpu=cortex-m4 -std=gnu11 -g3 -DDEBUG -DUSE_HAL_DRIVER -DSTM32F407xx -c -I../Core/Inc -I../Drivers/STM32F4xx_HAL_Driver/Inc -I../Drivers/STM32F4xx_HAL_Driver/Inc/Legacy -I../Drivers/CMSIS/Device/ST/STM32F4xx/Include -I../Drivers/CMSIS/Include -O0 -ffunction-sections -fdata-sections -Wall -fstack-usage -fcyclomatic-complexity -MMD -MP -MF"Core/Src/main.d" -MT"Core/Src/main.o" --specs=nano.specs -mfpu=fpv4-sp-d16 -mfloat-abi=hard -mthumb -o "Core/Src/main.o"
arm-none-eabi-gcc "../Core/Src/stm32f4xx_hal_msp.c" -mcpu=cortex-m4 -std=gnu11 -g3 -DDEBUG -DUSE_HAL_DRIVER -DSTM32F407xx -c -I../Core/Inc -I../Drivers/STM32F4xx_HAL_Driver/Inc -I../Drivers/STM32F4xx_HAL_Driver/Inc/Legacy -I../Drivers/CMSIS/Device/ST/STM32F4xx/Include -I../Drivers/CMSIS/Include -O0 -ffunction-sections -fdata-sections -Wall -fstack-usage -fcyclomatic-complexity -MMD -MP -MF"Core/Src/stm32f4xx_hal_msp.d" -MT"Core/Src/stm32f4xx_hal_msp.o" --specs=nano.specs -mfpu=fpv4-sp-d16 -mfloat-abi=hard -mthumb -o "Core/Src/stm32f4xx_hal_msp.o"
arm-none-eabi-gcc "../Core/Src/stm32f4xx_it.c" -mcpu=cortex-m4 -std=gnu11 -g3 -DDEBUG -DUSE_HAL_DRIVER -DSTM32F407xx -c -I../Core/Inc -I../Drivers/STM32F4xx_HAL_Driver/Inc -I../Drivers/STM32F4xx_HAL_Driver/Inc/Legacy -I../Drivers/CMSIS/Device/ST/STM32F4xx/Include -I../Drivers/CMSIS/Include -O0 -ffunction-sections -fdata-sections -Wall -fstack-usage -fcyclomatic-complexity -MMD -MP -MF"Core/Src/stm32f4xx_it.d" -MT"Core/Src/stm32f4xx_it.o" --specs=nano.specs -mfpu=fpv4-sp-d16 -mfloat-abi=hard -mthumb -o "Core/Src/stm32f4xx_it.o"
arm-none-eabi-gcc "../Core/Src/system_stm32f4xx.c" -mcpu=cortex-m4 -std=gnu11 -g3 -DDEBUG -DUSE_HAL_DRIVER -DSTM32F407xx -c -I../Core/Inc -I../Drivers/STM32F4xx_HAL_Driver/Inc -I../Drivers/STM32F4xx_HAL_Driver/Inc/Legacy -I../Drivers/CMSIS/Device/ST/STM32F4xx/Include -I../Drivers/CMSIS/Include -O0 -ffunction-sections -fdata-sections -Wall -fstack-usage -fcyclomatic-complexity -MMD -MP -MF"Core/Src/system_stm32f4xx.d" -MT"Core/Src/system_stm32f4xx.o" --specs=nano.specs -mfpu=fpv4-sp-d16 -mfloat-abi=hard -mthumb -o "Core/Src/system_stm32f4xx.o"
arm-none-eabi-gcc -o "RTC.elf" @"objects.list"   -mcpu=cortex-m4 -T"D:\Project\STM32_PROJECT\RTC\RTC\STM32F407VGTX_FLASH.ld" --specs=nosys.specs -Wl,-Map="RTC.map" -Wl,--gc-sections -static --specs=nano.specs -mfpu=fpv4-sp-d16 -mfloat-abi=hard -mthumb -Wl,--start-group -lc -lm -Wl,--end-group
Finished building target: RTC.elf
 
arm-none-eabi-size  RTC.elf 
arm-none-eabi-objdump -h -S RTC.elf  > "RTC.list"
   text	   data	    bss	    dec	    hex	filename
   8044	     12	   1604	   9660	   25bc	RTC.elf
arm-none-eabi-objcopy  -O ihex RTC.elf  "RTC.hex"
Finished building: default.size.stdout
arm-none-eabi-objcopy  -O binary RTC.elf  "RTC.bin"
 
Finished building: RTC.hex
Finished building: RTC.bin
Finished building: RTC.list
 
 
 
08:21:27 **** Incremental Build of configuration Debug for project RTC ****
make -j24 all 
arm-none-eabi-gcc "../Core/Src/main.c" -mcpu=cortex-m4 -std=gnu11 -g3 -DDEBUG -DUSE_HAL_DRIVER -DSTM32F407xx -c -I../Core/Inc -I../Drivers/STM32F4xx_HAL_Driver/Inc -I../Drivers/STM32F4xx_HAL_Driver/Inc/Legacy -I../Drivers/CMSIS/Device/ST/STM32F4xx/Include -I../Drivers/CMSIS/Include -O0 -ffunction-sections -fdata-sections -Wall -fstack-usage -fcyclomatic-complexity -MMD -MP -MF"Core/Src/main.d" -MT"Core/Src/main.o" --specs=nano.specs -mfpu=fpv4-sp-d16 -mfloat-abi=hard -mthumb -o "Core/Src/main.o"
../Core/Src/main.c: In function 'RTC_DisplayTimeOnLCD':
../Core/Src/main.c:170:5: warning: implicit declaration of function 'sprintf' [-Wimplicit-function-declaration]
  170 |     sprintf(buffer, "Time: %02d:%02d:%02d", sTime.Hours, sTime.Minutes, sTime.Seconds);
      |     ^~~~~~~
../Core/Src/main.c:21:1: note: include '<stdio.h>' or provide a declaration of 'sprintf'
   20 | #include "main.h"
  +++ |+#include <stdio.h>
   21 | 
../Core/Src/main.c:170:5: warning: incompatible implicit declaration of built-in function 'sprintf' [-Wbuiltin-declaration-mismatch]
  170 |     sprintf(buffer, "Time: %02d:%02d:%02d", sTime.Hours, sTime.Minutes, sTime.Seconds);
      |     ^~~~~~~
../Core/Src/main.c:170:5: note: include '<stdio.h>' or provide a declaration of 'sprintf'
../Core/Src/main.c:172:5: warning: implicit declaration of function 'LCD_Print'; did you mean 'LCD_String'? [-Wimplicit-function-declaration]
  172 |     LCD_Print(buffer);
      |     ^~~~~~~~~
      |     LCD_String
arm-none-eabi-gcc -o "RTC.elf" @"objects.list"   -mcpu=cortex-m4 -T"D:\Project\STM32_PROJECT\RTC\RTC\STM32F407VGTX_FLASH.ld" --specs=nosys.specs -Wl,-Map="RTC.map" -Wl,--gc-sections -static --specs=nano.specs -mfpu=fpv4-sp-d16 -mfloat-abi=hard -mthumb -Wl,--start-group -lc -lm -Wl,--end-group
C:/ST/STM32CubeIDE_1.15.0/STM32CubeIDE/plugins/com.st.stm32cube.ide.mcu.externaltools.gnu-tools-for-stm32.12.3.rel1.win32_1.0.100.202403111256/tools/bin/../lib/gcc/arm-none-eabi/12.3.1/../../../../arm-none-eabi/bin/ld.exe: ./Core/Src/main.o: in function `RTC_DisplayTimeOnLCD':
D:/Project/STM32_PROJECT/RTC/RTC/Debug/../Core/Src/main.c:172: undefined reference to `LCD_Print'
C:/ST/STM32CubeIDE_1.15.0/STM32CubeIDE/plugins/com.st.stm32cube.ide.mcu.externaltools.gnu-tools-for-stm32.12.3.rel1.win32_1.0.100.202403111256/tools/bin/../lib/gcc/arm-none-eabi/12.3.1/../../../../arm-none-eabi/bin/ld.exe: D:/Project/STM32_PROJECT/RTC/RTC/Debug/../Core/Src/main.c:177: undefined reference to `LCD_Print'
collect2.exe: error: ld returned 1 exit status
make: *** [makefile:70: RTC.elf] Error 1
"make -j24 all" terminated with exit code 2. Build might be incomplete.
08:22:23 **** Incremental Build of configuration Debug for project RTC ****
make -j24 all 
arm-none-eabi-gcc "../Core/Src/main.c" -mcpu=cortex-m4 -std=gnu11 -g3 -DDEBUG -DUSE_HAL_DRIVER -DSTM32F407xx -c -I../Core/Inc -I../Drivers/STM32F4xx_HAL_Driver/Inc -I../Drivers/STM32F4xx_HAL_Driver/Inc/Legacy -I../Drivers/CMSIS/Device/ST/STM32F4xx/Include -I../Drivers/CMSIS/Include -O0 -ffunction-sections -fdata-sections -Wall -fstack-usage -fcyclomatic-complexity -MMD -MP -MF"Core/Src/main.d" -MT"Core/Src/main.o" --specs=nano.specs -mfpu=fpv4-sp-d16 -mfloat-abi=hard -mthumb -o "Core/Src/main.o"
../Core/Src/main.c: In function 'RTC_DisplayTimeOnLCD':
../Core/Src/main.c:170:5: warning: implicit declaration of function 'sprintf' [-Wimplicit-function-declaration]
  170 |     sprintf(buffer, "Time: %02d:%02d:%02d", sTime.Hours, sTime.Minutes, sTime.Seconds);
      |     ^~~~~~~
../Core/Src/main.c:21:1: note: include '<stdio.h>' or provide a declaration of 'sprintf'
   20 | #include "main.h"
  +++ |+#include <stdio.h>
   21 | 
../Core/Src/main.c:170:5: warning: incompatible implicit declaration of built-in function 'sprintf' [-Wbuiltin-declaration-mismatch]
  170 |     sprintf(buffer, "Time: %02d:%02d:%02d", sTime.Hours, sTime.Minutes, sTime.Seconds);
      |     ^~~~~~~
../Core/Src/main.c:170:5: note: include '<stdio.h>' or provide a declaration of 'sprintf'
../Core/Src/main.c:177:5: warning: implicit declaration of function 'LCD_Print'; did you mean 'LCD_String'? [-Wimplicit-function-declaration]
  177 |     LCD_Print(buffer);
      |     ^~~~~~~~~
      |     LCD_String
arm-none-eabi-gcc -o "RTC.elf" @"objects.list"   -mcpu=cortex-m4 -T"D:\Project\STM32_PROJECT\RTC\RTC\STM32F407VGTX_FLASH.ld" --specs=nosys.specs -Wl,-Map="RTC.map" -Wl,--gc-sections -static --specs=nano.specs -mfpu=fpv4-sp-d16 -mfloat-abi=hard -mthumb -Wl,--start-group -lc -lm -Wl,--end-group
C:/ST/STM32CubeIDE_1.15.0/STM32CubeIDE/plugins/com.st.stm32cube.ide.mcu.externaltools.gnu-tools-for-stm32.12.3.rel1.win32_1.0.100.202403111256/tools/bin/../lib/gcc/arm-none-eabi/12.3.1/../../../../arm-none-eabi/bin/ld.exe: ./Core/Src/main.o: in function `RTC_DisplayTimeOnLCD':
D:/Project/STM32_PROJECT/RTC/RTC/Debug/../Core/Src/main.c:177: undefined reference to `LCD_Print'
collect2.exe: error: ld returned 1 exit status
make: *** [makefile:70: RTC.elf] Error 1
"make -j24 all" terminated with exit code 2. Build might be incomplete.
08:22:38 **** Incremental Build of configuration Debug for project RTC ****
make -j24 all 
arm-none-eabi-gcc "../Core/Src/main.c" -mcpu=cortex-m4 -std=gnu11 -g3 -DDEBUG -DUSE_HAL_DRIVER -DSTM32F407xx -c -I../Core/Inc -I../Drivers/STM32F4xx_HAL_Driver/Inc -I../Drivers/STM32F4xx_HAL_Driver/Inc/Legacy -I../Drivers/CMSIS/Device/ST/STM32F4xx/Include -I../Drivers/CMSIS/Include -O0 -ffunction-sections -fdata-sections -Wall -fstack-usage -fcyclomatic-complexity -MMD -MP -MF"Core/Src/main.d" -MT"Core/Src/main.o" --specs=nano.specs -mfpu=fpv4-sp-d16 -mfloat-abi=hard -mthumb -o "Core/Src/main.o"
../Core/Src/main.c: In function 'RTC_DisplayTimeOnLCD':
../Core/Src/main.c:170:5: warning: implicit declaration of function 'sprintf' [-Wimplicit-function-declaration]
  170 |     sprintf(buffer, "Time: %02d:%02d:%02d", sTime.Hours, sTime.Minutes, sTime.Seconds);
      |     ^~~~~~~
../Core/Src/main.c:21:1: note: include '<stdio.h>' or provide a declaration of 'sprintf'
   20 | #include "main.h"
  +++ |+#include <stdio.h>
   21 | 
../Core/Src/main.c:170:5: warning: incompatible implicit declaration of built-in function 'sprintf' [-Wbuiltin-declaration-mismatch]
  170 |     sprintf(buffer, "Time: %02d:%02d:%02d", sTime.Hours, sTime.Minutes, sTime.Seconds);
      |     ^~~~~~~
../Core/Src/main.c:170:5: note: include '<stdio.h>' or provide a declaration of 'sprintf'
arm-none-eabi-gcc -o "RTC.elf" @"objects.list"   -mcpu=cortex-m4 -T"D:\Project\STM32_PROJECT\RTC\RTC\STM32F407VGTX_FLASH.ld" --specs=nosys.specs -Wl,-Map="RTC.map" -Wl,--gc-sections -static --specs=nano.specs -mfpu=fpv4-sp-d16 -mfloat-abi=hard -mthumb -Wl,--start-group -lc -lm -Wl,--end-group
Finished building target: RTC.elf
 
arm-none-eabi-size  RTC.elf 
arm-none-eabi-objdump -h -S RTC.elf  > "RTC.list"
   text	   data	    bss	    dec	    hex	filename
  11392	     92	   1956	  13440	   3480	RTC.elf
arm-none-eabi-objcopy  -O ihex RTC.elf  "RTC.hex"
arm-none-eabi-objcopy  -O binary RTC.elf  "RTC.bin"
Finished building: default.size.stdout
 
Finished building: RTC.hex
Finished building: RTC.list
Finished building: RTC.bin
 
 
 
08:25:47 **** Incremental Build of configuration Debug for project RTC ****
make -j24 all 
arm-none-eabi-gcc "../Core/Src/main.c" -mcpu=cortex-m4 -std=gnu11 -g3 -DDEBUG -DUSE_HAL_DRIVER -DSTM32F407xx -c -I../Core/Inc -I../Drivers/STM32F4xx_HAL_Driver/Inc -I../Drivers/STM32F4xx_HAL_Driver/Inc/Legacy -I../Drivers/CMSIS/Device/ST/STM32F4xx/Include -I../Drivers/CMSIS/Include -O0 -ffunction-sections -fdata-sections -Wall -fstack-usage -fcyclomatic-complexity -MMD -MP -MF"Core/Src/main.d" -MT"Core/Src/main.o" --specs=nano.specs -mfpu=fpv4-sp-d16 -mfloat-abi=hard -mthumb -o "Core/Src/main.o"
../Core/Src/main.c: In function 'RTC_DisplayTimeOnLCD':
../Core/Src/main.c:170:5: warning: implicit declaration of function 'sprintf' [-Wimplicit-function-declaration]
  170 |     sprintf(buffer, "Time: %02d:%02d:%02d", sTime.Hours, sTime.Minutes, sTime.Seconds);
      |     ^~~~~~~
../Core/Src/main.c:21:1: note: include '<stdio.h>' or provide a declaration of 'sprintf'
   20 | #include "main.h"
  +++ |+#include <stdio.h>
   21 | 
../Core/Src/main.c:170:5: warning: incompatible implicit declaration of built-in function 'sprintf' [-Wbuiltin-declaration-mismatch]
  170 |     sprintf(buffer, "Time: %02d:%02d:%02d", sTime.Hours, sTime.Minutes, sTime.Seconds);
      |     ^~~~~~~
../Core/Src/main.c:170:5: note: include '<stdio.h>' or provide a declaration of 'sprintf'
arm-none-eabi-gcc -o "RTC.elf" @"objects.list"   -mcpu=cortex-m4 -T"D:\Project\STM32_PROJECT\RTC\RTC\STM32F407VGTX_FLASH.ld" --specs=nosys.specs -Wl,-Map="RTC.map" -Wl,--gc-sections -static --specs=nano.specs -mfpu=fpv4-sp-d16 -mfloat-abi=hard -mthumb -Wl,--start-group -lc -lm -Wl,--end-group
Finished building target: RTC.elf
 
arm-none-eabi-size  RTC.elf 
arm-none-eabi-objdump -h -S RTC.elf  > "RTC.list"
   text	   data	    bss	    dec	    hex	filename
  11392	     92	   1956	  13440	   3480	RTC.elf
arm-none-eabi-objcopy  -O ihex RTC.elf  "RTC.hex"
Finished building: default.size.stdout
arm-none-eabi-objcopy  -O binary RTC.elf  "RTC.bin"
 
Finished building: RTC.hex
Finished building: RTC.bin
Finished building: RTC.list
 
 
 
08:26:21 **** Incremental Build of configuration Debug for project RTC ****
make -j24 all 
arm-none-eabi-gcc "../Core/Src/main.c" -mcpu=cortex-m4 -std=gnu11 -g3 -DDEBUG -DUSE_HAL_DRIVER -DSTM32F407xx -c -I../Core/Inc -I../Drivers/STM32F4xx_HAL_Driver/Inc -I../Drivers/STM32F4xx_HAL_Driver/Inc/Legacy -I../Drivers/CMSIS/Device/ST/STM32F4xx/Include -I../Drivers/CMSIS/Include -O0 -ffunction-sections -fdata-sections -Wall -fstack-usage -fcyclomatic-complexity -MMD -MP -MF"Core/Src/main.d" -MT"Core/Src/main.o" --specs=nano.specs -mfpu=fpv4-sp-d16 -mfloat-abi=hard -mthumb -o "Core/Src/main.o"
../Core/Src/main.c: In function 'RTC_DisplayTimeOnLCD':
../Core/Src/main.c:170:5: warning: implicit declaration of function 'sprintf' [-Wimplicit-function-declaration]
  170 |     sprintf(buffer, "Time: %02d:%02d:%02d", sTime.Hours, sTime.Minutes, sTime.Seconds);
      |     ^~~~~~~
../Core/Src/main.c:21:1: note: include '<stdio.h>' or provide a declaration of 'sprintf'
   20 | #include "main.h"
  +++ |+#include <stdio.h>
   21 | 
../Core/Src/main.c:170:5: warning: incompatible implicit declaration of built-in function 'sprintf' [-Wbuiltin-declaration-mismatch]
  170 |     sprintf(buffer, "Time: %02d:%02d:%02d", sTime.Hours, sTime.Minutes, sTime.Seconds);
      |     ^~~~~~~
../Core/Src/main.c:170:5: note: include '<stdio.h>' or provide a declaration of 'sprintf'
arm-none-eabi-gcc -o "RTC.elf" @"objects.list"   -mcpu=cortex-m4 -T"D:\Project\STM32_PROJECT\RTC\RTC\STM32F407VGTX_FLASH.ld" --specs=nosys.specs -Wl,-Map="RTC.map" -Wl,--gc-sections -static --specs=nano.specs -mfpu=fpv4-sp-d16 -mfloat-abi=hard -mthumb -Wl,--start-group -lc -lm -Wl,--end-group
Finished building target: RTC.elf
 
arm-none-eabi-size  RTC.elf 
arm-none-eabi-objdump -h -S RTC.elf  > "RTC.list"
   text	   data	    bss	    dec	    hex	filename
  11280	     92	   1956	  13328	   3410	RTC.elf
arm-none-eabi-objcopy  -O ihex RTC.elf  "RTC.hex"
Finished building: default.size.stdout
arm-none-eabi-objcopy  -O binary RTC.elf  "RTC.bin"
 
Finished building: RTC.hex
Finished building: RTC.bin
Finished building: RTC.list
 
 
 
08:27:20 **** Incremental Build of configuration Debug for project RTC ****
make -j24 all 
arm-none-eabi-gcc "../Core/Src/main.c" -mcpu=cortex-m4 -std=gnu11 -g3 -DDEBUG -DUSE_HAL_DRIVER -DSTM32F407xx -c -I../Core/Inc -I../Drivers/STM32F4xx_HAL_Driver/Inc -I../Drivers/STM32F4xx_HAL_Driver/Inc/Legacy -I../Drivers/CMSIS/Device/ST/STM32F4xx/Include -I../Drivers/CMSIS/Include -O0 -ffunction-sections -fdata-sections -Wall -fstack-usage -fcyclomatic-complexity -MMD -MP -MF"Core/Src/main.d" -MT"Core/Src/main.o" --specs=nano.specs -mfpu=fpv4-sp-d16 -mfloat-abi=hard -mthumb -o "Core/Src/main.o"
../Core/Src/main.c: In function 'RTC_DisplayTimeOnLCD':
../Core/Src/main.c:170:5: warning: implicit declaration of function 'sprintf' [-Wimplicit-function-declaration]
  170 |     sprintf(buffer, "Time: %02d:%02d:%02d", sTime.Hours, sTime.Minutes, sTime.Seconds);
      |     ^~~~~~~
../Core/Src/main.c:21:1: note: include '<stdio.h>' or provide a declaration of 'sprintf'
   20 | #include "main.h"
  +++ |+#include <stdio.h>
   21 | 
../Core/Src/main.c:170:5: warning: incompatible implicit declaration of built-in function 'sprintf' [-Wbuiltin-declaration-mismatch]
  170 |     sprintf(buffer, "Time: %02d:%02d:%02d", sTime.Hours, sTime.Minutes, sTime.Seconds);
      |     ^~~~~~~
../Core/Src/main.c:170:5: note: include '<stdio.h>' or provide a declaration of 'sprintf'
arm-none-eabi-gcc -o "RTC.elf" @"objects.list"   -mcpu=cortex-m4 -T"D:\Project\STM32_PROJECT\RTC\RTC\STM32F407VGTX_FLASH.ld" --specs=nosys.specs -Wl,-Map="RTC.map" -Wl,--gc-sections -static --specs=nano.specs -mfpu=fpv4-sp-d16 -mfloat-abi=hard -mthumb -Wl,--start-group -lc -lm -Wl,--end-group
Finished building target: RTC.elf
 
arm-none-eabi-size  RTC.elf 
arm-none-eabi-objdump -h -S RTC.elf  > "RTC.list"
   text	   data	    bss	    dec	    hex	filename
  11392	     92	   1956	  13440	   3480	RTC.elf
arm-none-eabi-objcopy  -O ihex RTC.elf  "RTC.hex"
Finished building: default.size.stdout
arm-none-eabi-objcopy  -O binary RTC.elf  "RTC.bin"
 
Finished building: RTC.hex
Finished building: RTC.list
Finished building: RTC.bin
 
 
 
08:28:36 **** Incremental Build of configuration Debug for project RTC ****
make -j24 all 
arm-none-eabi-size  RTC.elf 
   text	   data	    bss	    dec	    hex	filename
  11392	     92	   1956	  13440	   3480	RTC.elf
Finished building: default.size.stdout
 
08:28:52 **** Incremental Build of configuration Debug for project RTC ****
make -j24 all 
arm-none-eabi-gcc "../Core/Src/main.c" -mcpu=cortex-m4 -std=gnu11 -g3 -DDEBUG -DUSE_HAL_DRIVER -DSTM32F407xx -c -I../Core/Inc -I../Drivers/STM32F4xx_HAL_Driver/Inc -I../Drivers/STM32F4xx_HAL_Driver/Inc/Legacy -I../Drivers/CMSIS/Device/ST/STM32F4xx/Include -I../Drivers/CMSIS/Include -O0 -ffunction-sections -fdata-sections -Wall -fstack-usage -fcyclomatic-complexity -MMD -MP -MF"Core/Src/main.d" -MT"Core/Src/main.o" --specs=nano.specs -mfpu=fpv4-sp-d16 -mfloat-abi=hard -mthumb -o "Core/Src/main.o"
../Core/Src/main.c: In function 'RTC_Init':
../Core/Src/main.c:141:5: error: 'sTime' undeclared (first use in this function)
  141 |     sTime.Hours = 8;
      |     ^~~~~
../Core/Src/main.c:141:5: note: each undeclared identifier is reported only once for each function it appears in
../Core/Src/main.c:151:5: error: 'sDate' undeclared (first use in this function)
  151 |     sDate.WeekDay = RTC_WEEKDAY_SUNDAY;
      |     ^~~~~
../Core/Src/main.c: In function 'RTC_DisplayTimeOnLCD':
../Core/Src/main.c:165:29: error: 'sTime' undeclared (first use in this function)
  165 |     HAL_RTC_GetTime(&hrtc, &sTime, RTC_FORMAT_BIN);
      |                             ^~~~~
../Core/Src/main.c:166:29: error: 'sDate' undeclared (first use in this function)
  166 |     HAL_RTC_GetDate(&hrtc, &sDate, RTC_FORMAT_BIN);
      |                             ^~~~~
../Core/Src/main.c:169:5: warning: implicit declaration of function 'sprintf' [-Wimplicit-function-declaration]
  169 |     sprintf(buffer, "Time: %02d:%02d:%02d", sTime.Hours, sTime.Minutes, sTime.Seconds);
      |     ^~~~~~~
../Core/Src/main.c:21:1: note: include '<stdio.h>' or provide a declaration of 'sprintf'
   20 | #include "main.h"
  +++ |+#include <stdio.h>
   21 | 
../Core/Src/main.c:169:5: warning: incompatible implicit declaration of built-in function 'sprintf' [-Wbuiltin-declaration-mismatch]
  169 |     sprintf(buffer, "Time: %02d:%02d:%02d", sTime.Hours, sTime.Minutes, sTime.Seconds);
      |     ^~~~~~~
../Core/Src/main.c:169:5: note: include '<stdio.h>' or provide a declaration of 'sprintf'
make: *** [Core/Src/subdir.mk:34: Core/Src/main.o] Error 1
"make -j24 all" terminated with exit code 2. Build might be incomplete.
08:29:20 **** Incremental Build of configuration Debug for project RTC ****
make -j24 all 
arm-none-eabi-gcc "../Core/Src/main.c" -mcpu=cortex-m4 -std=gnu11 -g3 -DDEBUG -DUSE_HAL_DRIVER -DSTM32F407xx -c -I../Core/Inc -I../Drivers/STM32F4xx_HAL_Driver/Inc -I../Drivers/STM32F4xx_HAL_Driver/Inc/Legacy -I../Drivers/CMSIS/Device/ST/STM32F4xx/Include -I../Drivers/CMSIS/Include -O0 -ffunction-sections -fdata-sections -Wall -fstack-usage -fcyclomatic-complexity -MMD -MP -MF"Core/Src/main.d" -MT"Core/Src/main.o" --specs=nano.specs -mfpu=fpv4-sp-d16 -mfloat-abi=hard -mthumb -o "Core/Src/main.o"
../Core/Src/main.c: In function 'RTC_Init':
../Core/Src/main.c:141:5: error: 'sTime' undeclared (first use in this function)
  141 |     sTime.Hours = 8;
      |     ^~~~~
../Core/Src/main.c:141:5: note: each undeclared identifier is reported only once for each function it appears in
../Core/Src/main.c:151:5: error: 'sDate' undeclared (first use in this function)
  151 |     sDate.WeekDay = RTC_WEEKDAY_SUNDAY;
      |     ^~~~~
../Core/Src/main.c: In function 'RTC_DisplayTimeOnLCD':
../Core/Src/main.c:165:29: error: 'sTime' undeclared (first use in this function)
  165 |     HAL_RTC_GetTime(&hrtc, &sTime, RTC_FORMAT_BIN);
      |                             ^~~~~
../Core/Src/main.c:166:29: error: 'sDate' undeclared (first use in this function)
  166 |     HAL_RTC_GetDate(&hrtc, &sDate, RTC_FORMAT_BIN);
      |                             ^~~~~
make: *** [Core/Src/subdir.mk:34: Core/Src/main.o] Error 1
"make -j24 all" terminated with exit code 2. Build might be incomplete.
08:29:43 **** Incremental Build of configuration Debug for project RTC ****
make -j24 all 
arm-none-eabi-gcc "../Core/Src/main.c" -mcpu=cortex-m4 -std=gnu11 -g3 -DDEBUG -DUSE_HAL_DRIVER -DSTM32F407xx -c -I../Core/Inc -I../Drivers/STM32F4xx_HAL_Driver/Inc -I../Drivers/STM32F4xx_HAL_Driver/Inc/Legacy -I../Drivers/CMSIS/Device/ST/STM32F4xx/Include -I../Drivers/CMSIS/Include -O0 -ffunction-sections -fdata-sections -Wall -fstack-usage -fcyclomatic-complexity -MMD -MP -MF"Core/Src/main.d" -MT"Core/Src/main.o" --specs=nano.specs -mfpu=fpv4-sp-d16 -mfloat-abi=hard -mthumb -o "Core/Src/main.o"
../Core/Src/main.c: In function 'RTC_Init':
../Core/Src/main.c:141:5: error: 'sTime' undeclared (first use in this function)
  141 |     sTime.Hours = 8;
      |     ^~~~~
../Core/Src/main.c:141:5: note: each undeclared identifier is reported only once for each function it appears in
../Core/Src/main.c:151:5: error: 'sDate' undeclared (first use in this function)
  151 |     sDate.WeekDay = RTC_WEEKDAY_SUNDAY;
      |     ^~~~~
../Core/Src/main.c: In function 'RTC_DisplayTimeOnLCD':
../Core/Src/main.c:165:29: error: 'sTime' undeclared (first use in this function)
  165 |     HAL_RTC_GetTime(&hrtc, &sTime, RTC_FORMAT_BIN);
      |                             ^~~~~
../Core/Src/main.c:166:29: error: 'sDate' undeclared (first use in this function)
  166 |     HAL_RTC_GetDate(&hrtc, &sDate, RTC_FORMAT_BIN);
      |                             ^~~~~
make: *** [Core/Src/subdir.mk:34: Core/Src/main.o] Error 1
"make -j24 all" terminated with exit code 2. Build might be incomplete.
08:30:24 **** Incremental Build of configuration Debug for project RTC ****
make -j24 all 
arm-none-eabi-gcc "../Core/Src/main.c" -mcpu=cortex-m4 -std=gnu11 -g3 -DDEBUG -DUSE_HAL_DRIVER -DSTM32F407xx -c -I../Core/Inc -I../Drivers/STM32F4xx_HAL_Driver/Inc -I../Drivers/STM32F4xx_HAL_Driver/Inc/Legacy -I../Drivers/CMSIS/Device/ST/STM32F4xx/Include -I../Drivers/CMSIS/Include -O0 -ffunction-sections -fdata-sections -Wall -fstack-usage -fcyclomatic-complexity -MMD -MP -MF"Core/Src/main.d" -MT"Core/Src/main.o" --specs=nano.specs -mfpu=fpv4-sp-d16 -mfloat-abi=hard -mthumb -o "Core/Src/main.o"
arm-none-eabi-gcc -o "RTC.elf" @"objects.list"   -mcpu=cortex-m4 -T"D:\Project\STM32_PROJECT\RTC\RTC\STM32F407VGTX_FLASH.ld" --specs=nosys.specs -Wl,-Map="RTC.map" -Wl,--gc-sections -static --specs=nano.specs -mfpu=fpv4-sp-d16 -mfloat-abi=hard -mthumb -Wl,--start-group -lc -lm -Wl,--end-group
Finished building target: RTC.elf
 
arm-none-eabi-size  RTC.elf 
arm-none-eabi-objdump -h -S RTC.elf  > "RTC.list"
   text	   data	    bss	    dec	    hex	filename
  11392	     92	   1956	  13440	   3480	RTC.elf
arm-none-eabi-objcopy  -O ihex RTC.elf  "RTC.hex"
Finished building: default.size.stdout
arm-none-eabi-objcopy  -O binary RTC.elf  "RTC.bin"
 
Finished building: RTC.hex
Finished building: RTC.bin
 
 
Finished building: RTC.list
 
08:37:10 **** Incremental Build of configuration Debug for project RTC ****
make -j24 all 
arm-none-eabi-gcc "../Core/Src/main.c" -mcpu=cortex-m4 -std=gnu11 -g3 -DDEBUG -DUSE_HAL_DRIVER -DSTM32F407xx -c -I../Core/Inc -I../Drivers/STM32F4xx_HAL_Driver/Inc -I../Drivers/STM32F4xx_HAL_Driver/Inc/Legacy -I../Drivers/CMSIS/Device/ST/STM32F4xx/Include -I../Drivers/CMSIS/Include -O0 -ffunction-sections -fdata-sections -Wall -fstack-usage -fcyclomatic-complexity -MMD -MP -MF"Core/Src/main.d" -MT"Core/Src/main.o" --specs=nano.specs -mfpu=fpv4-sp-d16 -mfloat-abi=hard -mthumb -o "Core/Src/main.o"
../Core/Src/main.c: In function 'RTC_DisplayTimeOnLCD':
../Core/Src/main.c:173:5: warning: implicit declaration of function 'sprintf' [-Wimplicit-function-declaration]
  173 |     sprintf(buffer, "Time: %02d:%02d:%02d", sTime.Hours, sTime.Minutes, sTime.Seconds);
      |     ^~~~~~~
../Core/Src/main.c:21:1: note: include '<stdio.h>' or provide a declaration of 'sprintf'
   20 | #include "main.h"
  +++ |+#include <stdio.h>
   21 | 
../Core/Src/main.c:173:5: warning: incompatible implicit declaration of built-in function 'sprintf' [-Wbuiltin-declaration-mismatch]
  173 |     sprintf(buffer, "Time: %02d:%02d:%02d", sTime.Hours, sTime.Minutes, sTime.Seconds);
      |     ^~~~~~~
../Core/Src/main.c:173:5: note: include '<stdio.h>' or provide a declaration of 'sprintf'
arm-none-eabi-gcc -o "RTC.elf" @"objects.list"   -mcpu=cortex-m4 -T"D:\Project\STM32_PROJECT\RTC\RTC\STM32F407VGTX_FLASH.ld" --specs=nosys.specs -Wl,-Map="RTC.map" -Wl,--gc-sections -static --specs=nano.specs -mfpu=fpv4-sp-d16 -mfloat-abi=hard -mthumb -Wl,--start-group -lc -lm -Wl,--end-group
Finished building target: RTC.elf
 
arm-none-eabi-size  RTC.elf 
arm-none-eabi-objdump -h -S RTC.elf  > "RTC.list"
   text	   data	    bss	    dec	    hex	filename
  11772	     92	   1956	  13820	   35fc	RTC.elf
arm-none-eabi-objcopy  -O ihex RTC.elf  "RTC.hex"
Finished building: default.size.stdout
arm-none-eabi-objcopy  -O binary RTC.elf  "RTC.bin"
 
Finished building: RTC.hex
Finished building: RTC.bin
 
 
Finished building: RTC.list
 
08:38:17 **** Incremental Build of configuration Debug for project RTC ****
make -j24 all 
arm-none-eabi-gcc "../Core/Src/main.c" -mcpu=cortex-m4 -std=gnu11 -g3 -DDEBUG -DUSE_HAL_DRIVER -DSTM32F407xx -c -I../Core/Inc -I../Drivers/STM32F4xx_HAL_Driver/Inc -I../Drivers/STM32F4xx_HAL_Driver/Inc/Legacy -I../Drivers/CMSIS/Device/ST/STM32F4xx/Include -I../Drivers/CMSIS/Include -O0 -ffunction-sections -fdata-sections -Wall -fstack-usage -fcyclomatic-complexity -MMD -MP -MF"Core/Src/main.d" -MT"Core/Src/main.o" --specs=nano.specs -mfpu=fpv4-sp-d16 -mfloat-abi=hard -mthumb -o "Core/Src/main.o"
../Core/Src/main.c: In function 'RTC_DisplayTimeOnLCD':
../Core/Src/main.c:170:5: warning: implicit declaration of function 'sprintf' [-Wimplicit-function-declaration]
  170 |     sprintf(buffer, "Time: %02d:%02d:%02d", sTime.Hours, sTime.Minutes, sTime.Seconds);
      |     ^~~~~~~
../Core/Src/main.c:21:1: note: include '<stdio.h>' or provide a declaration of 'sprintf'
   20 | #include "main.h"
  +++ |+#include <stdio.h>
   21 | 
../Core/Src/main.c:170:5: warning: incompatible implicit declaration of built-in function 'sprintf' [-Wbuiltin-declaration-mismatch]
  170 |     sprintf(buffer, "Time: %02d:%02d:%02d", sTime.Hours, sTime.Minutes, sTime.Seconds);
      |     ^~~~~~~
../Core/Src/main.c:170:5: note: include '<stdio.h>' or provide a declaration of 'sprintf'
arm-none-eabi-gcc -o "RTC.elf" @"objects.list"   -mcpu=cortex-m4 -T"D:\Project\STM32_PROJECT\RTC\RTC\STM32F407VGTX_FLASH.ld" --specs=nosys.specs -Wl,-Map="RTC.map" -Wl,--gc-sections -static --specs=nano.specs -mfpu=fpv4-sp-d16 -mfloat-abi=hard -mthumb -Wl,--start-group -lc -lm -Wl,--end-group
Finished building target: RTC.elf
 
arm-none-eabi-size  RTC.elf 
arm-none-eabi-objdump -h -S RTC.elf  > "RTC.list"
   text	   data	    bss	    dec	    hex	filename
  11772	     92	   1956	  13820	   35fc	RTC.elf
arm-none-eabi-objcopy  -O ihex RTC.elf  "RTC.hex"
Finished building: default.size.stdout
arm-none-eabi-objcopy  -O binary RTC.elf  "RTC.bin"
 
Finished building: RTC.hex
Finished building: RTC.bin
Finished building: RTC.list
 
 
 
08:38:30 **** Incremental Build of configuration Debug for project RTC ****
make -j24 all 
arm-none-eabi-gcc "../Core/Src/main.c" -mcpu=cortex-m4 -std=gnu11 -g3 -DDEBUG -DUSE_HAL_DRIVER -DSTM32F407xx -c -I../Core/Inc -I../Drivers/STM32F4xx_HAL_Driver/Inc -I../Drivers/STM32F4xx_HAL_Driver/Inc/Legacy -I../Drivers/CMSIS/Device/ST/STM32F4xx/Include -I../Drivers/CMSIS/Include -O0 -ffunction-sections -fdata-sections -Wall -fstack-usage -fcyclomatic-complexity -MMD -MP -MF"Core/Src/main.d" -MT"Core/Src/main.o" --specs=nano.specs -mfpu=fpv4-sp-d16 -mfloat-abi=hard -mthumb -o "Core/Src/main.o"
../Core/Src/main.c: In function 'RTC_DisplayTimeOnLCD':
../Core/Src/main.c:170:5: warning: implicit declaration of function 'sprintf' [-Wimplicit-function-declaration]
  170 |     sprintf(buffer, "Time: %02d:%02d:%02d", sTime.Hours, sTime.Minutes, sTime.Seconds);
      |     ^~~~~~~
../Core/Src/main.c:21:1: note: include '<stdio.h>' or provide a declaration of 'sprintf'
   20 | #include "main.h"
  +++ |+#include <stdio.h>
   21 | 
../Core/Src/main.c:170:5: warning: incompatible implicit declaration of built-in function 'sprintf' [-Wbuiltin-declaration-mismatch]
  170 |     sprintf(buffer, "Time: %02d:%02d:%02d", sTime.Hours, sTime.Minutes, sTime.Seconds);
      |     ^~~~~~~
../Core/Src/main.c:170:5: note: include '<stdio.h>' or provide a declaration of 'sprintf'
arm-none-eabi-gcc -o "RTC.elf" @"objects.list"   -mcpu=cortex-m4 -T"D:\Project\STM32_PROJECT\RTC\RTC\STM32F407VGTX_FLASH.ld" --specs=nosys.specs -Wl,-Map="RTC.map" -Wl,--gc-sections -static --specs=nano.specs -mfpu=fpv4-sp-d16 -mfloat-abi=hard -mthumb -Wl,--start-group -lc -lm -Wl,--end-group
Finished building target: RTC.elf
 
arm-none-eabi-size  RTC.elf 
arm-none-eabi-objdump -h -S RTC.elf  > "RTC.list"
   text	   data	    bss	    dec	    hex	filename
  11772	     92	   1956	  13820	   35fc	RTC.elf
arm-none-eabi-objcopy  -O ihex RTC.elf  "RTC.hex"
Finished building: default.size.stdout
arm-none-eabi-objcopy  -O binary RTC.elf  "RTC.bin"
 
Finished building: RTC.hex
Finished building: RTC.bin
Finished building: RTC.list
 
 
 
08:38:53 **** Incremental Build of configuration Debug for project RTC ****
make -j24 all 
arm-none-eabi-gcc "../Core/Src/main.c" -mcpu=cortex-m4 -std=gnu11 -g3 -DDEBUG -DUSE_HAL_DRIVER -DSTM32F407xx -c -I../Core/Inc -I../Drivers/STM32F4xx_HAL_Driver/Inc -I../Drivers/STM32F4xx_HAL_Driver/Inc/Legacy -I../Drivers/CMSIS/Device/ST/STM32F4xx/Include -I../Drivers/CMSIS/Include -O0 -ffunction-sections -fdata-sections -Wall -fstack-usage -fcyclomatic-complexity -MMD -MP -MF"Core/Src/main.d" -MT"Core/Src/main.o" --specs=nano.specs -mfpu=fpv4-sp-d16 -mfloat-abi=hard -mthumb -o "Core/Src/main.o"
../Core/Src/main.c: In function 'RTC_DisplayTimeOnLCD':
../Core/Src/main.c:170:5: warning: implicit declaration of function 'sprintf' [-Wimplicit-function-declaration]
  170 |     sprintf(buffer, "Time: %02d:%02d:%02d", sTime.Hours, sTime.Minutes, sTime.Seconds);
      |     ^~~~~~~
../Core/Src/main.c:21:1: note: include '<stdio.h>' or provide a declaration of 'sprintf'
   20 | #include "main.h"
  +++ |+#include <stdio.h>
   21 | 
../Core/Src/main.c:170:5: warning: incompatible implicit declaration of built-in function 'sprintf' [-Wbuiltin-declaration-mismatch]
  170 |     sprintf(buffer, "Time: %02d:%02d:%02d", sTime.Hours, sTime.Minutes, sTime.Seconds);
      |     ^~~~~~~
../Core/Src/main.c:170:5: note: include '<stdio.h>' or provide a declaration of 'sprintf'
arm-none-eabi-gcc -o "RTC.elf" @"objects.list"   -mcpu=cortex-m4 -T"D:\Project\STM32_PROJECT\RTC\RTC\STM32F407VGTX_FLASH.ld" --specs=nosys.specs -Wl,-Map="RTC.map" -Wl,--gc-sections -static --specs=nano.specs -mfpu=fpv4-sp-d16 -mfloat-abi=hard -mthumb -Wl,--start-group -lc -lm -Wl,--end-group
Finished building target: RTC.elf
 
arm-none-eabi-size  RTC.elf 
arm-none-eabi-objdump -h -S RTC.elf  > "RTC.list"
   text	   data	    bss	    dec	    hex	filename
  11660	     92	   1956	  13708	   358c	RTC.elf
arm-none-eabi-objcopy  -O ihex RTC.elf  "RTC.hex"
Finished building: default.size.stdout
arm-none-eabi-objcopy  -O binary RTC.elf  "RTC.bin"
 
Finished building: RTC.hex
Finished building: RTC.list
Finished building: RTC.bin
 
 
 
08:39:33 **** Incremental Build of configuration Debug for project RTC ****
make -j24 all 
arm-none-eabi-gcc "../Core/Src/main.c" -mcpu=cortex-m4 -std=gnu11 -g3 -DDEBUG -DUSE_HAL_DRIVER -DSTM32F407xx -c -I../Core/Inc -I../Drivers/STM32F4xx_HAL_Driver/Inc -I../Drivers/STM32F4xx_HAL_Driver/Inc/Legacy -I../Drivers/CMSIS/Device/ST/STM32F4xx/Include -I../Drivers/CMSIS/Include -O0 -ffunction-sections -fdata-sections -Wall -fstack-usage -fcyclomatic-complexity -MMD -MP -MF"Core/Src/main.d" -MT"Core/Src/main.o" --specs=nano.specs -mfpu=fpv4-sp-d16 -mfloat-abi=hard -mthumb -o "Core/Src/main.o"
../Core/Src/main.c: In function 'RTC_DisplayTimeOnLCD':
../Core/Src/main.c:170:5: warning: implicit declaration of function 'sprintf' [-Wimplicit-function-declaration]
  170 |     sprintf(buffer, "Time: %02d:%02d:%02d", sTime.Hours, sTime.Minutes, sTime.Seconds);
      |     ^~~~~~~
../Core/Src/main.c:21:1: note: include '<stdio.h>' or provide a declaration of 'sprintf'
   20 | #include "main.h"
  +++ |+#include <stdio.h>
   21 | 
../Core/Src/main.c:170:5: warning: incompatible implicit declaration of built-in function 'sprintf' [-Wbuiltin-declaration-mismatch]
  170 |     sprintf(buffer, "Time: %02d:%02d:%02d", sTime.Hours, sTime.Minutes, sTime.Seconds);
      |     ^~~~~~~
../Core/Src/main.c:170:5: note: include '<stdio.h>' or provide a declaration of 'sprintf'
arm-none-eabi-gcc -o "RTC.elf" @"objects.list"   -mcpu=cortex-m4 -T"D:\Project\STM32_PROJECT\RTC\RTC\STM32F407VGTX_FLASH.ld" --specs=nosys.specs -Wl,-Map="RTC.map" -Wl,--gc-sections -static --specs=nano.specs -mfpu=fpv4-sp-d16 -mfloat-abi=hard -mthumb -Wl,--start-group -lc -lm -Wl,--end-group
Finished building target: RTC.elf
 
arm-none-eabi-size  RTC.elf 
arm-none-eabi-objdump -h -S RTC.elf  > "RTC.list"
   text	   data	    bss	    dec	    hex	filename
  11392	     92	   1956	  13440	   3480	RTC.elf
arm-none-eabi-objcopy  -O ihex RTC.elf  "RTC.hex"
Finished building: default.size.stdout
arm-none-eabi-objcopy  -O binary RTC.elf  "RTC.bin"
 
Finished building: RTC.hex
 
Finished building: RTC.bin
 
Finished building: RTC.list
 
