00:11:55 **** Incremental Build of configuration Debug for project UART ****
make -j24 all 
arm-none-eabi-gcc "../Core/Src/main.c" -mcpu=cortex-m4 -std=gnu11 -g3 -DDEBUG -DUSE_HAL_DRIVER -DSTM32F407xx -c -I../Core/Inc -I../Drivers/STM32F4xx_HAL_Driver/Inc -I../Drivers/STM32F4xx_HAL_Driver/Inc/Legacy -I../Drivers/CMSIS/Device/ST/STM32F4xx/Include -I../Drivers/CMSIS/Include -O0 -ffunction-sections -fdata-sections -Wall -fstack-usage -fcyclomatic-complexity -MMD -MP -MF"Core/Src/main.d" -MT"Core/Src/main.o" --specs=nano.specs -mfpu=fpv4-sp-d16 -mfloat-abi=hard -mthumb -o "Core/Src/main.o"
../Core/Src/main.c: In function 'main':
../Core/Src/main.c:95:52: warning: implicit declaration of function 'strlen' [-Wimplicit-function-declaration]
   95 |         HAL_UART_Transmit(&huart1, (uint8_t*) msg, strlen(msg), HAL_MAX_DELAY);
      |                                                    ^~~~~~
../Core/Src/main.c:21:1: note: include '<string.h>' or provide a declaration of 'strlen'
   20 | #include "main.h"
  +++ |+#include <string.h>
   21 | 
../Core/Src/main.c:95:52: warning: incompatible implicit declaration of built-in function 'strlen' [-Wbuiltin-declaration-mismatch]
   95 |         HAL_UART_Transmit(&huart1, (uint8_t*) msg, strlen(msg), HAL_MAX_DELAY);
      |                                                    ^~~~~~
../Core/Src/main.c:95:52: note: include '<string.h>' or provide a declaration of 'strlen'
arm-none-eabi-gcc -o "UART.elf" @"objects.list"   -mcpu=cortex-m4 -T"D:\Project\STM32_PROJECT\UART\UART\STM32F407VGTX_FLASH.ld" --specs=nosys.specs -Wl,-Map="UART.map" -Wl,--gc-sections -static --specs=nano.specs -mfpu=fpv4-sp-d16 -mfloat-abi=hard -mthumb -Wl,--start-group -lc -lm -Wl,--end-group
Finished building target: UART.elf
 
arm-none-eabi-size  UART.elf 
arm-none-eabi-objdump -h -S UART.elf  > "UART.list"
   text	   data	    bss	    dec	    hex	filename
   8052	     12	   1644	   9708	   25ec	UART.elf
arm-none-eabi-objcopy  -O ihex UART.elf  "UART.hex"
Finished building: default.size.stdout
arm-none-eabi-objcopy  -O binary UART.elf  "UART.bin"
 
Finished building: UART.hex
Finished building: UART.bin
Finished building: UART.list
 
 
 

00:11:56 Build Finished. 0 errors, 2 warnings. (took 914ms)

