14:24:46 **** Incremental Build of configuration Debug for project Throttle_Detection ****
make -j24 all 
arm-none-eabi-gcc "../Core/Src/main.c" -mcpu=cortex-m4 -std=gnu11 -g3 -DDEBUG -DUSE_HAL_DRIVER -DSTM32F407xx -c -I../Core/Inc -I../Drivers/STM32F4xx_HAL_Driver/Inc -I../Drivers/STM32F4xx_HAL_Driver/Inc/Legacy -I../Drivers/CMSIS/Device/ST/STM32F4xx/Include -I../Drivers/CMSIS/Include -O0 -ffunction-sections -fdata-sections -Wall -fstack-usage -fcyclomatic-complexity -MMD -MP -MF"Core/Src/main.d" -MT"Core/Src/main.o" --specs=nano.specs -mfpu=fpv4-sp-d16 -mfloat-abi=hard -mthumb -o "Core/Src/main.o"
arm-none-eabi-gcc -o "Throttle_Detection.elf" @"objects.list"   -mcpu=cortex-m4 -T"D:\Project\STM32_PROJECT\Throttle_Detection\Throttle_Detection\STM32F407VGTX_FLASH.ld" --specs=nosys.specs -Wl,-Map="Throttle_Detection.map" -Wl,--gc-sections -static --specs=nano.specs -mfpu=fpv4-sp-d16 -mfloat-abi=hard -mthumb -Wl,--start-group -lc -lm -Wl,--end-group
Finished building target: Throttle_Detection.elf
 
arm-none-eabi-size  Throttle_Detection.elf 
arm-none-eabi-objdump -h -S Throttle_Detection.elf  > "Throttle_Detection.list"
   text	   data	    bss	    dec	    hex	filename
   6356	     12	   1572	   7940	   1f04	Throttle_Detection.elf
arm-none-eabi-objcopy  -O ihex Throttle_Detection.elf  "Throttle_Detection.hex"
arm-none-eabi-objcopy  -O binary Throttle_Detection.elf  "Throttle_Detection.bin"
Finished building: default.size.stdout
 
Finished building: Throttle_Detection.hex
Finished building: Throttle_Detection.bin
 
Finished building: Throttle_Detection.list
 
 

14:24:46 Build Finished. 0 errors, 0 warnings. (took 498ms)

