../Core/Src/main.c:76:6:LCD_Init	8	static
../Core/Src/main.c:88:6:LCD_Command	16	static
../Core/Src/main.c:96:6:LCD_Char	16	static
../Core/Src/main.c:104:6:LCD_String	16	static
../Core/Src/main.c:111:6:LCD_SetCursor	24	static
../Core/Src/main.c:117:6:LCD_Clear	8	static
../Core/Src/main.c:123:6:LCD_Send4Bits	16	static
../Core/Src/main.c:133:6:LCD_EnablePulse	8	static
../Core/Src/main.c:141:19:EEPROM_WriteByte	32	static
../Core/Src/main.c:147:19:EEPROM_ReadByte	24	static
../Core/Src/main.c:154:6:Read_Display_EEPROM	32	static
../Core/Src/main.c:176:5:main	8	static
../Core/Src/main.c:231:6:SystemClock_Config	88	static
../Core/Src/main.c:273:13:MX_I2C1_Init	8	static
../Core/Src/main.c:307:13:MX_GPIO_Init	40	static
../Core/Src/main.c:342:6:Error_Handler	4	static,ignoring_inline_asm
